../Core/Src/BMP280.c:80:19:read_data	32	static
../Core/Src/BMP280.c:64:13:read_register16	40	static
../Core/Src/BMP280.c:150:12:write_register8	32	static
../Core/Src/BMP280.c:51:6:bmp280_init_default_params	0	static
../Core/Src/BMP280.c:163:6:BMP280_Init	24	static
../Core/Src/BMP280.c:233:6:bmp280_force_measurement	16	static
../Core/Src/BMP280.c:245:6:bmp280_is_measuring	16	static
../Core/Src/BMP280.c:325:6:bmp280_read_fixed	64	static
../Core/Src/BMP280.c:363:6:bmp280_read_float	32	static
../Core/Src/BMP280.c:383:7:pressureToAltitude	8	static
../Core/Src/BMP280.c:391:6:Process_BMP280	24	static
