../Core/Src/filters.c:21:7:pt1FilterGain	0	static
../Core/Src/filters.c:28:7:pt1FilterGainFromDelay	0	static
../Core/Src/filters.c:39:6:pt1FilterInit	0	static
../Core/Src/filters.c:45:6:pt1FilterUpdateCutoff	0	static
../Core/Src/filters.c:50:7:pt1FilterApply	0	static
../Core/Src/filters.c:74:7:pt2FilterGain	0	static
../Core/Src/filters.c:84:7:pt2FilterGainFromDelay	0	static
../Core/Src/filters.c:95:6:pt2FilterInit	0	static
../Core/Src/filters.c:102:6:pt2FilterUpdateCutoff	0	static
../Core/Src/filters.c:107:7:pt2FilterApply	0	static
../Core/Src/filters.c:118:7:pt3FilterGain	0	static
../Core/Src/filters.c:128:7:pt3FilterGainFromDelay	0	static
../Core/Src/filters.c:139:6:pt3FilterInit	0	static
../Core/Src/filters.c:147:6:pt3FilterUpdateCutoff	0	static
../Core/Src/filters.c:152:7:pt3FilterApply	0	static
../Core/Src/filters.c:160:6:ComplementaryFilterInit	0	static
../Core/Src/filters.c:165:7:ComplementaryFilter	0	static
../Core/Src/filters.c:174:6:laggedMovingAverageInit	16	static
../Core/Src/filters.c:184:7:laggedMovingAverageUpdate	0	static
