../Core/Src/main.c:127:6:HAL_UARTEx_RxEventCallback	8	static
../Core/Src/main.c:160:6:HAL_UART_ErrorCallback	8	static
../Core/Src/main.c:180:6:HAL_ADC_ConvCpltCallback	8	static
../Core/Src/main.c:198:6:HAL_TIM_PeriodElapsedCallback	0	static
../Core/Src/main.c:317:6:PROCCESS_PID	40	static
../Core/Src/main.c:210:6:HAL_GPIO_EXTI_Callback	56	static,ignoring_inline_asm
../Core/Src/main.c:544:6:SystemClock_Config	88	static,ignoring_inline_asm
../Core/Src/main.c:442:5:main	24	static,ignoring_inline_asm
../Core/Src/main.c:629:6:Error_Handler	0	static,ignoring_inline_asm
