Archive member included to satisfy reference by file (symbol)

C:/ST/STM32CubeIDE_1.15.0/STM32CubeIDE/plugins/com.st.stm32cube.ide.mcu.externaltools.gnu-tools-for-stm32.12.3.rel1.win32_1.0.200.202406191623/tools/bin/../lib/gcc/arm-none-eabi/12.3.1/../../../../arm-none-eabi/lib/thumb/v7e-m+fp/hard\libc_nano.a(libc_a-exit.o)
                              C:/ST/STM32CubeIDE_1.15.0/STM32CubeIDE/plugins/com.st.stm32cube.ide.mcu.externaltools.gnu-tools-for-stm32.12.3.rel1.win32_1.0.200.202406191623/tools/bin/../lib/gcc/arm-none-eabi/12.3.1/../../../../arm-none-eabi/lib/thumb/v7e-m+fp/hard/crt0.o (exit)
C:/ST/STM32CubeIDE_1.15.0/STM32CubeIDE/plugins/com.st.stm32cube.ide.mcu.externaltools.gnu-tools-for-stm32.12.3.rel1.win32_1.0.200.202406191623/tools/bin/../lib/gcc/arm-none-eabi/12.3.1/../../../../arm-none-eabi/lib/thumb/v7e-m+fp/hard\libc_nano.a(libc_a-ctype_.o)
                              ./Core/Src/CommonMath/gps_conversion.o (_ctype_)
C:/ST/STM32CubeIDE_1.15.0/STM32CubeIDE/plugins/com.st.stm32cube.ide.mcu.externaltools.gnu-tools-for-stm32.12.3.rel1.win32_1.0.200.202406191623/tools/bin/../lib/gcc/arm-none-eabi/12.3.1/../../../../arm-none-eabi/lib/thumb/v7e-m+fp/hard\libc_nano.a(libc_a-findfp.o)
                              C:/ST/STM32CubeIDE_1.15.0/STM32CubeIDE/plugins/com.st.stm32cube.ide.mcu.externaltools.gnu-tools-for-stm32.12.3.rel1.win32_1.0.200.202406191623/tools/bin/../lib/gcc/arm-none-eabi/12.3.1/../../../../arm-none-eabi/lib/thumb/v7e-m+fp/hard\libc_nano.a(libc_a-exit.o) (__stdio_exit_handler)
C:/ST/STM32CubeIDE_1.15.0/STM32CubeIDE/plugins/com.st.stm32cube.ide.mcu.externaltools.gnu-tools-for-stm32.12.3.rel1.win32_1.0.200.202406191623/tools/bin/../lib/gcc/arm-none-eabi/12.3.1/../../../../arm-none-eabi/lib/thumb/v7e-m+fp/hard\libc_nano.a(libc_a-fwalk.o)
                              C:/ST/STM32CubeIDE_1.15.0/STM32CubeIDE/plugins/com.st.stm32cube.ide.mcu.externaltools.gnu-tools-for-stm32.12.3.rel1.win32_1.0.200.202406191623/tools/bin/../lib/gcc/arm-none-eabi/12.3.1/../../../../arm-none-eabi/lib/thumb/v7e-m+fp/hard\libc_nano.a(libc_a-findfp.o) (_fwalk_sglue)
C:/ST/STM32CubeIDE_1.15.0/STM32CubeIDE/plugins/com.st.stm32cube.ide.mcu.externaltools.gnu-tools-for-stm32.12.3.rel1.win32_1.0.200.202406191623/tools/bin/../lib/gcc/arm-none-eabi/12.3.1/../../../../arm-none-eabi/lib/thumb/v7e-m+fp/hard\libc_nano.a(libc_a-stdio.o)
                              C:/ST/STM32CubeIDE_1.15.0/STM32CubeIDE/plugins/com.st.stm32cube.ide.mcu.externaltools.gnu-tools-for-stm32.12.3.rel1.win32_1.0.200.202406191623/tools/bin/../lib/gcc/arm-none-eabi/12.3.1/../../../../arm-none-eabi/lib/thumb/v7e-m+fp/hard\libc_nano.a(libc_a-findfp.o) (__sread)
C:/ST/STM32CubeIDE_1.15.0/STM32CubeIDE/plugins/com.st.stm32cube.ide.mcu.externaltools.gnu-tools-for-stm32.12.3.rel1.win32_1.0.200.202406191623/tools/bin/../lib/gcc/arm-none-eabi/12.3.1/../../../../arm-none-eabi/lib/thumb/v7e-m+fp/hard\libc_nano.a(libc_a-memset.o)
                              C:/ST/STM32CubeIDE_1.15.0/STM32CubeIDE/plugins/com.st.stm32cube.ide.mcu.externaltools.gnu-tools-for-stm32.12.3.rel1.win32_1.0.200.202406191623/tools/bin/../lib/gcc/arm-none-eabi/12.3.1/../../../../arm-none-eabi/lib/thumb/v7e-m+fp/hard/crt0.o (memset)
C:/ST/STM32CubeIDE_1.15.0/STM32CubeIDE/plugins/com.st.stm32cube.ide.mcu.externaltools.gnu-tools-for-stm32.12.3.rel1.win32_1.0.200.202406191623/tools/bin/../lib/gcc/arm-none-eabi/12.3.1/../../../../arm-none-eabi/lib/thumb/v7e-m+fp/hard\libc_nano.a(libc_a-closer.o)
                              C:/ST/STM32CubeIDE_1.15.0/STM32CubeIDE/plugins/com.st.stm32cube.ide.mcu.externaltools.gnu-tools-for-stm32.12.3.rel1.win32_1.0.200.202406191623/tools/bin/../lib/gcc/arm-none-eabi/12.3.1/../../../../arm-none-eabi/lib/thumb/v7e-m+fp/hard\libc_nano.a(libc_a-stdio.o) (_close_r)
C:/ST/STM32CubeIDE_1.15.0/STM32CubeIDE/plugins/com.st.stm32cube.ide.mcu.externaltools.gnu-tools-for-stm32.12.3.rel1.win32_1.0.200.202406191623/tools/bin/../lib/gcc/arm-none-eabi/12.3.1/../../../../arm-none-eabi/lib/thumb/v7e-m+fp/hard\libc_nano.a(libc_a-reent.o)
                              C:/ST/STM32CubeIDE_1.15.0/STM32CubeIDE/plugins/com.st.stm32cube.ide.mcu.externaltools.gnu-tools-for-stm32.12.3.rel1.win32_1.0.200.202406191623/tools/bin/../lib/gcc/arm-none-eabi/12.3.1/../../../../arm-none-eabi/lib/thumb/v7e-m+fp/hard\libc_nano.a(libc_a-closer.o) (errno)
C:/ST/STM32CubeIDE_1.15.0/STM32CubeIDE/plugins/com.st.stm32cube.ide.mcu.externaltools.gnu-tools-for-stm32.12.3.rel1.win32_1.0.200.202406191623/tools/bin/../lib/gcc/arm-none-eabi/12.3.1/../../../../arm-none-eabi/lib/thumb/v7e-m+fp/hard\libc_nano.a(libc_a-impure.o)
                              C:/ST/STM32CubeIDE_1.15.0/STM32CubeIDE/plugins/com.st.stm32cube.ide.mcu.externaltools.gnu-tools-for-stm32.12.3.rel1.win32_1.0.200.202406191623/tools/bin/../lib/gcc/arm-none-eabi/12.3.1/../../../../arm-none-eabi/lib/thumb/v7e-m+fp/hard\libc_nano.a(libc_a-reent.o) (_impure_ptr)
[...]
Memory Configuration

Name             Origin             Length             Attributes
RAM              0x20000000         0x00040000         xrw
FLASH            0x08000000         0x00080000         xr
*default*        0x00000000         0xffffffff

Linker script and memory map

LOAD C:/ST/STM32CubeIDE_1.15.0/STM32CubeIDE/plugins/com.st.stm32cube.ide.mcu.externaltools.gnu-tools-for-stm32.12.3.rel1.win32_1.0.200.202406191623/tools/bin/../lib/gcc/arm-none-eabi/12.3.1/thumb/v7e-m+fp/hard/crti.o
LOAD C:/ST/STM32CubeIDE_1.15.0/STM32CubeIDE/plugins/com.st.stm32cube.ide.mcu.externaltools.gnu-tools-for-stm32.12.3.rel1.win32_1.0.200.202406191623/tools/bin/../lib/gcc/arm-none-eabi/12.3.1/thumb/v7e-m+fp/hard/crtbegin.o
LOAD C:/ST/STM32CubeIDE_1.15.0/STM32CubeIDE/plugins/com.st.stm32cube.ide.mcu.externaltools.gnu-tools-for-stm32.12.3.rel1.win32_1.0.200.202406191623/tools/bin/../lib/gcc/arm-none-eabi/12.3.1/../../../../arm-none-eabi/lib/thumb/v7e-m+fp/hard/crt0.o
LOAD ./Core/Src/Altitude.o
LOAD ./Core/Src/BMP280.o
LOAD ./Core/Src/Flight_System.o
LOAD ./Core/Src/ICM42688P.o
LOAD ./Core/Src/PID.o
LOAD ./Core/Src/SensorsCalibration.o
LOAD ./Core/Src/Timers.o
LOAD ./Core/Src/adc.o
LOAD ./Core/Src/crsf.o
LOAD ./Core/Src/dShot.o
LOAD ./Core/Src/dma.o
LOAD ./Core/Src/filters.o
LOAD ./Core/Src/gpio.o
LOAD ./Core/Src/i2c.o
LOAD ./Core/Src/main.o
LOAD ./Core/Src/spi.o
LOAD ./Core/Src/stm32f7xx_hal_msp.o
LOAD ./Core/Src/stm32f7xx_it.o
LOAD ./Core/Src/syscalls.o
LOAD ./Core/Src/sysmem.o
LOAD ./Core/Src/system_stm32f7xx.o
LOAD ./Core/Src/tim.o
LOAD ./Core/Src/usart.o
LOAD ./Core/Src/CommonMath/gps_conversion.o
LOAD ./Core/Src/CommonMath/maths.o
LOAD ./Core/Src/CommonMath/vector.o
LOAD ./Core/Src/drivers/dps310.o
LOAD ./Core/Src/flight/imu.o
LOAD ./Core/Src/flight/position.o
LOAD ./Core/Src/sensors/acceleration.o
LOAD ./Core/Src/sensors/adc.o
LOAD ./Core/Src/sensors/gps.o
LOAD ./Core/Src/sensors/gyro.o
LOAD ./Core/Startup/startup_stm32f722retx.o
LOAD ./Drivers/STM32F7xx_HAL_Driver/Src/stm32f7xx_hal.o
LOAD ./Drivers/STM32F7xx_HAL_Driver/Src/stm32f7xx_hal_adc.o
LOAD ./Drivers/STM32F7xx_HAL_Driver/Src/stm32f7xx_hal_adc_ex.o
LOAD ./Drivers/STM32F7xx_HAL_Driver/Src/stm32f7xx_hal_cortex.o
LOAD ./Drivers/STM32F7xx_HAL_Driver/Src/stm32f7xx_hal_dma.o
LOAD ./Drivers/STM32F7xx_HAL_Driver/Src/stm32f7xx_hal_dma_ex.o
LOAD ./Drivers/STM32F7xx_HAL_Driver/Src/stm32f7xx_hal_exti.o
LOAD ./Drivers/STM32F7xx_HAL_Driver/Src/stm32f7xx_hal_flash.o
LOAD ./Drivers/STM32F7xx_HAL_Driver/Src/stm32f7xx_hal_flash_ex.o
LOAD ./Drivers/STM32F7xx_HAL_Driver/Src/stm32f7xx_hal_gpio.o
LOAD ./Drivers/STM32F7xx_HAL_Driver/Src/stm32f7xx_hal_i2c.o
LOAD ./Drivers/STM32F7xx_HAL_Driver/Src/stm32f7xx_hal_i2c_ex.o
LOAD ./Drivers/STM32F7xx_HAL_Driver/Src/stm32f7xx_hal_pwr.o
LOAD ./Drivers/STM32F7xx_HAL_Driver/Src/stm32f7xx_hal_pwr_ex.o
LOAD ./Drivers/STM32F7xx_HAL_Driver/Src/stm32f7xx_hal_rcc.o
LOAD ./Drivers/STM32F7xx_HAL_Driver/Src/stm32f7xx_hal_rcc_ex.o
LOAD ./Drivers/STM32F7xx_HAL_Driver/Src/stm32f7xx_hal_spi.o
LOAD ./Drivers/STM32F7xx_HAL_Driver/Src/stm32f7xx_hal_spi_ex.o
LOAD ./Drivers/STM32F7xx_HAL_Driver/Src/stm32f7xx_hal_tim.o
LOAD ./Drivers/STM32F7xx_HAL_Driver/Src/stm32f7xx_hal_tim_ex.o
LOAD ./Drivers/STM32F7xx_HAL_Driver/Src/stm32f7xx_hal_uart.o
LOAD ./Drivers/STM32F7xx_HAL_Driver/Src/stm32f7xx_hal_uart_ex.o
START GROUP
LOAD C:/ST/STM32CubeIDE_1.15.0/STM32CubeIDE/plugins/com.st.stm32cube.ide.mcu.externaltools.gnu-tools-for-stm32.12.3.rel1.win32_1.0.200.202406191623/tools/bin/../lib/gcc/arm-none-eabi/12.3.1/../../../../arm-none-eabi/lib/thumb/v7e-m+fp/hard\libc_nano.a
LOAD C:/ST/STM32CubeIDE_1.15.0/STM32CubeIDE/plugins/com.st.stm32cube.ide.mcu.externaltools.gnu-tools-for-stm32.12.3.rel1.win32_1.0.200.202406191623/tools/bin/../lib/gcc/arm-none-eabi/12.3.1/../../../../arm-none-eabi/lib/thumb/v7e-m+fp/hard\libm.a
END GROUP
START GROUP
LOAD C:/ST/STM32CubeIDE_1.15.0/STM32CubeIDE/plugins/com.st.stm32cube.ide.mcu.externaltools.gnu-tools-for-stm32.12.3.rel1.win32_1.0.200.202406191623/tools/bin/../lib/gcc/arm-none-eabi/12.3.1/thumb/v7e-m+fp/hard\libgcc.a
LOAD C:/ST/STM32CubeIDE_1.15.0/STM32CubeIDE/plugins/com.st.stm32cube.ide.mcu.externaltools.gnu-tools-for-stm32.12.3.rel1.win32_1.0.200.202406191623/tools/bin/../lib/gcc/arm-none-eabi/12.3.1/../../../../arm-none-eabi/lib/thumb/v7e-m+fp/hard\libc_nano.a
END GROUP
START GROUP
LOAD C:/ST/STM32CubeIDE_1.15.0/STM32CubeIDE/plugins/com.st.stm32cube.ide.mcu.externaltools.gnu-tools-for-stm32.12.3.rel1.win32_1.0.200.202406191623/tools/bin/../lib/gcc/arm-none-eabi/12.3.1/thumb/v7e-m+fp/hard\libgcc.a
LOAD C:/ST/STM32CubeIDE_1.15.0/STM32CubeIDE/plugins/com.st.stm32cube.ide.mcu.externaltools.gnu-tools-for-stm32.12.3.rel1.win32_1.0.200.202406191623/tools/bin/../lib/gcc/arm-none-eabi/12.3.1/../../../../arm-none-eabi/lib/thumb/v7e-m+fp/hard\libc_nano.a
LOAD C:/ST/STM32CubeIDE_1.15.0/STM32CubeIDE/plugins/com.st.stm32cube.ide.mcu.externaltools.gnu-tools-for-stm32.12.3.rel1.win32_1.0.200.202406191623/tools/bin/../lib/gcc/arm-none-eabi/12.3.1/../../../../arm-none-eabi/lib/thumb/v7e-m+fp/hard\libnosys.a
END GROUP
START GROUP
LOAD C:/ST/STM32CubeIDE_1.15.0/STM32CubeIDE/plugins/com.st.stm32cube.ide.mcu.externaltools.gnu-tools-for-stm32.12.3.rel1.win32_1.0.200.202406191623/tools/bin/../lib/gcc/arm-none-eabi/12.3.1/thumb/v7e-m+fp/hard\libgcc.a
LOAD C:/ST/STM32CubeIDE_1.15.0/STM32CubeIDE/plugins/com.st.stm32cube.ide.mcu.externaltools.gnu-tools-for-stm32.12.3.rel1.win32_1.0.200.202406191623/tools/bin/../lib/gcc/arm-none-eabi/12.3.1/../../../../arm-none-eabi/lib/thumb/v7e-m+fp/hard\libc_nano.a
LOAD C:/ST/STM32CubeIDE_1.15.0/STM32CubeIDE/plugins/com.st.stm32cube.ide.mcu.externaltools.gnu-tools-for-stm32.12.3.rel1.win32_1.0.200.202406191623/tools/bin/../lib/gcc/arm-none-eabi/12.3.1/../../../../arm-none-eabi/lib/thumb/v7e-m+fp/hard\libnosys.a
END GROUP
LOAD C:/ST/STM32CubeIDE_1.15.0/STM32CubeIDE/plugins/com.st.stm32cube.ide.mcu.externaltools.gnu-tools-for-stm32.12.3.rel1.win32_1.0.200.202406191623/tools/bin/../lib/gcc/arm-none-eabi/12.3.1/thumb/v7e-m+fp/hard/crtend.o
LOAD C:/ST/STM32CubeIDE_1.15.0/STM32CubeIDE/plugins/com.st.stm32cube.ide.mcu.externaltools.gnu-tools-for-stm32.12.3.rel1.win32_1.0.200.202406191623/tools/bin/../lib/gcc/arm-none-eabi/12.3.1/thumb/v7e-m+fp/hard/crtn.o
                0x20040000                        _estack = (ORIGIN (RAM) + LENGTH (RAM))
                0x00000200                        _Min_Heap_Size = 0x200
                0x00000400                        _Min_Stack_Size = 0x400

.isr_vector     0x08000000      0x1e0
                0x08000000                        . = ALIGN (0x4)
 *(.isr_vector)
 .isr_vector    0x08000000      0x1e0 ./Core/Startup/startup_stm32f722retx.o
                0x08000000                g_pfnVectors
                0x080001e0                        . = ALIGN (0x4)

.text           0x080001e0     0x8e3c
                0x080001e0                        . = ALIGN (0x4)
 *(.text)
 .text          0x080001e0       0x40 C:/ST/STM32CubeIDE_1.15.0/STM32CubeIDE/plugins/com.st.stm32cube.ide.mcu.externaltools.gnu-tools-for-stm32.12.3.rel1.win32_1.0.200.202406191623/tools/bin/../lib/gcc/arm-none-eabi/12.3.1/thumb/v7e-m+fp/hard/crtbegin.o
 .text          0x08000220      0x378 C:/ST/STM32CubeIDE_1.15.0/STM32CubeIDE/plugins/com.st.stm32cube.ide.mcu.externaltools.gnu-tools-for-stm32.12.3.rel1.win32_1.0.200.202406191623/tools/bin/../lib/gcc/arm-none-eabi/12.3.1/thumb/v7e-m+fp/hard\libgcc.a(_arm_addsubdf3.o)
                0x08000220                __aeabi_drsub
                0x08000228                __aeabi_dsub
                0x08000228                __subdf3
                0x0800022c                __aeabi_dadd
                0x0800022c                __adddf3
                0x080004a4                __floatunsidf
                0x080004a4                __aeabi_ui2d
                0x080004c4                __floatsidf
                0x080004c4                __aeabi_i2d
                0x080004e8                __aeabi_f2d
                0x080004e8                __extendsfdf2
                0x0800052c                __floatundidf
                0x0800052c                __aeabi_ul2d
                0x0800053c                __floatdidf
                0x0800053c                __aeabi_l2d
 .text          0x08000598      0x424 C:/ST/STM32CubeIDE_1.15.0/STM32CubeIDE/plugins/com.st.stm32cube.ide.mcu.externaltools.gnu-tools-for-stm32.12.3.rel1.win32_1.0.200.202406191623/tools/bin/../lib/gcc/arm-none-eabi/12.3.1/thumb/v7e-m+fp/hard\libgcc.a(_arm_muldivdf3.o)
                0x08000598                __aeabi_dmul
                0x08000598                __muldf3
                0x080007ec                __divdf3
                0x080007ec                __aeabi_ddiv
 .text          0x080009bc      0x110 C:/ST/STM32CubeIDE_1.15.0/STM32CubeIDE/plugins/com.st.stm32cube.ide.mcu.externaltools.gnu-tools-for-stm32.12.3.rel1.win32_1.0.200.202406191623/tools/bin/../lib/gcc/arm-none-eabi/12.3.1/thumb/v7e-m+fp/hard\libgcc.a(_arm_cmpdf2.o)
                0x080009bc                __gtdf2
                0x080009bc                __gedf2
                0x080009c4                __ltdf2
                0x080009c4                __ledf2
                0x080009cc                __nedf2
                0x080009cc                __eqdf2
                0x080009cc                __cmpdf2
                0x08000a48                __aeabi_cdrcmple
                0x08000a58                __aeabi_cdcmpeq
                0x08000a58                __aeabi_cdcmple
                0x08000a68                __aeabi_dcmpeq
                0x08000a7c                __aeabi_dcmplt
                0x08000a90                __aeabi_dcmple
                0x08000aa4                __aeabi_dcmpge
                0x08000ab8                __aeabi_dcmpgt
 .text          0x08000acc       0x2c C:/ST/STM32CubeIDE_1.15.0/STM32CubeIDE/plugins/com.st.stm32cube.ide.mcu.externaltools.gnu-tools-for-stm32.12.3.rel1.win32_1.0.200.202406191623/tools/bin/../lib/gcc/arm-none-eabi/12.3.1/thumb/v7e-m+fp/hard\libgcc.a(_arm_unorddf2.o)
                0x08000acc                __unorddf2
                0x08000acc                __aeabi_dcmpun
 .text          0x08000af8       0x50 C:/ST/STM32CubeIDE_1.15.0/STM32CubeIDE/plugins/com.st.stm32cube.ide.mcu.externaltools.gnu-tools-for-stm32.12.3.rel1.win32_1.0.200.202406191623/tools/bin/../lib/gcc/arm-none-eabi/12.3.1/thumb/v7e-m+fp/hard\libgcc.a(_arm_fixdfsi.o)
                0x08000af8                __aeabi_d2iz
                0x08000af8                __fixdfsi
 .text          0x08000b48       0x40 C:/ST/STM32CubeIDE_1.15.0/STM32CubeIDE/plugins/com.st.stm32cube.ide.mcu.externaltools.gnu-tools-for-stm32.12.3.rel1.win32_1.0.200.202406191623/tools/bin/../lib/gcc/arm-none-eabi/12.3.1/thumb/v7e-m+fp/hard\libgcc.a(_arm_fixunsdfsi.o)
                0x08000b48                __aeabi_d2uiz
                0x08000b48                __fixunsdfsi
 .text          0x08000b88       0xa0 C:/ST/STM32CubeIDE_1.15.0/STM32CubeIDE/plugins/com.st.stm32cube.ide.mcu.externaltools.gnu-tools-for-stm32.12.3.rel1.win32_1.0.200.202406191623/tools/bin/../lib/gcc/arm-none-eabi/12.3.1/thumb/v7e-m+fp/hard\libgcc.a(_arm_truncdfsf2.o)
                0x08000b88                __truncdfsf2
                0x08000b88                __aeabi_d2f
 .text          0x08000c28       0xa0 C:/ST/STM32CubeIDE_1.15.0/STM32CubeIDE/plugins/com.st.stm32cube.ide.mcu.externaltools.gnu-tools-for-stm32.12.3.rel1.win32_1.0.200.202406191623/tools/bin/../lib/gcc/arm-none-eabi/12.3.1/thumb/v7e-m+fp/hard\libgcc.a(_aeabi_ldivmod.o)
                0x08000c28                __aeabi_ldivmod
 .text          0x08000cc8       0x30 C:/ST/STM32CubeIDE_1.15.0/STM32CubeIDE/plugins/com.st.stm32cube.ide.mcu.externaltools.gnu-tools-for-stm32.12.3.rel1.win32_1.0.200.202406191623/tools/bin/../lib/gcc/arm-none-eabi/12.3.1/thumb/v7e-m+fp/hard\libgcc.a(_aeabi_uldivmod.o)
                0x08000cc8                __aeabi_uldivmod
 .text          0x08000cf8      0x2bc C:/ST/STM32CubeIDE_1.15.0/STM32CubeIDE/plugins/com.st.stm32cube.ide.mcu.externaltools.gnu-tools-for-stm32.12.3.rel1.win32_1.0.200.202406191623/tools/bin/../lib/gcc/arm-none-eabi/12.3.1/thumb/v7e-m+fp/hard\libgcc.a(_udivmoddi4.o)
                0x08000cf8                __udivmoddi4
 .text          0x08000fb4        0x4 C:/ST/STM32CubeIDE_1.15.0/STM32CubeIDE/plugins/com.st.stm32cube.ide.mcu.externaltools.gnu-tools-for-stm32.12.3.rel1.win32_1.0.200.202406191623/tools/bin/../lib/gcc/arm-none-eabi/12.3.1/thumb/v7e-m+fp/hard\libgcc.a(_dvmd_tls.o)
                0x08000fb4                __aeabi_idiv0
                0x08000fb4                __aeabi_ldiv0
 *(.text*)
 .text.Alt_Init
                0x08000fb8       0x74 ./Core/Src/Altitude.o
                0x08000fb8                Alt_Init
 .text.baroCalibrate
                0x0800102c       0x4c ./Core/Src/Altitude.o
                0x0800102c                baroCalibrate
 .text.isBaroReady
                0x08001078        0xc ./Core/Src/Altitude.o
                0x08001078                isBaroReady
 .text.calculateEstimatedAltitude
                0x08001084       0xd0 ./Core/Src/Altitude.o
                0x08001084                calculateEstimatedAltitude
 .text.Altitude_Data_Fusion
                0x08001154       0x98 ./Core/Src/Altitude.o
                0x08001154                Altitude_Data_Fusion
 .text.read_data
                0x080011ec       0x28 ./Core/Src/BMP280.o
 .text.read_register16
                0x08001214       0x36 ./Core/Src/BMP280.o
 .text.write_register8
                0x0800124a       0x32 ./Core/Src/BMP280.o
 .text.bmp280_init_default_params
                0x0800127c       0x18 ./Core/Src/BMP280.o
                0x0800127c                bmp280_init_default_params
 .text.BMP280_Init
                0x08001294      0x212 ./Core/Src/BMP280.o
                0x08001294                BMP280_Init
 .text.bmp280_read_fixed
                0x080014a6      0x258 ./Core/Src/BMP280.o
                0x080014a6                bmp280_read_fixed
 *fill*         0x080016fe        0x2 
 .text.bmp280_read_float
                0x08001700       0x50 ./Core/Src/BMP280.o
                0x08001700                bmp280_read_float
 .text.pressureToAltitude
                0x08001750       0x58 ./Core/Src/BMP280.o
                0x08001750                pressureToAltitude
 .text.Process_BMP280
                0x080017a8       0x74 ./Core/Src/BMP280.o
                0x080017a8                Process_BMP280
 .text.ArmingHandle
                0x0800181c       0x44 ./Core/Src/Flight_System.o
                0x0800181c                ArmingHandle
 .text.System_Mode_Handle
                0x08001860       0x28 ./Core/Src/Flight_System.o
                0x08001860                System_Mode_Handle
 .text.ICM42688_SPI_CS_LOW
                0x08001888       0x10 ./Core/Src/ICM42688P.o
                0x08001888                ICM42688_SPI_CS_LOW
 .text.ICM42688_SPI_CS_HIGH
                0x08001898       0x10 ./Core/Src/ICM42688P.o
                0x08001898                ICM42688_SPI_CS_HIGH
 .text.ICM42688_SPI_Transfer
                0x080018a8       0x28 ./Core/Src/ICM42688P.o
                0x080018a8                ICM42688_SPI_Transfer
 .text.ICM42688_SPI_Read
                0x080018d0       0x2e ./Core/Src/ICM42688P.o
                0x080018d0                ICM42688_SPI_Read
 .text.ICM42688_SPI_Write
                0x080018fe       0x1e ./Core/Src/ICM42688P.o
                0x080018fe                ICM42688_SPI_Write
 .text.ICM42688_WHO_AM_I_Test
                0x0800191c       0x20 ./Core/Src/ICM42688P.o
                0x0800191c                ICM42688_WHO_AM_I_Test
 .text.ICM42688_Init
                0x0800193c      0x238 ./Core/Src/ICM42688P.o
                0x0800193c                ICM42688_Init
 .text.ICM42688_ReadAccelGyroData
                0x08001b74       0x94 ./Core/Src/ICM42688P.o
                0x08001b74                ICM42688_ReadAccelGyroData
 .text.Accel_Angle_Convert
                0x08001c08       0xb8 ./Core/Src/ICM42688P.o
                0x08001c08                Accel_Angle_Convert
 .text.ICM42688_ReadAccData
                0x08001cc0       0x8c ./Core/Src/ICM42688P.o
                0x08001cc0                ICM42688_ReadAccData
 .text.Gyro_Angle_Convert
                0x08001d4c       0xb0 ./Core/Src/ICM42688P.o
                0x08001d4c                Gyro_Angle_Convert
 .text.ICM42688_ReadGyroData
                0x08001dfc       0x8c ./Core/Src/ICM42688P.o
                0x08001dfc                ICM42688_ReadGyroData
 .text.ICM42688_GetVelocity
                0x08001e88      0x184 ./Core/Src/ICM42688P.o
                0x08001e88                ICM42688_GetVelocity
 .text.PID_Init
                0x0800200c      0x104 ./Core/Src/PID.o
                0x0800200c                PID_Init
 .text.PID_Equation
                0x08002110      0x148 ./Core/Src/PID.o
                0x08002110                PID_Equation
 .text.Cascade_PID
                0x08002258       0x3e ./Core/Src/PID.o
                0x08002258                Cascade_PID
 .text.Calculate_Setpoint
                0x08002296       0x1a ./Core/Src/PID.o
                0x08002296                Calculate_Setpoint
 .text.accCalibration
                0x080022b0       0xac ./Core/Src/SensorsCalibration.o
                0x080022b0                accCalibration
 .text.gyroCalibration
                0x0800235c       0xb4 ./Core/Src/SensorsCalibration.o
                0x0800235c                gyroCalibration
 .text.GetMicroseconds
                0x08002410        0xe ./Core/Src/Timers.o
                0x08002410                GetMicroseconds
 *fill*         0x0800241e        0x2 
 .text.Delay_ms
                0x08002420       0x30 ./Core/Src/Timers.o
                0x08002420                Delay_ms
 .text.MX_ADC1_Init
                0x08002450       0x68 ./Core/Src/adc.o
                0x08002450                MX_ADC1_Init
 .text.HAL_ADC_MspInit
                0x080024b8       0x6c ./Core/Src/adc.o
                0x080024b8                HAL_ADC_MspInit
 .text.Packet_Type_Arrange
                0x08002524       0x4c ./Core/Src/crsf.o
                0x08002524                Packet_Type_Arrange
 .text.map_channels
                0x08002570       0xe0 ./Core/Src/crsf.o
                0x08002570                map_channels
 .text.Parse_ELRS_Channels
                0x08002650       0x54 ./Core/Src/crsf.o
                0x08002650                Parse_ELRS_Channels
 .text.dshot_dma_tc_callback
                0x080026a4       0x44 ./Core/Src/dShot.o
 .text.dshot_prepare_dmabuffer
                0x080026e8       0x42 ./Core/Src/dShot.o
 *fill*         0x0800272a        0x2 
 .text.dshot_init
                0x0800272c       0xcc ./Core/Src/dShot.o
                0x0800272c                dshot_init
 .text.dshot_write
                0x080027f8       0xb0 ./Core/Src/dShot.o
                0x080027f8                dshot_write
 .text.dshot_check_threshold
                0x080028a8       0x2c ./Core/Src/dShot.o
                0x080028a8                dshot_check_threshold
 .text.MX_DMA_Init
                0x080028d4       0x94 ./Core/Src/dma.o
                0x080028d4                MX_DMA_Init
 .text.pt1FilterGain
                0x08002968       0x20 ./Core/Src/filters.o
                0x08002968                pt1FilterGain
 .text.pt1FilterInit
                0x08002988        0xa ./Core/Src/filters.o
                0x08002988                pt1FilterInit
 .text.pt1FilterApply
                0x08002992       0x1a ./Core/Src/filters.o
                0x08002992                pt1FilterApply
 .text.pt2FilterGain
                0x080029ac       0x2c ./Core/Src/filters.o
                0x080029ac                pt2FilterGain
 .text.pt2FilterInit
                0x080029d8        0xc ./Core/Src/filters.o
                0x080029d8                pt2FilterInit
 .text.pt2FilterApply
                0x080029e4       0x26 ./Core/Src/filters.o
                0x080029e4                pt2FilterApply
 *fill*         0x08002a0a        0x2 
 .text.pt3FilterGain
                0x08002a0c       0x2c ./Core/Src/filters.o
                0x08002a0c                pt3FilterGain
 .text.pt3FilterInit
                0x08002a38        0xe ./Core/Src/filters.o
                0x08002a38                pt3FilterInit
 .text.pt3FilterApply
                0x08002a46       0x3a ./Core/Src/filters.o
                0x08002a46                pt3FilterApply
 .text.ComplementaryFilterInit
                0x08002a80        0x6 ./Core/Src/filters.o
                0x08002a80                ComplementaryFilterInit
 .text.laggedMovingAverageInit
                0x08002a86       0x1e ./Core/Src/filters.o
                0x08002a86                laggedMovingAverageInit
 .text.laggedMovingAverageUpdate
                0x08002aa4       0x54 ./Core/Src/filters.o
                0x08002aa4                laggedMovingAverageUpdate
 .text.MX_GPIO_Init
                0x08002af8       0xf8 ./Core/Src/gpio.o
                0x08002af8                MX_GPIO_Init
 .text.MX_I2C1_Init
                0x08002bf0       0x58 ./Core/Src/i2c.o
                0x08002bf0                MX_I2C1_Init
 .text.HAL_I2C_MspInit
                0x08002c48       0x88 ./Core/Src/i2c.o
                0x08002c48                HAL_I2C_MspInit
 .text.HAL_UARTEx_RxEventCallback
                0x08002cd0       0x74 ./Core/Src/main.o
                0x08002cd0                HAL_UARTEx_RxEventCallback
 .text.HAL_UART_ErrorCallback
                0x08002d44       0x54 ./Core/Src/main.o
                0x08002d44                HAL_UART_ErrorCallback
 .text.HAL_ADC_ConvCpltCallback
                0x08002d98       0x30 ./Core/Src/main.o
                0x08002d98                HAL_ADC_ConvCpltCallback
 .text.HAL_TIM_PeriodElapsedCallback
                0x08002dc8        0x2 ./Core/Src/main.o
                0x08002dc8                HAL_TIM_PeriodElapsedCallback
 *fill*         0x08002dca        0x6 
 .text.PROCCESS_PID
                0x08002dd0      0x2e0 ./Core/Src/main.o
                0x08002dd0                PROCCESS_PID
 .text.HAL_GPIO_EXTI_Callback
                0x080030b0      0x22c ./Core/Src/main.o
                0x080030b0                HAL_GPIO_EXTI_Callback
 .text.SystemClock_Config
                0x080032dc       0xa8 ./Core/Src/main.o
                0x080032dc                SystemClock_Config
 .text.startup.main
                0x08003384      0x208 ./Core/Src/main.o
                0x08003384                main
 .text.Error_Handler
                0x0800358c        0x4 ./Core/Src/main.o
                0x0800358c                Error_Handler
 .text.MX_SPI1_Init
                0x08003590       0x50 ./Core/Src/spi.o
                0x08003590                MX_SPI1_Init
 .text.HAL_SPI_MspInit
                0x080035e0       0x64 ./Core/Src/spi.o
                0x080035e0                HAL_SPI_MspInit
 .text.HAL_MspInit
                0x08003644       0x30 ./Core/Src/stm32f7xx_hal_msp.o
                0x08003644                HAL_MspInit
 .text.NMI_Handler
                0x08003674        0x2 ./Core/Src/stm32f7xx_it.o
                0x08003674                NMI_Handler
 .text.HardFault_Handler
                0x08003676        0x2 ./Core/Src/stm32f7xx_it.o
                0x08003676                HardFault_Handler
 .text.MemManage_Handler
                0x08003678        0x2 ./Core/Src/stm32f7xx_it.o
                0x08003678                MemManage_Handler
 .text.BusFault_Handler
                0x0800367a        0x2 ./Core/Src/stm32f7xx_it.o
                0x0800367a                BusFault_Handler
 .text.UsageFault_Handler
                0x0800367c        0x2 ./Core/Src/stm32f7xx_it.o
                0x0800367c                UsageFault_Handler
 .text.SVC_Handler
                0x0800367e        0x2 ./Core/Src/stm32f7xx_it.o
                0x0800367e                SVC_Handler
 .text.DebugMon_Handler
                0x08003680        0x2 ./Core/Src/stm32f7xx_it.o
                0x08003680                DebugMon_Handler
 .text.PendSV_Handler
                0x08003682        0x2 ./Core/Src/stm32f7xx_it.o
                0x08003682                PendSV_Handler
 .text.SysTick_Handler
                0x08003684        0x4 ./Core/Src/stm32f7xx_it.o
                0x08003684                SysTick_Handler
 .text.EXTI0_IRQHandler
                0x08003688        0x6 ./Core/Src/stm32f7xx_it.o
                0x08003688                EXTI0_IRQHandler
 .text.EXTI4_IRQHandler
                0x0800368e        0x6 ./Core/Src/stm32f7xx_it.o
                0x0800368e                EXTI4_IRQHandler
 .text.DMA1_Stream0_IRQHandler
                0x08003694        0xc ./Core/Src/stm32f7xx_it.o
                0x08003694                DMA1_Stream0_IRQHandler
 .text.DMA1_Stream2_IRQHandler
                0x080036a0        0xc ./Core/Src/stm32f7xx_it.o
                0x080036a0                DMA1_Stream2_IRQHandler
 .text.ADC_IRQHandler
                0x080036ac        0xc ./Core/Src/stm32f7xx_it.o
                0x080036ac                ADC_IRQHandler
 .text.USART1_IRQHandler
                0x080036b8        0xc ./Core/Src/stm32f7xx_it.o
                0x080036b8                USART1_IRQHandler
 .text.DMA1_Stream7_IRQHandler
                0x080036c4        0xc ./Core/Src/stm32f7xx_it.o
                0x080036c4                DMA1_Stream7_IRQHandler
 .text.UART5_IRQHandler
                0x080036d0        0xc ./Core/Src/stm32f7xx_it.o
                0x080036d0                UART5_IRQHandler
 .text.TIM7_IRQHandler
                0x080036dc        0xc ./Core/Src/stm32f7xx_it.o
                0x080036dc                TIM7_IRQHandler
 .text.DMA2_Stream1_IRQHandler
                0x080036e8        0xc ./Core/Src/stm32f7xx_it.o
                0x080036e8                DMA2_Stream1_IRQHandler
 .text.DMA2_Stream2_IRQHandler
                0x080036f4        0xc ./Core/Src/stm32f7xx_it.o
                0x080036f4                DMA2_Stream2_IRQHandler
 .text.DMA2_Stream5_IRQHandler
                0x08003700        0xc ./Core/Src/stm32f7xx_it.o
                0x08003700                DMA2_Stream5_IRQHandler
 .text.SystemInit
                0x0800370c       0x14 ./Core/Src/system_stm32f7xx.o
                0x0800370c                SystemInit
 .text.MX_TIM6_Init
                0x08003720       0x48 ./Core/Src/tim.o
                0x08003720                MX_TIM6_Init
 .text.MX_TIM7_Init
                0x08003768       0x48 ./Core/Src/tim.o
                0x08003768                MX_TIM7_Init
 .text.HAL_TIM_PWM_MspInit
                0x080037b0      0x198 ./Core/Src/tim.o
                0x080037b0                HAL_TIM_PWM_MspInit
 .text.HAL_TIM_Base_MspInit
                0x08003948       0x60 ./Core/Src/tim.o
                0x08003948                HAL_TIM_Base_MspInit
 .text.HAL_TIM_MspPostInit
                0x080039a8       0x88 ./Core/Src/tim.o
                0x080039a8                HAL_TIM_MspPostInit
 .text.MX_TIM1_Init
                0x08003a30       0xc4 ./Core/Src/tim.o
                0x08003a30                MX_TIM1_Init
 .text.MX_TIM3_Init
                0x08003af4       0x84 ./Core/Src/tim.o
                0x08003af4                MX_TIM3_Init
 .text.MX_UART5_Init
                0x08003b78       0x3c ./Core/Src/usart.o
                0x08003b78                MX_UART5_Init
 .text.MX_USART1_UART_Init
                0x08003bb4       0x48 ./Core/Src/usart.o
                0x08003bb4                MX_USART1_UART_Init
 .text.HAL_UART_MspInit
                0x08003bfc      0x1c0 ./Core/Src/usart.o
                0x08003bfc                HAL_UART_MspInit
 .text.Disable_Uart1_Half_Callback
                0x08003dbc       0x14 ./Core/Src/usart.o
                0x08003dbc                Disable_Uart1_Half_Callback
 .text.Disable_Uart5_Half_Callback
                0x08003dd0       0x14 ./Core/Src/usart.o
                0x08003dd0                Disable_Uart5_Half_Callback
 .text.sin_approx
                0x08003de4       0xc4 ./Core/Src/CommonMath/maths.o
                0x08003de4                sin_approx
 .text.cos_approx
                0x08003ea8       0x10 ./Core/Src/CommonMath/maths.o
                0x08003ea8                cos_approx
 .text.atan2_approx
                0x08003eb8       0xdc ./Core/Src/CommonMath/maths.o
                0x08003eb8                atan2_approx
 .text.acos_approx
                0x08003f94       0x68 ./Core/Src/CommonMath/maths.o
                0x08003f94                acos_approx
 .text.imuComputeRotationMatrix
                0x08003ffc       0xf0 ./Core/Src/flight/imu.o
                0x08003ffc                imuComputeRotationMatrix
 .text.imu_init
                0x080040ec       0x18 ./Core/Src/flight/imu.o
                0x080040ec                imu_init
 .text.imuIsAccelerometerHealthy
                0x08004104       0x30 ./Core/Src/flight/imu.o
                0x08004104                imuIsAccelerometerHealthy
 .text.imuMahonyAHRSupdate
                0x08004134      0x224 ./Core/Src/flight/imu.o
                0x08004134                imuMahonyAHRSupdate
 .text.imuUpdateEulerAngles
                0x08004358       0x7c ./Core/Src/flight/imu.o
                0x08004358                imuUpdateEulerAngles
 .text.imuAttitude
                0x080043d4       0x40 ./Core/Src/flight/imu.o
                0x080043d4                imuAttitude
 .text.getBatteryVoltage
                0x08004414       0x2c ./Core/Src/sensors/adc.o
                0x08004414                getBatteryVoltage
 .text.GNSS_GetPVTData
                0x08004440       0x24 ./Core/Src/sensors/gps.o
                0x08004440                GNSS_GetPVTData
 .text.GNSS_ParseUniqID
                0x08004464       0x1c ./Core/Src/sensors/gps.o
                0x08004464                GNSS_ParseUniqID
 .text.GNSS_SetMode
                0x08004480       0x98 ./Core/Src/sensors/gps.o
                0x08004480                GNSS_SetMode
 .text.GNSS_ParsePVTData
                0x08004518      0x204 ./Core/Src/sensors/gps.o
                0x08004518                GNSS_ParsePVTData
 .text.GNSS_ParseNavigatorData
                0x0800471c       0x2c ./Core/Src/sensors/gps.o
                0x0800471c                GNSS_ParseNavigatorData
 .text.GNSS_ParsePOSLLHData
                0x08004748       0x90 ./Core/Src/sensors/gps.o
                0x08004748                GNSS_ParsePOSLLHData
 .text.GNSS_ParseBuffer
                0x080047d8       0x5c ./Core/Src/sensors/gps.o
                0x080047d8                GNSS_ParseBuffer
 .text.GNSS_LoadConfig
                0x08004834       0x80 ./Core/Src/sensors/gps.o
                0x08004834                GNSS_LoadConfig
 .text.gps_init
                0x080048b4       0x28 ./Core/Src/sensors/gps.o
                0x080048b4                gps_init
 .text.gyroSlewLimiter
                0x080048dc       0x64 ./Core/Src/sensors/gyro.o
                0x080048dc                gyroSlewLimiter
 .text.Reset_Handler
                0x08004940       0x50 ./Core/Startup/startup_stm32f722retx.o
                0x08004940                Reset_Handler
 .text.Default_Handler
                0x08004990        0x2 ./Core/Startup/startup_stm32f722retx.o
                0x08004990                RTC_Alarm_IRQHandler
                0x08004990                EXTI2_IRQHandler
                0x08004990                TIM8_CC_IRQHandler
                0x08004990                UART8_IRQHandler
                0x08004990                SPI4_IRQHandler
                0x08004990                TIM1_CC_IRQHandler
                0x08004990                DMA1_Stream5_IRQHandler
                0x08004990                PVD_IRQHandler
                0x08004990                TAMP_STAMP_IRQHandler
                0x08004990                EXTI3_IRQHandler
                0x08004990                TIM8_TRG_COM_TIM14_IRQHandler
                0x08004990                TIM1_UP_TIM10_IRQHandler
                0x08004990                TIM8_UP_TIM13_IRQHandler
                0x08004990                I2C3_ER_IRQHandler
                0x08004990                I2C2_EV_IRQHandler
                0x08004990                CAN1_RX0_IRQHandler
                0x08004990                FPU_IRQHandler
                0x08004990                OTG_HS_WKUP_IRQHandler
                0x08004990                SPI1_IRQHandler
                0x08004990                TIM6_DAC_IRQHandler
                0x08004990                TIM1_BRK_TIM9_IRQHandler
                0x08004990                DMA2_Stream3_IRQHandler
                0x08004990                SAI2_IRQHandler
                0x08004990                USART6_IRQHandler
                0x08004990                USART3_IRQHandler
                0x08004990                CAN1_RX1_IRQHandler
                0x08004990                DMA2_Stream0_IRQHandler
                0x08004990                TIM4_IRQHandler
                0x08004990                QUADSPI_IRQHandler
                0x08004990                I2C1_EV_IRQHandler
                0x08004990                DMA1_Stream6_IRQHandler
                0x08004990                DMA1_Stream1_IRQHandler
                0x08004990                UART4_IRQHandler
                0x08004990                TIM3_IRQHandler
                0x08004990                RCC_IRQHandler
                0x08004990                TIM8_BRK_TIM12_IRQHandler
                0x08004990                Default_Handler
                0x08004990                EXTI15_10_IRQHandler
                0x08004990                SPI5_IRQHandler
                0x08004990                SDMMC1_IRQHandler
                0x08004990                TIM5_IRQHandler
                0x08004990                DMA2_Stream7_IRQHandler
                0x08004990                I2C3_EV_IRQHandler
                0x08004990                EXTI9_5_IRQHandler
                0x08004990                RTC_WKUP_IRQHandler
                0x08004990                SPI2_IRQHandler
                0x08004990                OTG_HS_EP1_IN_IRQHandler
                0x08004990                CAN1_TX_IRQHandler
                0x08004990                RNG_IRQHandler
                0x08004990                OTG_HS_EP1_OUT_IRQHandler
                0x08004990                WWDG_IRQHandler
                0x08004990                TIM2_IRQHandler
                0x08004990                OTG_FS_WKUP_IRQHandler
                0x08004990                TIM1_TRG_COM_TIM11_IRQHandler
                0x08004990                OTG_HS_IRQHandler
                0x08004990                EXTI1_IRQHandler
                0x08004990                SDMMC2_IRQHandler
                0x08004990                UART7_IRQHandler
                0x08004990                USART2_IRQHandler
                0x08004990                I2C2_ER_IRQHandler
                0x08004990                CAN1_SCE_IRQHandler
                0x08004990                FLASH_IRQHandler
                0x08004990                DMA2_Stream4_IRQHandler
                0x08004990                OTG_FS_IRQHandler
                0x08004990                SPI3_IRQHandler
                0x08004990                DMA1_Stream4_IRQHandler
                0x08004990                I2C1_ER_IRQHandler
                0x08004990                FMC_IRQHandler
                0x08004990                LPTIM1_IRQHandler
                0x08004990                DMA2_Stream6_IRQHandler
                0x08004990                SAI1_IRQHandler
                0x08004990                DMA1_Stream3_IRQHandler
 *fill*         0x08004992        0x2 
 .text.HAL_InitTick
                0x08004994       0x48 ./Drivers/STM32F7xx_HAL_Driver/Src/stm32f7xx_hal.o
                0x08004994                HAL_InitTick
 .text.HAL_Init
                0x080049dc       0x16 ./Drivers/STM32F7xx_HAL_Driver/Src/stm32f7xx_hal.o
                0x080049dc                HAL_Init
 *fill*         0x080049f2        0x2 
 .text.HAL_IncTick
                0x080049f4       0x18 ./Drivers/STM32F7xx_HAL_Driver/Src/stm32f7xx_hal.o
                0x080049f4                HAL_IncTick
 .text.HAL_GetTick
                0x08004a0c        0xc ./Drivers/STM32F7xx_HAL_Driver/Src/stm32f7xx_hal.o
                0x08004a0c                HAL_GetTick
 .text.HAL_ADC_Init
                0x08004a18      0x14c ./Drivers/STM32F7xx_HAL_Driver/Src/stm32f7xx_hal_adc.o
                0x08004a18                HAL_ADC_Init
 .text.HAL_ADC_Start_IT
                0x08004b64       0xfc ./Drivers/STM32F7xx_HAL_Driver/Src/stm32f7xx_hal_adc.o
                0x08004b64                HAL_ADC_Start_IT
 .text.HAL_ADC_GetValue
                0x08004c60        0x6 ./Drivers/STM32F7xx_HAL_Driver/Src/stm32f7xx_hal_adc.o
                0x08004c60                HAL_ADC_GetValue
 .text.HAL_ADC_LevelOutOfWindowCallback
                0x08004c66        0x2 ./Drivers/STM32F7xx_HAL_Driver/Src/stm32f7xx_hal_adc.o
                0x08004c66                HAL_ADC_LevelOutOfWindowCallback
 .text.HAL_ADC_ErrorCallback
                0x08004c68        0x2 ./Drivers/STM32F7xx_HAL_Driver/Src/stm32f7xx_hal_adc.o
                0x08004c68                HAL_ADC_ErrorCallback
 .text.HAL_ADC_IRQHandler
                0x08004c6a      0x11c ./Drivers/STM32F7xx_HAL_Driver/Src/stm32f7xx_hal_adc.o
                0x08004c6a                HAL_ADC_IRQHandler
 *fill*         0x08004d86        0x2 
 .text.HAL_ADC_ConfigChannel
                0x08004d88      0x15c ./Drivers/STM32F7xx_HAL_Driver/Src/stm32f7xx_hal_adc.o
                0x08004d88                HAL_ADC_ConfigChannel
 .text.HAL_ADCEx_InjectedConvCpltCallback
                0x08004ee4        0x2 ./Drivers/STM32F7xx_HAL_Driver/Src/stm32f7xx_hal_adc_ex.o
                0x08004ee4                HAL_ADCEx_InjectedConvCpltCallback
 *fill*         0x08004ee6        0x2 
 .text.HAL_NVIC_SetPriorityGrouping
                0x08004ee8       0x24 ./Drivers/STM32F7xx_HAL_Driver/Src/stm32f7xx_hal_cortex.o
                0x08004ee8                HAL_NVIC_SetPriorityGrouping
 .text.HAL_NVIC_SetPriority
                0x08004f0c       0x64 ./Drivers/STM32F7xx_HAL_Driver/Src/stm32f7xx_hal_cortex.o
                0x08004f0c                HAL_NVIC_SetPriority
 .text.HAL_NVIC_EnableIRQ
                0x08004f70       0x1c ./Drivers/STM32F7xx_HAL_Driver/Src/stm32f7xx_hal_cortex.o
                0x08004f70                HAL_NVIC_EnableIRQ
 .text.HAL_SYSTICK_Config
                0x08004f8c       0x28 ./Drivers/STM32F7xx_HAL_Driver/Src/stm32f7xx_hal_cortex.o
                0x08004f8c                HAL_SYSTICK_Config
 .text.HAL_MPU_Disable
                0x08004fb4       0x1c ./Drivers/STM32F7xx_HAL_Driver/Src/stm32f7xx_hal_cortex.o
                0x08004fb4                HAL_MPU_Disable
 .text.HAL_MPU_Enable
                0x08004fd0       0x20 ./Drivers/STM32F7xx_HAL_Driver/Src/stm32f7xx_hal_cortex.o
                0x08004fd0                HAL_MPU_Enable
 .text.HAL_MPU_ConfigRegion
                0x08004ff0       0x58 ./Drivers/STM32F7xx_HAL_Driver/Src/stm32f7xx_hal_cortex.o
                0x08004ff0                HAL_MPU_ConfigRegion
 .text.DMA_CalcBaseAndBitshift
                0x08005048       0x2c ./Drivers/STM32F7xx_HAL_Driver/Src/stm32f7xx_hal_dma.o
 .text.HAL_DMA_Init
                0x08005074       0xfc ./Drivers/STM32F7xx_HAL_Driver/Src/stm32f7xx_hal_dma.o
                0x08005074                HAL_DMA_Init
 .text.HAL_DMA_Start_IT
                0x08005170       0x7a ./Drivers/STM32F7xx_HAL_Driver/Src/stm32f7xx_hal_dma.o
                0x08005170                HAL_DMA_Start_IT
 .text.HAL_DMA_Abort
                0x080051ea       0x7c ./Drivers/STM32F7xx_HAL_Driver/Src/stm32f7xx_hal_dma.o
                0x080051ea                HAL_DMA_Abort
 .text.HAL_DMA_Abort_IT
                0x08005266       0x24 ./Drivers/STM32F7xx_HAL_Driver/Src/stm32f7xx_hal_dma.o
                0x08005266                HAL_DMA_Abort_IT
 *fill*         0x0800528a        0x2 
 .text.HAL_DMA_IRQHandler
                0x0800528c      0x17c ./Drivers/STM32F7xx_HAL_Driver/Src/stm32f7xx_hal_dma.o
                0x0800528c                HAL_DMA_IRQHandler
 .text.HAL_GPIO_Init
                0x08005408      0x1b0 ./Drivers/STM32F7xx_HAL_Driver/Src/stm32f7xx_hal_gpio.o
                0x08005408                HAL_GPIO_Init
 .text.HAL_GPIO_WritePin
                0x080055b8        0xa ./Drivers/STM32F7xx_HAL_Driver/Src/stm32f7xx_hal_gpio.o
                0x080055b8                HAL_GPIO_WritePin
 .text.HAL_GPIO_TogglePin
                0x080055c2       0x12 ./Drivers/STM32F7xx_HAL_Driver/Src/stm32f7xx_hal_gpio.o
                0x080055c2                HAL_GPIO_TogglePin
 .text.HAL_GPIO_EXTI_IRQHandler
                0x080055d4       0x18 ./Drivers/STM32F7xx_HAL_Driver/Src/stm32f7xx_hal_gpio.o
                0x080055d4                HAL_GPIO_EXTI_IRQHandler
 .text.I2C_Flush_TXDR
                0x080055ec       0x1c ./Drivers/STM32F7xx_HAL_Driver/Src/stm32f7xx_hal_i2c.o
 .text.I2C_TransferConfig
                0x08005608       0x2c ./Drivers/STM32F7xx_HAL_Driver/Src/stm32f7xx_hal_i2c.o
 .text.I2C_IsErrorOccurred
                0x08005634      0x100 ./Drivers/STM32F7xx_HAL_Driver/Src/stm32f7xx_hal_i2c.o
 .text.I2C_WaitOnTXISFlagUntilTimeout
                0x08005734       0x56 ./Drivers/STM32F7xx_HAL_Driver/Src/stm32f7xx_hal_i2c.o
 .text.I2C_WaitOnFlagUntilTimeout
                0x0800578a       0x76 ./Drivers/STM32F7xx_HAL_Driver/Src/stm32f7xx_hal_i2c.o
 .text.I2C_WaitOnSTOPFlagUntilTimeout
                0x08005800       0x52 ./Drivers/STM32F7xx_HAL_Driver/Src/stm32f7xx_hal_i2c.o
 .text.HAL_I2C_Init
                0x08005852       0xaa ./Drivers/STM32F7xx_HAL_Driver/Src/stm32f7xx_hal_i2c.o
                0x08005852                HAL_I2C_Init
 .text.HAL_I2C_Mem_Write
                0x080058fc      0x1b4 ./Drivers/STM32F7xx_HAL_Driver/Src/stm32f7xx_hal_i2c.o
                0x080058fc                HAL_I2C_Mem_Write
 .text.HAL_I2C_Mem_Read
                0x08005ab0      0x1bc ./Drivers/STM32F7xx_HAL_Driver/Src/stm32f7xx_hal_i2c.o
                0x08005ab0                HAL_I2C_Mem_Read
 .text.HAL_I2CEx_ConfigAnalogFilter
                0x08005c6c       0x4c ./Drivers/STM32F7xx_HAL_Driver/Src/stm32f7xx_hal_i2c_ex.o
                0x08005c6c                HAL_I2CEx_ConfigAnalogFilter
 .text.HAL_I2CEx_ConfigDigitalFilter
                0x08005cb8       0x4a ./Drivers/STM32F7xx_HAL_Driver/Src/stm32f7xx_hal_i2c_ex.o
                0x08005cb8                HAL_I2CEx_ConfigDigitalFilter
 *fill*         0x08005d02        0x2 
 .text.HAL_PWREx_EnableOverDrive
                0x08005d04       0x70 ./Drivers/STM32F7xx_HAL_Driver/Src/stm32f7xx_hal_pwr_ex.o
                0x08005d04                HAL_PWREx_EnableOverDrive
 .text.HAL_RCC_OscConfig
                0x08005d74      0x374 ./Drivers/STM32F7xx_HAL_Driver/Src/stm32f7xx_hal_rcc.o
                0x08005d74                HAL_RCC_OscConfig
 .text.HAL_RCC_GetSysClockFreq
                0x080060e8       0x5c ./Drivers/STM32F7xx_HAL_Driver/Src/stm32f7xx_hal_rcc.o
                0x080060e8                HAL_RCC_GetSysClockFreq
 .text.HAL_RCC_ClockConfig
                0x08006144      0x13c ./Drivers/STM32F7xx_HAL_Driver/Src/stm32f7xx_hal_rcc.o
                0x08006144                HAL_RCC_ClockConfig
 .text.HAL_RCC_GetPCLK1Freq
                0x08006280       0x20 ./Drivers/STM32F7xx_HAL_Driver/Src/stm32f7xx_hal_rcc.o
                0x08006280                HAL_RCC_GetPCLK1Freq
 .text.HAL_RCC_GetPCLK2Freq
                0x080062a0       0x20 ./Drivers/STM32F7xx_HAL_Driver/Src/stm32f7xx_hal_rcc.o
                0x080062a0                HAL_RCC_GetPCLK2Freq
 .text.HAL_RCCEx_PeriphCLKConfig
                0x080062c0      0x45c ./Drivers/STM32F7xx_HAL_Driver/Src/stm32f7xx_hal_rcc_ex.o
                0x080062c0                HAL_RCCEx_PeriphCLKConfig
 .text.SPI_WaitFlagStateUntilTimeout.constprop.0
                0x0800671c       0xa4 ./Drivers/STM32F7xx_HAL_Driver/Src/stm32f7xx_hal_spi.o
 .text.SPI_WaitFifoStateUntilTimeout.constprop.0
                0x080067c0       0xc8 ./Drivers/STM32F7xx_HAL_Driver/Src/stm32f7xx_hal_spi.o
 .text.SPI_EndRxTxTransaction
                0x08006888       0x80 ./Drivers/STM32F7xx_HAL_Driver/Src/stm32f7xx_hal_spi.o
 .text.HAL_SPI_Init
                0x08006908       0xdc ./Drivers/STM32F7xx_HAL_Driver/Src/stm32f7xx_hal_spi.o
                0x08006908                HAL_SPI_Init
 .text.HAL_SPI_TransmitReceive
                0x080069e4      0x260 ./Drivers/STM32F7xx_HAL_Driver/Src/stm32f7xx_hal_spi.o
                0x080069e4                HAL_SPI_TransmitReceive
 .text.TIM_OC1_SetConfig
                0x08006c44       0x68 ./Drivers/STM32F7xx_HAL_Driver/Src/stm32f7xx_hal_tim.o
 .text.TIM_OC3_SetConfig
                0x08006cac       0x70 ./Drivers/STM32F7xx_HAL_Driver/Src/stm32f7xx_hal_tim.o
 .text.TIM_OC4_SetConfig
                0x08006d1c       0x50 ./Drivers/STM32F7xx_HAL_Driver/Src/stm32f7xx_hal_tim.o
 .text.TIM_OC5_SetConfig
                0x08006d6c       0x50 ./Drivers/STM32F7xx_HAL_Driver/Src/stm32f7xx_hal_tim.o
 .text.TIM_OC6_SetConfig
                0x08006dbc       0x50 ./Drivers/STM32F7xx_HAL_Driver/Src/stm32f7xx_hal_tim.o
 .text.HAL_TIM_Base_Start
                0x08006e0c       0x74 ./Drivers/STM32F7xx_HAL_Driver/Src/stm32f7xx_hal_tim.o
                0x08006e0c                HAL_TIM_Base_Start
 .text.HAL_TIM_Base_Start_IT
                0x08006e80       0x7c ./Drivers/STM32F7xx_HAL_Driver/Src/stm32f7xx_hal_tim.o
                0x08006e80                HAL_TIM_Base_Start_IT
 .text.HAL_TIM_OC_DelayElapsedCallback
                0x08006efc        0x2 ./Drivers/STM32F7xx_HAL_Driver/Src/stm32f7xx_hal_tim.o
                0x08006efc                HAL_TIM_OC_DelayElapsedCallback
 .text.HAL_TIM_IC_CaptureCallback
                0x08006efe        0x2 ./Drivers/STM32F7xx_HAL_Driver/Src/stm32f7xx_hal_tim.o
                0x08006efe                HAL_TIM_IC_CaptureCallback
 .text.HAL_TIM_PWM_PulseFinishedCallback
                0x08006f00        0x2 ./Drivers/STM32F7xx_HAL_Driver/Src/stm32f7xx_hal_tim.o
                0x08006f00                HAL_TIM_PWM_PulseFinishedCallback
 .text.HAL_TIM_TriggerCallback
                0x08006f02        0x2 ./Drivers/STM32F7xx_HAL_Driver/Src/stm32f7xx_hal_tim.o
                0x08006f02                HAL_TIM_TriggerCallback
 .text.HAL_TIM_IRQHandler
                0x08006f04      0x140 ./Drivers/STM32F7xx_HAL_Driver/Src/stm32f7xx_hal_tim.o
                0x08006f04                HAL_TIM_IRQHandler
 .text.TIM_Base_SetConfig
                0x08007044       0xd8 ./Drivers/STM32F7xx_HAL_Driver/Src/stm32f7xx_hal_tim.o
                0x08007044                TIM_Base_SetConfig
 .text.HAL_TIM_Base_Init
                0x0800711c       0x60 ./Drivers/STM32F7xx_HAL_Driver/Src/stm32f7xx_hal_tim.o
                0x0800711c                HAL_TIM_Base_Init
 .text.HAL_TIM_PWM_Init
                0x0800717c       0x60 ./Drivers/STM32F7xx_HAL_Driver/Src/stm32f7xx_hal_tim.o
                0x0800717c                HAL_TIM_PWM_Init
 .text.TIM_OC2_SetConfig
                0x080071dc       0x70 ./Drivers/STM32F7xx_HAL_Driver/Src/stm32f7xx_hal_tim.o
                0x080071dc                TIM_OC2_SetConfig
 .text.HAL_TIM_PWM_ConfigChannel
                0x0800724c       0xf8 ./Drivers/STM32F7xx_HAL_Driver/Src/stm32f7xx_hal_tim.o
                0x0800724c                HAL_TIM_PWM_ConfigChannel
 .text.TIM_CCxChannelCmd
                0x08007344       0x1c ./Drivers/STM32F7xx_HAL_Driver/Src/stm32f7xx_hal_tim.o
                0x08007344                TIM_CCxChannelCmd
 .text.HAL_TIM_OC_Start
                0x08007360      0x108 ./Drivers/STM32F7xx_HAL_Driver/Src/stm32f7xx_hal_tim.o
                0x08007360                HAL_TIM_OC_Start
 .text.HAL_TIM_PWM_Start
                0x08007468        0x4 ./Drivers/STM32F7xx_HAL_Driver/Src/stm32f7xx_hal_tim.o
                0x08007468                HAL_TIM_PWM_Start
 .text.HAL_TIMEx_MasterConfigSynchronization
                0x0800746c       0x94 ./Drivers/STM32F7xx_HAL_Driver/Src/stm32f7xx_hal_tim_ex.o
                0x0800746c                HAL_TIMEx_MasterConfigSynchronization
 .text.HAL_TIMEx_ConfigBreakDeadTime
                0x08007500       0x84 ./Drivers/STM32F7xx_HAL_Driver/Src/stm32f7xx_hal_tim_ex.o
                0x08007500                HAL_TIMEx_ConfigBreakDeadTime
 .text.HAL_TIMEx_CommutCallback
                0x08007584        0x2 ./Drivers/STM32F7xx_HAL_Driver/Src/stm32f7xx_hal_tim_ex.o
                0x08007584                HAL_TIMEx_CommutCallback
 .text.HAL_TIMEx_BreakCallback
                0x08007586        0x2 ./Drivers/STM32F7xx_HAL_Driver/Src/stm32f7xx_hal_tim_ex.o
                0x08007586                HAL_TIMEx_BreakCallback
 .text.HAL_TIMEx_Break2Callback
                0x08007588        0x2 ./Drivers/STM32F7xx_HAL_Driver/Src/stm32f7xx_hal_tim_ex.o
                0x08007588                HAL_TIMEx_Break2Callback
 .text.UART_EndRxTransfer
                0x0800758a       0x50 ./Drivers/STM32F7xx_HAL_Driver/Src/stm32f7xx_hal_uart.o
 .text.UART_TxISR_8BIT.part.0
                0x080075da       0x26 ./Drivers/STM32F7xx_HAL_Driver/Src/stm32f7xx_hal_uart.o
 .text.UART_TxISR_8BIT
                0x08007600       0x2e ./Drivers/STM32F7xx_HAL_Driver/Src/stm32f7xx_hal_uart.o
 .text.UART_TxISR_16BIT
                0x0800762e       0x32 ./Drivers/STM32F7xx_HAL_Driver/Src/stm32f7xx_hal_uart.o
 .text.HAL_UART_Transmit_IT
                0x08007660       0x60 ./Drivers/STM32F7xx_HAL_Driver/Src/stm32f7xx_hal_uart.o
                0x08007660                HAL_UART_Transmit_IT
 .text.HAL_UART_TxCpltCallback
                0x080076c0        0x2 ./Drivers/STM32F7xx_HAL_Driver/Src/stm32f7xx_hal_uart.o
                0x080076c0                HAL_UART_TxCpltCallback
 .text.HAL_UART_RxCpltCallback
                0x080076c2        0x2 ./Drivers/STM32F7xx_HAL_Driver/Src/stm32f7xx_hal_uart.o
                0x080076c2                HAL_UART_RxCpltCallback
 .text.HAL_UART_RxHalfCpltCallback
                0x080076c4        0x2 ./Drivers/STM32F7xx_HAL_Driver/Src/stm32f7xx_hal_uart.o
                0x080076c4                HAL_UART_RxHalfCpltCallback
 .text.UART_DMAError
                0x080076c6       0x56 ./Drivers/STM32F7xx_HAL_Driver/Src/stm32f7xx_hal_uart.o
 .text.UART_DMAAbortOnError
                0x0800771c       0x14 ./Drivers/STM32F7xx_HAL_Driver/Src/stm32f7xx_hal_uart.o
 .text.HAL_UART_IRQHandler
                0x08007730      0x288 ./Drivers/STM32F7xx_HAL_Driver/Src/stm32f7xx_hal_uart.o
                0x08007730                HAL_UART_IRQHandler
 .text.UART_DMARxHalfCplt
                0x080079b8       0x20 ./Drivers/STM32F7xx_HAL_Driver/Src/stm32f7xx_hal_uart.o
 .text.UART_DMAReceiveCplt
                0x080079d8       0x8e ./Drivers/STM32F7xx_HAL_Driver/Src/stm32f7xx_hal_uart.o
 *fill*         0x08007a66        0x2 
 .text.UART_SetConfig
                0x08007a68      0x238 ./Drivers/STM32F7xx_HAL_Driver/Src/stm32f7xx_hal_uart.o
                0x08007a68                UART_SetConfig
 .text.UART_AdvFeatureConfig
                0x08007ca0       0xaa ./Drivers/STM32F7xx_HAL_Driver/Src/stm32f7xx_hal_uart.o
                0x08007ca0                UART_AdvFeatureConfig
 .text.UART_WaitOnFlagUntilTimeout
                0x08007d4a       0x90 ./Drivers/STM32F7xx_HAL_Driver/Src/stm32f7xx_hal_uart.o
                0x08007d4a                UART_WaitOnFlagUntilTimeout
 .text.HAL_UART_Transmit
                0x08007dda       0xa2 ./Drivers/STM32F7xx_HAL_Driver/Src/stm32f7xx_hal_uart.o
                0x08007dda                HAL_UART_Transmit
 .text.UART_CheckIdleState
                0x08007e7c       0x5e ./Drivers/STM32F7xx_HAL_Driver/Src/stm32f7xx_hal_uart.o
                0x08007e7c                UART_CheckIdleState
 .text.HAL_UART_Init
                0x08007eda       0x5c ./Drivers/STM32F7xx_HAL_Driver/Src/stm32f7xx_hal_uart.o
                0x08007eda                HAL_UART_Init
 *fill*         0x08007f36        0x2 
 .text.UART_Start_Receive_DMA
                0x08007f38       0x9c ./Drivers/STM32F7xx_HAL_Driver/Src/stm32f7xx_hal_uart.o
                0x08007f38                UART_Start_Receive_DMA
 .text.HAL_UARTEx_ReceiveToIdle_DMA
                0x08007fd4       0x4a ./Drivers/STM32F7xx_HAL_Driver/Src/stm32f7xx_hal_uart_ex.o
                0x08007fd4                HAL_UARTEx_ReceiveToIdle_DMA
 .text.memset   0x0800801e       0x10 C:/ST/STM32CubeIDE_1.15.0/STM32CubeIDE/plugins/com.st.stm32cube.ide.mcu.externaltools.gnu-tools-for-stm32.12.3.rel1.win32_1.0.200.202406191623/tools/bin/../lib/gcc/arm-none-eabi/12.3.1/../../../../arm-none-eabi/lib/thumb/v7e-m+fp/hard\libc_nano.a(libc_a-memset.o)
                0x0800801e                memset
 *fill*         0x0800802e        0x2 
 .text.__errno  0x08008030        0xc C:/ST/STM32CubeIDE_1.15.0/STM32CubeIDE/plugins/com.st.stm32cube.ide.mcu.externaltools.gnu-tools-for-stm32.12.3.rel1.win32_1.0.200.202406191623/tools/bin/../lib/gcc/arm-none-eabi/12.3.1/../../../../arm-none-eabi/lib/thumb/v7e-m+fp/hard\libc_nano.a(libc_a-errno.o)
                0x08008030                __errno
 .text.__libc_init_array
                0x0800803c       0x48 C:/ST/STM32CubeIDE_1.15.0/STM32CubeIDE/plugins/com.st.stm32cube.ide.mcu.externaltools.gnu-tools-for-stm32.12.3.rel1.win32_1.0.200.202406191623/tools/bin/../lib/gcc/arm-none-eabi/12.3.1/../../../../arm-none-eabi/lib/thumb/v7e-m+fp/hard\libc_nano.a(libc_a-init.o)
                0x0800803c                __libc_init_array
 .text.pow      0x08008084       0xe0 C:/ST/STM32CubeIDE_1.15.0/STM32CubeIDE/plugins/com.st.stm32cube.ide.mcu.externaltools.gnu-tools-for-stm32.12.3.rel1.win32_1.0.200.202406191623/tools/bin/../lib/gcc/arm-none-eabi/12.3.1/../../../../arm-none-eabi/lib/thumb/v7e-m+fp/hard\libm.a(libm_a-w_pow.o)
                0x08008084                pow
 .text.sqrtf    0x08008164       0x3c C:/ST/STM32CubeIDE_1.15.0/STM32CubeIDE/plugins/com.st.stm32cube.ide.mcu.externaltools.gnu-tools-for-stm32.12.3.rel1.win32_1.0.200.202406191623/tools/bin/../lib/gcc/arm-none-eabi/12.3.1/../../../../arm-none-eabi/lib/thumb/v7e-m+fp/hard\libm.a(libm_a-wf_sqrt.o)
                0x08008164                sqrtf
 .text.finite   0x080081a0       0x16 C:/ST/STM32CubeIDE_1.15.0/STM32CubeIDE/plugins/com.st.stm32cube.ide.mcu.externaltools.gnu-tools-for-stm32.12.3.rel1.win32_1.0.200.202406191623/tools/bin/../lib/gcc/arm-none-eabi/12.3.1/../../../../arm-none-eabi/lib/thumb/v7e-m+fp/hard\libm.a(libm_a-s_finite.o)
                0x080081a0                finite
 *fill*         0x080081b6        0x2 
 .text.lrintf   0x080081b8       0x80 C:/ST/STM32CubeIDE_1.15.0/STM32CubeIDE/plugins/com.st.stm32cube.ide.mcu.externaltools.gnu-tools-for-stm32.12.3.rel1.win32_1.0.200.202406191623/tools/bin/../lib/gcc/arm-none-eabi/12.3.1/../../../../arm-none-eabi/lib/thumb/v7e-m+fp/hard\libm.a(libm_a-sf_lrint.o)
                0x080081b8                lrintf
 .text.__ieee754_sqrtf
                0x08008238        0x6 C:/ST/STM32CubeIDE_1.15.0/STM32CubeIDE/plugins/com.st.stm32cube.ide.mcu.externaltools.gnu-tools-for-stm32.12.3.rel1.win32_1.0.200.202406191623/tools/bin/../lib/gcc/arm-none-eabi/12.3.1/../../../../arm-none-eabi/lib/thumb/v7e-m+fp/hard\libm.a(libm_a-ef_sqrt.o)
                0x08008238                __ieee754_sqrtf
 *fill*         0x0800823e        0x2 
 .text.__ieee754_pow
                0x08008240      0xa88 C:/ST/STM32CubeIDE_1.15.0/STM32CubeIDE/plugins/com.st.stm32cube.ide.mcu.externaltools.gnu-tools-for-stm32.12.3.rel1.win32_1.0.200.202406191623/tools/bin/../lib/gcc/arm-none-eabi/12.3.1/../../../../arm-none-eabi/lib/thumb/v7e-m+fp/hard\libm.a(libm_a-e_pow.o)
                0x08008240                __ieee754_pow
 .text.fabs     0x08008cc8       0x10 C:/ST/STM32CubeIDE_1.15.0/STM32CubeIDE/plugins/com.st.stm32cube.ide.mcu.externaltools.gnu-tools-for-stm32.12.3.rel1.win32_1.0.200.202406191623/tools/bin/../lib/gcc/arm-none-eabi/12.3.1/../../../../arm-none-eabi/lib/thumb/v7e-m+fp/hard\libm.a(libm_a-s_fabs.o)
                0x08008cc8                fabs
 .text.scalbn   0x08008cd8       0xfc C:/ST/STM32CubeIDE_1.15.0/STM32CubeIDE/plugins/com.st.stm32cube.ide.mcu.externaltools.gnu-tools-for-stm32.12.3.rel1.win32_1.0.200.202406191623/tools/bin/../lib/gcc/arm-none-eabi/12.3.1/../../../../arm-none-eabi/lib/thumb/v7e-m+fp/hard\libm.a(libm_a-s_scalbn.o)
                0x08008cd8                scalbn
 .text.with_errno
                0x08008dd4       0x24 C:/ST/STM32CubeIDE_1.15.0/STM32CubeIDE/plugins/com.st.stm32cube.ide.mcu.externaltools.gnu-tools-for-stm32.12.3.rel1.win32_1.0.200.202406191623/tools/bin/../lib/gcc/arm-none-eabi/12.3.1/../../../../arm-none-eabi/lib/thumb/v7e-m+fp/hard\libm.a(libm_a-math_err.o)
 .text.xflow    0x08008df8       0x32 C:/ST/STM32CubeIDE_1.15.0/STM32CubeIDE/plugins/com.st.stm32cube.ide.mcu.externaltools.gnu-tools-for-stm32.12.3.rel1.win32_1.0.200.202406191623/tools/bin/../lib/gcc/arm-none-eabi/12.3.1/../../../../arm-none-eabi/lib/thumb/v7e-m+fp/hard\libm.a(libm_a-math_err.o)
 *fill*         0x08008e2a        0x6 
 .text.__math_uflow
                0x08008e30       0x10 C:/ST/STM32CubeIDE_1.15.0/STM32CubeIDE/plugins/com.st.stm32cube.ide.mcu.externaltools.gnu-tools-for-stm32.12.3.rel1.win32_1.0.200.202406191623/tools/bin/../lib/gcc/arm-none-eabi/12.3.1/../../../../arm-none-eabi/lib/thumb/v7e-m+fp/hard\libm.a(libm_a-math_err.o)
                0x08008e30                __math_uflow
 .text.__math_oflow
                0x08008e40       0x10 C:/ST/STM32CubeIDE_1.15.0/STM32CubeIDE/plugins/com.st.stm32cube.ide.mcu.externaltools.gnu-tools-for-stm32.12.3.rel1.win32_1.0.200.202406191623/tools/bin/../lib/gcc/arm-none-eabi/12.3.1/../../../../arm-none-eabi/lib/thumb/v7e-m+fp/hard\libm.a(libm_a-math_err.o)
                0x08008e40                __math_oflow
 .text.__ieee754_sqrt
                0x08008e50      0x1b4 C:/ST/STM32CubeIDE_1.15.0/STM32CubeIDE/plugins/com.st.stm32cube.ide.mcu.externaltools.gnu-tools-for-stm32.12.3.rel1.win32_1.0.200.202406191623/tools/bin/../lib/gcc/arm-none-eabi/12.3.1/../../../../arm-none-eabi/lib/thumb/v7e-m+fp/hard\libm.a(libm_a-e_sqrt.o)
                0x08008e50                __ieee754_sqrt
 *(.glue_7)
 .glue_7        0x08009004        0x0 linker stubs
 *(.glue_7t)
 .glue_7t       0x08009004        0x0 linker stubs
 *(.eh_frame)
 .eh_frame      0x08009004        0x0 C:/ST/STM32CubeIDE_1.15.0/STM32CubeIDE/plugins/com.st.stm32cube.ide.mcu.externaltools.gnu-tools-for-stm32.12.3.rel1.win32_1.0.200.202406191623/tools/bin/../lib/gcc/arm-none-eabi/12.3.1/thumb/v7e-m+fp/hard/crtbegin.o
 *(.init)
 .init          0x08009004        0x4 C:/ST/STM32CubeIDE_1.15.0/STM32CubeIDE/plugins/com.st.stm32cube.ide.mcu.externaltools.gnu-tools-for-stm32.12.3.rel1.win32_1.0.200.202406191623/tools/bin/../lib/gcc/arm-none-eabi/12.3.1/thumb/v7e-m+fp/hard/crti.o
                0x08009004                _init
 .init          0x08009008        0x8 C:/ST/STM32CubeIDE_1.15.0/STM32CubeIDE/plugins/com.st.stm32cube.ide.mcu.externaltools.gnu-tools-for-stm32.12.3.rel1.win32_1.0.200.202406191623/tools/bin/../lib/gcc/arm-none-eabi/12.3.1/thumb/v7e-m+fp/hard/crtn.o
 *(.fini)
 .fini          0x08009010        0x4 C:/ST/STM32CubeIDE_1.15.0/STM32CubeIDE/plugins/com.st.stm32cube.ide.mcu.externaltools.gnu-tools-for-stm32.12.3.rel1.win32_1.0.200.202406191623/tools/bin/../lib/gcc/arm-none-eabi/12.3.1/thumb/v7e-m+fp/hard/crti.o
                0x08009010                _fini
 .fini          0x08009014        0x8 C:/ST/STM32CubeIDE_1.15.0/STM32CubeIDE/plugins/com.st.stm32cube.ide.mcu.externaltools.gnu-tools-for-stm32.12.3.rel1.win32_1.0.200.202406191623/tools/bin/../lib/gcc/arm-none-eabi/12.3.1/thumb/v7e-m+fp/hard/crtn.o
                0x0800901c                        . = ALIGN (0x4)
                0x0800901c                        _etext = .

.vfp11_veneer   0x0800901c        0x0
 .vfp11_veneer  0x0800901c        0x0 linker stubs

.v4_bx          0x0800901c        0x0
 .v4_bx         0x0800901c        0x0 linker stubs

.iplt           0x0800901c        0x0
 .iplt          0x0800901c        0x0 C:/ST/STM32CubeIDE_1.15.0/STM32CubeIDE/plugins/com.st.stm32cube.ide.mcu.externaltools.gnu-tools-for-stm32.12.3.rel1.win32_1.0.200.202406191623/tools/bin/../lib/gcc/arm-none-eabi/12.3.1/thumb/v7e-m+fp/hard/crtbegin.o

.rodata         0x08009020      0x260
                0x08009020                        . = ALIGN (0x4)
 *(.rodata)
 *(.rodata*)
 .rodata.APBPrescTable
                0x08009020        0x8 ./Core/Src/system_stm32f7xx.o
                0x08009020                APBPrescTable
 .rodata.AHBPrescTable
                0x08009028       0x10 ./Core/Src/system_stm32f7xx.o
                0x08009028                AHBPrescTable
 .rodata.setBikeMode
                0x08009038       0x2c ./Core/Src/sensors/gps.o
 .rodata.setWirstMode
                0x08009064       0x2c ./Core/Src/sensors/gps.o
 .rodata.setAirbone4GMode
                0x08009090       0x2c ./Core/Src/sensors/gps.o
 .rodata.setAirbone2GMode
                0x080090bc       0x2c ./Core/Src/sensors/gps.o
 .rodata.setAirbone1GMode
                0x080090e8       0x2c ./Core/Src/sensors/gps.o
 .rodata.setAutomotiveMode
                0x08009114       0x2c ./Core/Src/sensors/gps.o
 .rodata.setPedestrianMode
                0x08009140       0x2c ./Core/Src/sensors/gps.o
 .rodata.setStationaryMode
                0x0800916c       0x2c ./Core/Src/sensors/gps.o
 .rodata.setPortableMode
                0x08009198       0x2c ./Core/Src/sensors/gps.o
 .rodata.getPVTData
                0x080091c4        0x8 ./Core/Src/sensors/gps.o
 .rodata.setSampleRate
                0x080091cc        0xe ./Core/Src/sensors/gps.o
 .rodata.setGNSS
                0x080091da       0x2c ./Core/Src/sensors/gps.o
 .rodata.setNMEA410
                0x08009206       0x1c ./Core/Src/sensors/gps.o
 .rodata.configUBX
                0x08009222       0x1c ./Core/Src/sensors/gps.o
 .rodata.flagBitshiftOffset.0
                0x0800923e        0x8 ./Drivers/STM32F7xx_HAL_Driver/Src/stm32f7xx_hal_dma.o
 *fill*         0x08009246        0x2 
 .rodata.TWO23  0x08009248        0x8 C:/ST/STM32CubeIDE_1.15.0/STM32CubeIDE/plugins/com.st.stm32cube.ide.mcu.externaltools.gnu-tools-for-stm32.12.3.rel1.win32_1.0.200.202406191623/tools/bin/../lib/gcc/arm-none-eabi/12.3.1/../../../../arm-none-eabi/lib/thumb/v7e-m+fp/hard\libm.a(libm_a-sf_lrint.o)
 .rodata.dp_l   0x08009250       0x10 C:/ST/STM32CubeIDE_1.15.0/STM32CubeIDE/plugins/com.st.stm32cube.ide.mcu.externaltools.gnu-tools-for-stm32.12.3.rel1.win32_1.0.200.202406191623/tools/bin/../lib/gcc/arm-none-eabi/12.3.1/../../../../arm-none-eabi/lib/thumb/v7e-m+fp/hard\libm.a(libm_a-e_pow.o)
 .rodata.dp_h   0x08009260       0x10 C:/ST/STM32CubeIDE_1.15.0/STM32CubeIDE/plugins/com.st.stm32cube.ide.mcu.externaltools.gnu-tools-for-stm32.12.3.rel1.win32_1.0.200.202406191623/tools/bin/../lib/gcc/arm-none-eabi/12.3.1/../../../../arm-none-eabi/lib/thumb/v7e-m+fp/hard\libm.a(libm_a-e_pow.o)
 .rodata.bp     0x08009270       0x10 C:/ST/STM32CubeIDE_1.15.0/STM32CubeIDE/plugins/com.st.stm32cube.ide.mcu.externaltools.gnu-tools-for-stm32.12.3.rel1.win32_1.0.200.202406191623/tools/bin/../lib/gcc/arm-none-eabi/12.3.1/../../../../arm-none-eabi/lib/thumb/v7e-m+fp/hard\libm.a(libm_a-e_pow.o)
                0x08009280                        . = ALIGN (0x4)

.ARM.extab      0x08009280        0x0
                0x08009280                        . = ALIGN (0x4)
 *(.ARM.extab* .gnu.linkonce.armextab.*)
                0x08009280                        . = ALIGN (0x4)

.ARM            0x08009280        0x8
                0x08009280                        . = ALIGN (0x4)
                0x08009280                        __exidx_start = .
 *(.ARM.exidx*)
 .ARM.exidx     0x08009280        0x8 C:/ST/STM32CubeIDE_1.15.0/STM32CubeIDE/plugins/com.st.stm32cube.ide.mcu.externaltools.gnu-tools-for-stm32.12.3.rel1.win32_1.0.200.202406191623/tools/bin/../lib/gcc/arm-none-eabi/12.3.1/thumb/v7e-m+fp/hard\libgcc.a(_udivmoddi4.o)
                0x08009288                        __exidx_end = .
                0x08009288                        . = ALIGN (0x4)

.preinit_array  0x08009288        0x0
                0x08009288                        . = ALIGN (0x4)
                0x08009288                        PROVIDE (__preinit_array_start = .)
 *(.preinit_array*)
                0x08009288                        PROVIDE (__preinit_array_end = .)
                0x08009288                        . = ALIGN (0x4)

.init_array     0x08009288        0x4
                0x08009288                        . = ALIGN (0x4)
                0x08009288                        PROVIDE (__init_array_start = .)
 *(SORT_BY_NAME(.init_array.*))
 *(.init_array*)
 .init_array    0x08009288        0x4 C:/ST/STM32CubeIDE_1.15.0/STM32CubeIDE/plugins/com.st.stm32cube.ide.mcu.externaltools.gnu-tools-for-stm32.12.3.rel1.win32_1.0.200.202406191623/tools/bin/../lib/gcc/arm-none-eabi/12.3.1/thumb/v7e-m+fp/hard/crtbegin.o
                0x0800928c                        PROVIDE (__init_array_end = .)
                0x0800928c                        . = ALIGN (0x4)

.fini_array     0x0800928c        0x4
                0x0800928c                        . = ALIGN (0x4)
                [!provide]                        PROVIDE (__fini_array_start = .)
 *(SORT_BY_NAME(.fini_array.*))
 *(.fini_array*)
 .fini_array    0x0800928c        0x4 C:/ST/STM32CubeIDE_1.15.0/STM32CubeIDE/plugins/com.st.stm32cube.ide.mcu.externaltools.gnu-tools-for-stm32.12.3.rel1.win32_1.0.200.202406191623/tools/bin/../lib/gcc/arm-none-eabi/12.3.1/thumb/v7e-m+fp/hard/crtbegin.o
                [!provide]                        PROVIDE (__fini_array_end = .)
                0x08009290                        . = ALIGN (0x4)
                0x08009290                        _sidata = LOADADDR (.data)

.rel.dyn        0x08009290        0x0
 .rel.iplt      0x08009290        0x0 C:/ST/STM32CubeIDE_1.15.0/STM32CubeIDE/plugins/com.st.stm32cube.ide.mcu.externaltools.gnu-tools-for-stm32.12.3.rel1.win32_1.0.200.202406191623/tools/bin/../lib/gcc/arm-none-eabi/12.3.1/thumb/v7e-m+fp/hard/crtbegin.o

.data           0x20000000       0xa8 load address 0x08009290
                0x20000000                        . = ALIGN (0x4)
                0x20000000                        _sdata = .
 *(.data)
 *(.data*)
 .data.Cali_count
                0x20000000        0x4 ./Core/Src/main.o
                0x20000000                Cali_count
 .data.SystemCoreClock
                0x20000004        0x4 ./Core/Src/system_stm32f7xx.o
                0x20000004                SystemCoreClock
 .data.qP       0x20000008       0x28 ./Core/Src/flight/imu.o
                0x20000008                qP
 .data.q        0x20000030       0x10 ./Core/Src/flight/imu.o
                0x20000030                q
 .data.uwTickFreq
                0x20000040        0x1 ./Drivers/STM32F7xx_HAL_Driver/Src/stm32f7xx_hal.o
                0x20000040                uwTickFreq
 *fill*         0x20000041        0x3 
 .data.uwTickPrio
                0x20000044        0x4 ./Drivers/STM32F7xx_HAL_Driver/Src/stm32f7xx_hal.o
                0x20000044                uwTickPrio
 .data._impure_ptr
                0x20000048        0x4 C:/ST/STM32CubeIDE_1.15.0/STM32CubeIDE/plugins/com.st.stm32cube.ide.mcu.externaltools.gnu-tools-for-stm32.12.3.rel1.win32_1.0.200.202406191623/tools/bin/../lib/gcc/arm-none-eabi/12.3.1/../../../../arm-none-eabi/lib/thumb/v7e-m+fp/hard\libc_nano.a(libc_a-impure.o)
                0x20000048                _impure_ptr
 .data._impure_data
                0x2000004c       0x4c C:/ST/STM32CubeIDE_1.15.0/STM32CubeIDE/plugins/com.st.stm32cube.ide.mcu.externaltools.gnu-tools-for-stm32.12.3.rel1.win32_1.0.200.202406191623/tools/bin/../lib/gcc/arm-none-eabi/12.3.1/../../../../arm-none-eabi/lib/thumb/v7e-m+fp/hard\libc_nano.a(libc_a-impure.o)
                0x2000004c                _impure_data
 .data.tiny     0x20000098        0x8 C:/ST/STM32CubeIDE_1.15.0/STM32CubeIDE/plugins/com.st.stm32cube.ide.mcu.externaltools.gnu-tools-for-stm32.12.3.rel1.win32_1.0.200.202406191623/tools/bin/../lib/gcc/arm-none-eabi/12.3.1/../../../../arm-none-eabi/lib/thumb/v7e-m+fp/hard\libm.a(libm_a-e_sqrt.o)
 .data.one      0x200000a0        0x8 C:/ST/STM32CubeIDE_1.15.0/STM32CubeIDE/plugins/com.st.stm32cube.ide.mcu.externaltools.gnu-tools-for-stm32.12.3.rel1.win32_1.0.200.202406191623/tools/bin/../lib/gcc/arm-none-eabi/12.3.1/../../../../arm-none-eabi/lib/thumb/v7e-m+fp/hard\libm.a(libm_a-e_sqrt.o)
 *(.RamFunc)
 *(.RamFunc*)
                0x200000a8                        . = ALIGN (0x4)
                0x200000a8                        _edata = .

.igot.plt       0x200000a8        0x0 load address 0x08009338
 .igot.plt      0x200000a8        0x0 C:/ST/STM32CubeIDE_1.15.0/STM32CubeIDE/plugins/com.st.stm32cube.ide.mcu.externaltools.gnu-tools-for-stm32.12.3.rel1.win32_1.0.200.202406191623/tools/bin/../lib/gcc/arm-none-eabi/12.3.1/thumb/v7e-m+fp/hard/crtbegin.o
                0x200000a8                        . = ALIGN (0x4)

.bss            0x200000a8     0x1214 load address 0x08009338
                0x200000a8                        _sbss = .
                0x200000a8                        __bss_start__ = _sbss
 *(.bss)
 .bss           0x200000a8       0x1c C:/ST/STM32CubeIDE_1.15.0/STM32CubeIDE/plugins/com.st.stm32cube.ide.mcu.externaltools.gnu-tools-for-stm32.12.3.rel1.win32_1.0.200.202406191623/tools/bin/../lib/gcc/arm-none-eabi/12.3.1/thumb/v7e-m+fp/hard/crtbegin.o
 *(.bss*)
 .bss.ALT_Derivative_Error.0
                0x200000c4        0x4 ./Core/Src/Altitude.o
 .bss.baroAltOffsetCm.1
                0x200000c8        0x4 ./Core/Src/Altitude.o
 .bss.newBaroAltOffsetCm.2
                0x200000cc        0x4 ./Core/Src/Altitude.o
 .bss.wasArmed.3
                0x200000d0        0x1 ./Core/Src/Altitude.o
 *fill*         0x200000d1        0x3 
 .bss.previousZeroedAltitudeCm
                0x200000d4        0x4 ./Core/Src/Altitude.o
 .bss.zeroedAltitudeDerivative
                0x200000d8        0x4 ./Core/Src/Altitude.o
 .bss.zeroedAltitudeCm
                0x200000dc        0x4 ./Core/Src/Altitude.o
 .bss.baroReady
                0x200000e0        0x1 ./Core/Src/Altitude.o
 .bss.baroCalibrated
                0x200000e1        0x1 ./Core/Src/Altitude.o
 *fill*         0x200000e2        0x2 
 .bss.baroGroundAltitude
                0x200000e4        0x4 ./Core/Src/Altitude.o
 .bss.calibrationCycleCount
                0x200000e8        0x2 ./Core/Src/Altitude.o
 *fill*         0x200000ea        0x2 
 .bss.altitude  0x200000ec       0x94 ./Core/Src/Altitude.o
                0x200000ec                altitude
 .bss.baro_cnt  0x20000180        0x4 ./Core/Src/BMP280.o
                0x20000180                baro_cnt
 .bss.ARMED     0x20000184        0x1 ./Core/Src/Flight_System.o
                0x20000184                ARMED
 .bss.Stick_Reset
                0x20000185        0x1 ./Core/Src/Flight_System.o
                0x20000185                Stick_Reset
 *fill*         0x20000186        0x2 
 .bss.check1    0x20000188        0x4 ./Core/Src/ICM42688P.o
                0x20000188                check1
 .bss.check     0x2000018c        0x4 ./Core/Src/ICM42688P.o
                0x2000018c                check
 .bss.AngleY_PT1
                0x20000190        0x8 ./Core/Src/ICM42688P.o
                0x20000190                AngleY_PT1
 .bss.AngleX_PT1
                0x20000198        0x8 ./Core/Src/ICM42688P.o
                0x20000198                AngleX_PT1
 .bss.VeloZ_PT1
                0x200001a0        0x8 ./Core/Src/ICM42688P.o
                0x200001a0                VeloZ_PT1
 .bss.Gyro_Z_PT2
                0x200001a8        0xc ./Core/Src/ICM42688P.o
                0x200001a8                Gyro_Z_PT2
 .bss.Gyro_Y_PT2
                0x200001b4        0xc ./Core/Src/ICM42688P.o
                0x200001b4                Gyro_Y_PT2
 .bss.Gyro_X_PT2
                0x200001c0        0xc ./Core/Src/ICM42688P.o
                0x200001c0                Gyro_X_PT2
 .bss.Accel_Z_PT2
                0x200001cc        0xc ./Core/Src/ICM42688P.o
                0x200001cc                Accel_Z_PT2
 .bss.Accel_Y_PT2
                0x200001d8        0xc ./Core/Src/ICM42688P.o
                0x200001d8                Accel_Y_PT2
 .bss.Accel_X_PT2
                0x200001e4        0xc ./Core/Src/ICM42688P.o
                0x200001e4                Accel_X_PT2
 .bss.Comple_Angle_Y
                0x200001f0        0xc ./Core/Src/ICM42688P.o
                0x200001f0                Comple_Angle_Y
 .bss.Comple_Angle_X
                0x200001fc        0xc ./Core/Src/ICM42688P.o
                0x200001fc                Comple_Angle_X
 .bss.GYRO_Scale_Factor
                0x20000208        0x4 ./Core/Src/ICM42688P.o
 .bss.ACCEL_Scale_Factor
                0x2000020c        0x4 ./Core/Src/ICM42688P.o
 .bss.g         0x20000210        0xc ./Core/Src/SensorsCalibration.o
                0x20000210                g
 .bss.a         0x2000021c        0xc ./Core/Src/SensorsCalibration.o
                0x2000021c                a
 .bss.hadc1     0x20000228       0x48 ./Core/Src/adc.o
                0x20000228                hadc1
 .bss.Raw_Channel_Value
                0x20000270       0x20 ./Core/Src/crsf.o
                0x20000270                Raw_Channel_Value
 .bss.Link_Stat_Packet
                0x20000290       0x10 ./Core/Src/crsf.o
                0x20000290                Link_Stat_Packet
 .bss.rx_buffer
                0x200002a0       0x1e ./Core/Src/crsf.o
                0x200002a0                rx_buffer
 *fill*         0x200002be        0x2 
 .bss.motor4_dmabuffer
                0x200002c0       0x48 ./Core/Src/dShot.o
 .bss.motor3_dmabuffer
                0x20000308       0x48 ./Core/Src/dShot.o
 .bss.motor2_dmabuffer
                0x20000350       0x48 ./Core/Src/dShot.o
 .bss.motor1_dmabuffer
                0x20000398       0x48 ./Core/Src/dShot.o
 .bss.hi2c1     0x200003e0       0x54 ./Core/Src/i2c.o
                0x200003e0                hi2c1
 .bss.prescale.0
                0x20000434        0x4 ./Core/Src/main.o
 .bss.batt      0x20000438        0x4 ./Core/Src/main.o
                0x20000438                batt
 .bss.debug     0x2000043c        0x4 ./Core/Src/main.o
                0x2000043c                debug
 .bss.mapped_Channel
                0x20000440       0x20 ./Core/Src/main.o
                0x20000440                mapped_Channel
 .bss.uart1_buffer_size
                0x20000460        0x2 ./Core/Src/main.o
                0x20000460                uart1_buffer_size
 .bss.Uart1_Buffer
                0x20000462       0x40 ./Core/Src/main.o
                0x20000462                Uart1_Buffer
 *fill*         0x200004a2        0x2 
 .bss.altVelo_Setpoint
                0x200004a4        0x4 ./Core/Src/main.o
                0x200004a4                altVelo_Setpoint
 .bss.Yaw_Setpoint
                0x200004a8        0x4 ./Core/Src/main.o
                0x200004a8                Yaw_Setpoint
 .bss.Roll_Setpoint
                0x200004ac        0x4 ./Core/Src/main.o
                0x200004ac                Roll_Setpoint
 .bss.Pitch_Setpoint
                0x200004b0        0x4 ./Core/Src/main.o
                0x200004b0                Pitch_Setpoint
 .bss.Throttle  0x200004b4        0x2 ./Core/Src/main.o
                0x200004b4                Throttle
 .bss.motor_cmd
                0x200004b6        0x8 ./Core/Src/main.o
                0x200004b6                motor_cmd
 *fill*         0x200004be        0x2 
 .bss.Alt_Throttle
                0x200004c0        0x4 ./Core/Src/main.o
                0x200004c0                Alt_Throttle
 .bss.Yaw_CMD   0x200004c4        0x4 ./Core/Src/main.o
                0x200004c4                Yaw_CMD
 .bss.Roll_CMD  0x200004c8        0x4 ./Core/Src/main.o
                0x200004c8                Roll_CMD
 .bss.Pitch_CMD
                0x200004cc        0x4 ./Core/Src/main.o
                0x200004cc                Pitch_CMD
 .bss.AltVelo_PID
                0x200004d0       0xb4 ./Core/Src/main.o
                0x200004d0                AltVelo_PID
 .bss.Altitude_PID
                0x20000584       0xb4 ./Core/Src/main.o
                0x20000584                Altitude_PID
 .bss.ALT       0x20000638       0x94 ./Core/Src/main.o
                0x20000638                ALT
 .bss.Yaw_PID   0x200006cc       0xb4 ./Core/Src/main.o
                0x200006cc                Yaw_PID
 .bss.Roll_Rate_PID
                0x20000780       0xb4 ./Core/Src/main.o
                0x20000780                Roll_Rate_PID
 .bss.Roll_Angle_PID
                0x20000834       0xb4 ./Core/Src/main.o
                0x20000834                Roll_Angle_PID
 .bss.Pitch_Rate_PID
                0x200008e8       0xb4 ./Core/Src/main.o
                0x200008e8                Pitch_Rate_PID
 .bss.Pitch_Angle_PID
                0x2000099c       0xb4 ./Core/Src/main.o
                0x2000099c                Pitch_Angle_PID
 .bss.BMP280    0x20000a50       0x58 ./Core/Src/main.o
                0x20000a50                BMP280
 .bss.Gyro      0x20000aa8       0x5c ./Core/Src/main.o
                0x20000aa8                Gyro
 .bss.ACC       0x20000b04       0x90 ./Core/Src/main.o
                0x20000b04                ACC
 .bss.System    0x20000b94        0x1 ./Core/Src/main.o
                0x20000b94                System
 *fill*         0x20000b95        0x3 
 .bss.hspi1     0x20000b98       0x64 ./Core/Src/spi.o
                0x20000b98                hspi1
 .bss.hdma_tim3_ch4_up
                0x20000bfc       0x60 ./Core/Src/tim.o
                0x20000bfc                hdma_tim3_ch4_up
 .bss.hdma_tim3_ch3
                0x20000c5c       0x60 ./Core/Src/tim.o
                0x20000c5c                hdma_tim3_ch3
 .bss.hdma_tim1_ch2
                0x20000cbc       0x60 ./Core/Src/tim.o
                0x20000cbc                hdma_tim1_ch2
 .bss.hdma_tim1_ch1
                0x20000d1c       0x60 ./Core/Src/tim.o
                0x20000d1c                hdma_tim1_ch1
 .bss.htim7     0x20000d7c       0x4c ./Core/Src/tim.o
                0x20000d7c                htim7
 .bss.htim6     0x20000dc8       0x4c ./Core/Src/tim.o
                0x20000dc8                htim6
 .bss.htim3     0x20000e14       0x4c ./Core/Src/tim.o
                0x20000e14                htim3
 .bss.htim1     0x20000e60       0x4c ./Core/Src/tim.o
                0x20000e60                htim1
 .bss.hdma_usart1_rx
                0x20000eac       0x60 ./Core/Src/usart.o
                0x20000eac                hdma_usart1_rx
 .bss.hdma_uart5_rx
                0x20000f0c       0x60 ./Core/Src/usart.o
                0x20000f0c                hdma_uart5_rx
 .bss.huart1    0x20000f6c       0x88 ./Core/Src/usart.o
                0x20000f6c                huart1
 .bss.huart5    0x20000ff4       0x88 ./Core/Src/usart.o
                0x20000ff4                huart5
 .bss.track_time.0
                0x2000107c        0x4 ./Core/Src/flight/imu.o
 .bss.integralFBz.1
                0x20001080        0x4 ./Core/Src/flight/imu.o
 .bss.integralFBy.2
                0x20001084        0x4 ./Core/Src/flight/imu.o
 .bss.integralFBx.3
                0x20001088        0x4 ./Core/Src/flight/imu.o
 .bss.attitude  0x2000108c        0x6 ./Core/Src/flight/imu.o
                0x2000108c                attitude
 *fill*         0x20001092        0x2 
 .bss.rMat      0x20001094       0x24 ./Core/Src/flight/imu.o
                0x20001094                rMat
 .bss.imuRuntimeConfig
                0x200010b8        0x8 ./Core/Src/flight/imu.o
 .bss.gps       0x200010c0       0xb4 ./Core/Src/sensors/gps.o
                0x200010c0                gps
 .bss.iLong     0x20001174        0x4 ./Core/Src/sensors/gps.o
                0x20001174                iLong
 .bss.uLong     0x20001178        0x4 ./Core/Src/sensors/gps.o
                0x20001178                uLong
 .bss.uShort    0x2000117c        0x2 ./Core/Src/sensors/gps.o
                0x2000117c                uShort
 *fill*         0x2000117e        0x2 
 .bss.uwTick    0x20001180        0x4 ./Drivers/STM32F7xx_HAL_Driver/Src/stm32f7xx_hal.o
                0x20001180                uwTick
 .bss.__sf      0x20001184      0x138 C:/ST/STM32CubeIDE_1.15.0/STM32CubeIDE/plugins/com.st.stm32cube.ide.mcu.externaltools.gnu-tools-for-stm32.12.3.rel1.win32_1.0.200.202406191623/tools/bin/../lib/gcc/arm-none-eabi/12.3.1/../../../../arm-none-eabi/lib/thumb/v7e-m+fp/hard\libc_nano.a(libc_a-findfp.o)
                0x20001184                __sf
 *(COMMON)
                0x200012bc                        . = ALIGN (0x4)
                0x200012bc                        _ebss = .
                0x200012bc                        __bss_end__ = _ebss

._user_heap_stack
                0x200012bc      0x604 load address 0x08009338
                0x200012c0                        . = ALIGN (0x8)
 *fill*         0x200012bc        0x4 
                [!provide]                        PROVIDE (end = .)
                0x200012c0                        PROVIDE (_end = .)
                0x200014c0                        . = (. + _Min_Heap_Size)
 *fill*         0x200012c0      0x200 
                0x200018c0                        . = (. + _Min_Stack_Size)
 *fill*         0x200014c0      0x400 
                0x200018c0                        . = ALIGN (0x8)

/DISCARD/
 libc.a(*)
 libm.a(*)
 libgcc.a(*)

.ARM.attributes
                0x00000000       0x30
 *(.ARM.attributes)
 .ARM.attributes
                0x00000000       0x22 C:/ST/STM32CubeIDE_1.15.0/STM32CubeIDE/plugins/com.st.stm32cube.ide.mcu.externaltools.gnu-tools-for-stm32.12.3.rel1.win32_1.0.200.202406191623/tools/bin/../lib/gcc/arm-none-eabi/12.3.1/thumb/v7e-m+fp/hard/crti.o
 .ARM.attributes
                0x00000022       0x34 C:/ST/STM32CubeIDE_1.15.0/STM32CubeIDE/plugins/com.st.stm32cube.ide.mcu.externaltools.gnu-tools-for-stm32.12.3.rel1.win32_1.0.200.202406191623/tools/bin/../lib/gcc/arm-none-eabi/12.3.1/thumb/v7e-m+fp/hard/crtbegin.o
 .ARM.attributes
                0x00000056       0x34 ./Core/Src/Altitude.o
 .ARM.attributes
                0x0000008a       0x34 ./Core/Src/BMP280.o
 .ARM.attributes
                0x000000be       0x34 ./Core/Src/Flight_System.o
 .ARM.attributes
                0x000000f2       0x34 ./Core/Src/ICM42688P.o
 .ARM.attributes
                0x00000126       0x34 ./Core/Src/PID.o
 .ARM.attributes
                0x0000015a       0x34 ./Core/Src/SensorsCalibration.o
 .ARM.attributes
                0x0000018e       0x34 ./Core/Src/Timers.o
 .ARM.attributes
                0x000001c2       0x34 ./Core/Src/adc.o
 .ARM.attributes
                0x000001f6       0x34 ./Core/Src/crsf.o
 .ARM.attributes
                0x0000022a       0x34 ./Core/Src/dShot.o
 .ARM.attributes
                0x0000025e       0x34 ./Core/Src/dma.o
 .ARM.attributes
                0x00000292       0x34 ./Core/Src/filters.o
 .ARM.attributes
                0x000002c6       0x34 ./Core/Src/gpio.o
 .ARM.attributes
                0x000002fa       0x34 ./Core/Src/i2c.o
 .ARM.attributes
                0x0000032e       0x34 ./Core/Src/main.o
 .ARM.attributes
                0x00000362       0x34 ./Core/Src/spi.o
 .ARM.attributes
                0x00000396       0x34 ./Core/Src/stm32f7xx_hal_msp.o
 .ARM.attributes
                0x000003ca       0x34 ./Core/Src/stm32f7xx_it.o
 .ARM.attributes
                0x000003fe       0x34 ./Core/Src/system_stm32f7xx.o
 .ARM.attributes
                0x00000432       0x34 ./Core/Src/tim.o
 .ARM.attributes
                0x00000466       0x34 ./Core/Src/usart.o
 .ARM.attributes
                0x0000049a       0x34 ./Core/Src/CommonMath/maths.o
 .ARM.attributes
                0x000004ce       0x34 ./Core/Src/flight/imu.o
 .ARM.attributes
                0x00000502       0x34 ./Core/Src/sensors/adc.o
 .ARM.attributes
                0x00000536       0x34 ./Core/Src/sensors/gps.o
 .ARM.attributes
                0x0000056a       0x34 ./Core/Src/sensors/gyro.o
 .ARM.attributes
                0x0000059e       0x21 ./Core/Startup/startup_stm32f722retx.o
 .ARM.attributes
                0x000005bf       0x34 ./Drivers/STM32F7xx_HAL_Driver/Src/stm32f7xx_hal.o
 .ARM.attributes
                0x000005f3       0x34 ./Drivers/STM32F7xx_HAL_Driver/Src/stm32f7xx_hal_adc.o
 .ARM.attributes
                0x00000627       0x34 ./Drivers/STM32F7xx_HAL_Driver/Src/stm32f7xx_hal_adc_ex.o
 .ARM.attributes
                0x0000065b       0x34 ./Drivers/STM32F7xx_HAL_Driver/Src/stm32f7xx_hal_cortex.o
 .ARM.attributes
                0x0000068f       0x34 ./Drivers/STM32F7xx_HAL_Driver/Src/stm32f7xx_hal_dma.o
 .ARM.attributes
                0x000006c3       0x34 ./Drivers/STM32F7xx_HAL_Driver/Src/stm32f7xx_hal_gpio.o
 .ARM.attributes
                0x000006f7       0x34 ./Drivers/STM32F7xx_HAL_Driver/Src/stm32f7xx_hal_i2c.o
 .ARM.attributes
                0x0000072b       0x34 ./Drivers/STM32F7xx_HAL_Driver/Src/stm32f7xx_hal_i2c_ex.o
 .ARM.attributes
                0x0000075f       0x34 ./Drivers/STM32F7xx_HAL_Driver/Src/stm32f7xx_hal_pwr_ex.o
 .ARM.attributes
                0x00000793       0x34 ./Drivers/STM32F7xx_HAL_Driver/Src/stm32f7xx_hal_rcc.o
 .ARM.attributes
                0x000007c7       0x34 ./Drivers/STM32F7xx_HAL_Driver/Src/stm32f7xx_hal_rcc_ex.o
 .ARM.attributes
                0x000007fb       0x34 ./Drivers/STM32F7xx_HAL_Driver/Src/stm32f7xx_hal_spi.o
 .ARM.attributes
                0x0000082f       0x34 ./Drivers/STM32F7xx_HAL_Driver/Src/stm32f7xx_hal_tim.o
 .ARM.attributes
                0x00000863       0x34 ./Drivers/STM32F7xx_HAL_Driver/Src/stm32f7xx_hal_tim_ex.o
 .ARM.attributes
                0x00000897       0x34 ./Drivers/STM32F7xx_HAL_Driver/Src/stm32f7xx_hal_uart.o
 .ARM.attributes
                0x000008cb       0x34 ./Drivers/STM32F7xx_HAL_Driver/Src/stm32f7xx_hal_uart_ex.o
 .ARM.attributes
                0x000008ff       0x34 C:/ST/STM32CubeIDE_1.15.0/STM32CubeIDE/plugins/com.st.stm32cube.ide.mcu.externaltools.gnu-tools-for-stm32.12.3.rel1.win32_1.0.200.202406191623/tools/bin/../lib/gcc/arm-none-eabi/12.3.1/../../../../arm-none-eabi/lib/thumb/v7e-m+fp/hard\libc_nano.a(libc_a-findfp.o)
 .ARM.attributes
                0x00000933       0x34 C:/ST/STM32CubeIDE_1.15.0/STM32CubeIDE/plugins/com.st.stm32cube.ide.mcu.externaltools.gnu-tools-for-stm32.12.3.rel1.win32_1.0.200.202406191623/tools/bin/../lib/gcc/arm-none-eabi/12.3.1/../../../../arm-none-eabi/lib/thumb/v7e-m+fp/hard\libc_nano.a(libc_a-memset.o)
 .ARM.attributes
                0x00000967       0x34 C:/ST/STM32CubeIDE_1.15.0/STM32CubeIDE/plugins/com.st.stm32cube.ide.mcu.externaltools.gnu-tools-for-stm32.12.3.rel1.win32_1.0.200.202406191623/tools/bin/../lib/gcc/arm-none-eabi/12.3.1/../../../../arm-none-eabi/lib/thumb/v7e-m+fp/hard\libc_nano.a(libc_a-impure.o)
 .ARM.attributes
                0x0000099b       0x34 C:/ST/STM32CubeIDE_1.15.0/STM32CubeIDE/plugins/com.st.stm32cube.ide.mcu.externaltools.gnu-tools-for-stm32.12.3.rel1.win32_1.0.200.202406191623/tools/bin/../lib/gcc/arm-none-eabi/12.3.1/../../../../arm-none-eabi/lib/thumb/v7e-m+fp/hard\libc_nano.a(libc_a-errno.o)
 .ARM.attributes
                0x000009cf       0x34 C:/ST/STM32CubeIDE_1.15.0/STM32CubeIDE/plugins/com.st.stm32cube.ide.mcu.externaltools.gnu-tools-for-stm32.12.3.rel1.win32_1.0.200.202406191623/tools/bin/../lib/gcc/arm-none-eabi/12.3.1/../../../../arm-none-eabi/lib/thumb/v7e-m+fp/hard\libc_nano.a(libc_a-init.o)
 .ARM.attributes
                0x00000a03       0x34 C:/ST/STM32CubeIDE_1.15.0/STM32CubeIDE/plugins/com.st.stm32cube.ide.mcu.externaltools.gnu-tools-for-stm32.12.3.rel1.win32_1.0.200.202406191623/tools/bin/../lib/gcc/arm-none-eabi/12.3.1/../../../../arm-none-eabi/lib/thumb/v7e-m+fp/hard\libm.a(libm_a-w_pow.o)
 .ARM.attributes
                0x00000a37       0x34 C:/ST/STM32CubeIDE_1.15.0/STM32CubeIDE/plugins/com.st.stm32cube.ide.mcu.externaltools.gnu-tools-for-stm32.12.3.rel1.win32_1.0.200.202406191623/tools/bin/../lib/gcc/arm-none-eabi/12.3.1/../../../../arm-none-eabi/lib/thumb/v7e-m+fp/hard\libm.a(libm_a-wf_sqrt.o)
 .ARM.attributes
                0x00000a6b       0x34 C:/ST/STM32CubeIDE_1.15.0/STM32CubeIDE/plugins/com.st.stm32cube.ide.mcu.externaltools.gnu-tools-for-stm32.12.3.rel1.win32_1.0.200.202406191623/tools/bin/../lib/gcc/arm-none-eabi/12.3.1/../../../../arm-none-eabi/lib/thumb/v7e-m+fp/hard\libm.a(libm_a-s_finite.o)
 .ARM.attributes
                0x00000a9f       0x34 C:/ST/STM32CubeIDE_1.15.0/STM32CubeIDE/plugins/com.st.stm32cube.ide.mcu.externaltools.gnu-tools-for-stm32.12.3.rel1.win32_1.0.200.202406191623/tools/bin/../lib/gcc/arm-none-eabi/12.3.1/../../../../arm-none-eabi/lib/thumb/v7e-m+fp/hard\libm.a(libm_a-sf_lrint.o)
 .ARM.attributes
                0x00000ad3       0x34 C:/ST/STM32CubeIDE_1.15.0/STM32CubeIDE/plugins/com.st.stm32cube.ide.mcu.externaltools.gnu-tools-for-stm32.12.3.rel1.win32_1.0.200.202406191623/tools/bin/../lib/gcc/arm-none-eabi/12.3.1/../../../../arm-none-eabi/lib/thumb/v7e-m+fp/hard\libm.a(libm_a-ef_sqrt.o)
 .ARM.attributes
                0x00000b07       0x34 C:/ST/STM32CubeIDE_1.15.0/STM32CubeIDE/plugins/com.st.stm32cube.ide.mcu.externaltools.gnu-tools-for-stm32.12.3.rel1.win32_1.0.200.202406191623/tools/bin/../lib/gcc/arm-none-eabi/12.3.1/../../../../arm-none-eabi/lib/thumb/v7e-m+fp/hard\libm.a(libm_a-e_pow.o)
 .ARM.attributes
                0x00000b3b       0x34 C:/ST/STM32CubeIDE_1.15.0/STM32CubeIDE/plugins/com.st.stm32cube.ide.mcu.externaltools.gnu-tools-for-stm32.12.3.rel1.win32_1.0.200.202406191623/tools/bin/../lib/gcc/arm-none-eabi/12.3.1/../../../../arm-none-eabi/lib/thumb/v7e-m+fp/hard\libm.a(libm_a-s_fabs.o)
 .ARM.attributes
                0x00000b6f       0x34 C:/ST/STM32CubeIDE_1.15.0/STM32CubeIDE/plugins/com.st.stm32cube.ide.mcu.externaltools.gnu-tools-for-stm32.12.3.rel1.win32_1.0.200.202406191623/tools/bin/../lib/gcc/arm-none-eabi/12.3.1/../../../../arm-none-eabi/lib/thumb/v7e-m+fp/hard\libm.a(libm_a-s_scalbn.o)
 .ARM.attributes
                0x00000ba3       0x34 C:/ST/STM32CubeIDE_1.15.0/STM32CubeIDE/plugins/com.st.stm32cube.ide.mcu.externaltools.gnu-tools-for-stm32.12.3.rel1.win32_1.0.200.202406191623/tools/bin/../lib/gcc/arm-none-eabi/12.3.1/../../../../arm-none-eabi/lib/thumb/v7e-m+fp/hard\libm.a(libm_a-math_err.o)
 .ARM.attributes
                0x00000bd7       0x34 C:/ST/STM32CubeIDE_1.15.0/STM32CubeIDE/plugins/com.st.stm32cube.ide.mcu.externaltools.gnu-tools-for-stm32.12.3.rel1.win32_1.0.200.202406191623/tools/bin/../lib/gcc/arm-none-eabi/12.3.1/../../../../arm-none-eabi/lib/thumb/v7e-m+fp/hard\libm.a(libm_a-e_sqrt.o)
 .ARM.attributes
                0x00000c0b       0x22 C:/ST/STM32CubeIDE_1.15.0/STM32CubeIDE/plugins/com.st.stm32cube.ide.mcu.externaltools.gnu-tools-for-stm32.12.3.rel1.win32_1.0.200.202406191623/tools/bin/../lib/gcc/arm-none-eabi/12.3.1/thumb/v7e-m+fp/hard\libgcc.a(_arm_addsubdf3.o)
 .ARM.attributes
                0x00000c2d       0x22 C:/ST/STM32CubeIDE_1.15.0/STM32CubeIDE/plugins/com.st.stm32cube.ide.mcu.externaltools.gnu-tools-for-stm32.12.3.rel1.win32_1.0.200.202406191623/tools/bin/../lib/gcc/arm-none-eabi/12.3.1/thumb/v7e-m+fp/hard\libgcc.a(_arm_muldivdf3.o)
 .ARM.attributes
                0x00000c4f       0x22 C:/ST/STM32CubeIDE_1.15.0/STM32CubeIDE/plugins/com.st.stm32cube.ide.mcu.externaltools.gnu-tools-for-stm32.12.3.rel1.win32_1.0.200.202406191623/tools/bin/../lib/gcc/arm-none-eabi/12.3.1/thumb/v7e-m+fp/hard\libgcc.a(_arm_cmpdf2.o)
 .ARM.attributes
                0x00000c71       0x22 C:/ST/STM32CubeIDE_1.15.0/STM32CubeIDE/plugins/com.st.stm32cube.ide.mcu.externaltools.gnu-tools-for-stm32.12.3.rel1.win32_1.0.200.202406191623/tools/bin/../lib/gcc/arm-none-eabi/12.3.1/thumb/v7e-m+fp/hard\libgcc.a(_arm_unorddf2.o)
 .ARM.attributes
                0x00000c93       0x22 C:/ST/STM32CubeIDE_1.15.0/STM32CubeIDE/plugins/com.st.stm32cube.ide.mcu.externaltools.gnu-tools-for-stm32.12.3.rel1.win32_1.0.200.202406191623/tools/bin/../lib/gcc/arm-none-eabi/12.3.1/thumb/v7e-m+fp/hard\libgcc.a(_arm_fixdfsi.o)
 .ARM.attributes
                0x00000cb5       0x22 C:/ST/STM32CubeIDE_1.15.0/STM32CubeIDE/plugins/com.st.stm32cube.ide.mcu.externaltools.gnu-tools-for-stm32.12.3.rel1.win32_1.0.200.202406191623/tools/bin/../lib/gcc/arm-none-eabi/12.3.1/thumb/v7e-m+fp/hard\libgcc.a(_arm_fixunsdfsi.o)
 .ARM.attributes
                0x00000cd7       0x22 C:/ST/STM32CubeIDE_1.15.0/STM32CubeIDE/plugins/com.st.stm32cube.ide.mcu.externaltools.gnu-tools-for-stm32.12.3.rel1.win32_1.0.200.202406191623/tools/bin/../lib/gcc/arm-none-eabi/12.3.1/thumb/v7e-m+fp/hard\libgcc.a(_arm_truncdfsf2.o)
 .ARM.attributes
                0x00000cf9       0x22 C:/ST/STM32CubeIDE_1.15.0/STM32CubeIDE/plugins/com.st.stm32cube.ide.mcu.externaltools.gnu-tools-for-stm32.12.3.rel1.win32_1.0.200.202406191623/tools/bin/../lib/gcc/arm-none-eabi/12.3.1/thumb/v7e-m+fp/hard\libgcc.a(_aeabi_ldivmod.o)
 .ARM.attributes
                0x00000d1b       0x22 C:/ST/STM32CubeIDE_1.15.0/STM32CubeIDE/plugins/com.st.stm32cube.ide.mcu.externaltools.gnu-tools-for-stm32.12.3.rel1.win32_1.0.200.202406191623/tools/bin/../lib/gcc/arm-none-eabi/12.3.1/thumb/v7e-m+fp/hard\libgcc.a(_aeabi_uldivmod.o)
 .ARM.attributes
                0x00000d3d       0x34 C:/ST/STM32CubeIDE_1.15.0/STM32CubeIDE/plugins/com.st.stm32cube.ide.mcu.externaltools.gnu-tools-for-stm32.12.3.rel1.win32_1.0.200.202406191623/tools/bin/../lib/gcc/arm-none-eabi/12.3.1/thumb/v7e-m+fp/hard\libgcc.a(_udivmoddi4.o)
 .ARM.attributes
                0x00000d71       0x22 C:/ST/STM32CubeIDE_1.15.0/STM32CubeIDE/plugins/com.st.stm32cube.ide.mcu.externaltools.gnu-tools-for-stm32.12.3.rel1.win32_1.0.200.202406191623/tools/bin/../lib/gcc/arm-none-eabi/12.3.1/thumb/v7e-m+fp/hard\libgcc.a(_dvmd_tls.o)
 .ARM.attributes
                0x00000d93       0x22 C:/ST/STM32CubeIDE_1.15.0/STM32CubeIDE/plugins/com.st.stm32cube.ide.mcu.externaltools.gnu-tools-for-stm32.12.3.rel1.win32_1.0.200.202406191623/tools/bin/../lib/gcc/arm-none-eabi/12.3.1/thumb/v7e-m+fp/hard/crtn.o
OUTPUT(UAV_F722.elf elf32-littlearm)
LOAD linker stubs