Archive member included to satisfy reference by file (symbol)

C:/ST/STM32CubeIDE_1.15.0/STM32CubeIDE/plugins/com.st.stm32cube.ide.mcu.externaltools.gnu-tools-for-stm32.12.3.rel1.win32_1.0.200.202406191623/tools/bin/../lib/gcc/arm-none-eabi/12.3.1/../../../../arm-none-eabi/lib/thumb/v7e-m+fp/hard\libc_nano.a(libc_a-exit.o)
                              C:/ST/STM32CubeIDE_1.15.0/STM32CubeIDE/plugins/com.st.stm32cube.ide.mcu.externaltools.gnu-tools-for-stm32.12.3.rel1.win32_1.0.200.202406191623/tools/bin/../lib/gcc/arm-none-eabi/12.3.1/../../../../arm-none-eabi/lib/thumb/v7e-m+fp/hard/crt0.o (exit)
C:/ST/STM32CubeIDE_1.15.0/STM32CubeIDE/plugins/com.st.stm32cube.ide.mcu.externaltools.gnu-tools-for-stm32.12.3.rel1.win32_1.0.200.202406191623/tools/bin/../lib/gcc/arm-none-eabi/12.3.1/../../../../arm-none-eabi/lib/thumb/v7e-m+fp/hard\libc_nano.a(libc_a-ctype_.o)
                              ./Core/Src/CommonMath/gps_conversion.o (_ctype_)
C:/ST/STM32CubeIDE_1.15.0/STM32CubeIDE/plugins/com.st.stm32cube.ide.mcu.externaltools.gnu-tools-for-stm32.12.3.rel1.win32_1.0.200.202406191623/tools/bin/../lib/gcc/arm-none-eabi/12.3.1/../../../../arm-none-eabi/lib/thumb/v7e-m+fp/hard\libc_nano.a(libc_a-nano-vfprintf_float.o)
                              (_printf_float)
C:/ST/STM32CubeIDE_1.15.0/STM32CubeIDE/plugins/com.st.stm32cube.ide.mcu.externaltools.gnu-tools-for-stm32.12.3.rel1.win32_1.0.200.202406191623/tools/bin/../lib/gcc/arm-none-eabi/12.3.1/../../../../arm-none-eabi/lib/thumb/v7e-m+fp/hard\libc_nano.a(libc_a-nano-vfprintf_i.o)
                              C:/ST/STM32CubeIDE_1.15.0/STM32CubeIDE/plugins/com.st.stm32cube.ide.mcu.externaltools.gnu-tools-for-stm32.12.3.rel1.win32_1.0.200.202406191623/tools/bin/../lib/gcc/arm-none-eabi/12.3.1/../../../../arm-none-eabi/lib/thumb/v7e-m+fp/hard\libc_nano.a(libc_a-nano-vfprintf_float.o) (_printf_common)
C:/ST/STM32CubeIDE_1.15.0/STM32CubeIDE/plugins/com.st.stm32cube.ide.mcu.externaltools.gnu-tools-for-stm32.12.3.rel1.win32_1.0.200.202406191623/tools/bin/../lib/gcc/arm-none-eabi/12.3.1/../../../../arm-none-eabi/lib/thumb/v7e-m+fp/hard\libc_nano.a(libc_a-findfp.o)
                              C:/ST/STM32CubeIDE_1.15.0/STM32CubeIDE/plugins/com.st.stm32cube.ide.mcu.externaltools.gnu-tools-for-stm32.12.3.rel1.win32_1.0.200.202406191623/tools/bin/../lib/gcc/arm-none-eabi/12.3.1/../../../../arm-none-eabi/lib/thumb/v7e-m+fp/hard\libc_nano.a(libc_a-exit.o) (__stdio_exit_handler)
C:/ST/STM32CubeIDE_1.15.0/STM32CubeIDE/plugins/com.st.stm32cube.ide.mcu.externaltools.gnu-tools-for-stm32.12.3.rel1.win32_1.0.200.202406191623/tools/bin/../lib/gcc/arm-none-eabi/12.3.1/../../../../arm-none-eabi/lib/thumb/v7e-m+fp/hard\libc_nano.a(libc_a-fwalk.o)
                              C:/ST/STM32CubeIDE_1.15.0/STM32CubeIDE/plugins/com.st.stm32cube.ide.mcu.externaltools.gnu-tools-for-stm32.12.3.rel1.win32_1.0.200.202406191623/tools/bin/../lib/gcc/arm-none-eabi/12.3.1/../../../../arm-none-eabi/lib/thumb/v7e-m+fp/hard\libc_nano.a(libc_a-findfp.o) (_fwalk_sglue)
C:/ST/STM32CubeIDE_1.15.0/STM32CubeIDE/plugins/com.st.stm32cube.ide.mcu.externaltools.gnu-tools-for-stm32.12.3.rel1.win32_1.0.200.202406191623/tools/bin/../lib/gcc/arm-none-eabi/12.3.1/../../../../arm-none-eabi/lib/thumb/v7e-m+fp/hard\libc_nano.a(libc_a-stdio.o)
                              C:/ST/STM32CubeIDE_1.15.0/STM32CubeIDE/plugins/com.st.stm32cube.ide.mcu.externaltools.gnu-tools-for-stm32.12.3.rel1.win32_1.0.200.202406191623/tools/bin/../lib/gcc/arm-none-eabi/12.3.1/../../../../arm-none-eabi/lib/thumb/v7e-m+fp/hard\libc_nano.a(libc_a-findfp.o) (__sread)
C:/ST/STM32CubeIDE_1.15.0/STM32CubeIDE/plugins/com.st.stm32cube.ide.mcu.externaltools.gnu-tools-for-stm32.12.3.rel1.win32_1.0.200.202406191623/tools/bin/../lib/gcc/arm-none-eabi/12.3.1/../../../../arm-none-eabi/lib/thumb/v7e-m+fp/hard\libc_nano.a(libc_a-memset.o)
                              C:/ST/STM32CubeIDE_1.15.0/STM32CubeIDE/plugins/com.st.stm32cube.ide.mcu.externaltools.gnu-tools-for-stm32.12.3.rel1.win32_1.0.200.202406191623/tools/bin/../lib/gcc/arm-none-eabi/12.3.1/../../../../arm-none-eabi/lib/thumb/v7e-m+fp/hard/crt0.o (memset)
C:/ST/STM32CubeIDE_1.15.0/STM32CubeIDE/plugins/com.st.stm32cube.ide.mcu.externaltools.gnu-tools-for-stm32.12.3.rel1.win32_1.0.200.202406191623/tools/bin/../lib/gcc/arm-none-eabi/12.3.1/../../../../arm-none-eabi/lib/thumb/v7e-m+fp/hard\libc_nano.a(libc_a-localeconv.o)
                              C:/ST/STM32CubeIDE_1.15.0/STM32CubeIDE/plugins/com.st.stm32cube.ide.mcu.externaltools.gnu-tools-for-stm32.12.3.rel1.win32_1.0.200.202406191623/tools/bin/../lib/gcc/arm-none-eabi/12.3.1/../../../../arm-none-eabi/lib/thumb/v7e-m+fp/hard\libc_nano.a(libc_a-nano-vfprintf_float.o) (_localeconv_r)
C:/ST/STM32CubeIDE_1.15.0/STM32CubeIDE/plugins/com.st.stm32cube.ide.mcu.externaltools.gnu-tools-for-stm32.12.3.rel1.win32_1.0.200.202406191623/tools/bin/../lib/gcc/arm-none-eabi/12.3.1/../../../../arm-none-eabi/lib/thumb/v7e-m+fp/hard\libc_nano.a(libc_a-closer.o)
[...]
Memory Configuration

Name             Origin             Length             Attributes
RAM              0x20000000         0x00040000         xrw
FLASH            0x08000000         0x00080000         xr
*default*        0x00000000         0xffffffff

Linker script and memory map

LOAD C:/ST/STM32CubeIDE_1.15.0/STM32CubeIDE/plugins/com.st.stm32cube.ide.mcu.externaltools.gnu-tools-for-stm32.12.3.rel1.win32_1.0.200.202406191623/tools/bin/../lib/gcc/arm-none-eabi/12.3.1/thumb/v7e-m+fp/hard/crti.o
LOAD C:/ST/STM32CubeIDE_1.15.0/STM32CubeIDE/plugins/com.st.stm32cube.ide.mcu.externaltools.gnu-tools-for-stm32.12.3.rel1.win32_1.0.200.202406191623/tools/bin/../lib/gcc/arm-none-eabi/12.3.1/thumb/v7e-m+fp/hard/crtbegin.o
LOAD C:/ST/STM32CubeIDE_1.15.0/STM32CubeIDE/plugins/com.st.stm32cube.ide.mcu.externaltools.gnu-tools-for-stm32.12.3.rel1.win32_1.0.200.202406191623/tools/bin/../lib/gcc/arm-none-eabi/12.3.1/../../../../arm-none-eabi/lib/thumb/v7e-m+fp/hard/crt0.o
LOAD ./Core/Src/CommonMath/crc.o
LOAD ./Core/Src/CommonMath/filters.o
LOAD ./Core/Src/CommonMath/gps_conversion.o
LOAD ./Core/Src/CommonMath/maths.o
LOAD ./Core/Src/CommonMath/streambuf.o
LOAD ./Core/Src/CommonMath/vector.o
LOAD ./Core/Src/ICM42688P.o
LOAD ./Core/Src/PID.o
LOAD ./Core/Src/Timers.o
LOAD ./Core/Src/adc.o
LOAD ./Core/Src/dma.o
LOAD ./Core/Src/gpio.o
LOAD ./Core/Src/i2c.o
LOAD ./Core/Src/main.o
LOAD ./Core/Src/spi.o
LOAD ./Core/Src/stm32f7xx_hal_msp.o
LOAD ./Core/Src/stm32f7xx_it.o
LOAD ./Core/Src/syscalls.o
LOAD ./Core/Src/sysmem.o
LOAD ./Core/Src/system_stm32f7xx.o
LOAD ./Core/Src/tim.o
LOAD ./Core/Src/usart.o
LOAD ./Core/Src/drivers/MTF02.o
LOAD ./Core/Src/drivers/QMC5883L.o
LOAD ./Core/Src/drivers/TFmini_Plus.o
LOAD ./Core/Src/drivers/dShot.o
LOAD ./Core/Src/drivers/dps310.o
LOAD ./Core/Src/flash/Flash_Sector_F4.o
LOAD ./Core/Src/flight/Altitude.o
LOAD ./Core/Src/flight/Flight_System.o
LOAD ./Core/Src/flight/imu.o
LOAD ./Core/Src/flight/init.o
LOAD ./Core/Src/flight/position.o
LOAD ./Core/Src/io/beeper.o
LOAD ./Core/Src/navigation/geo.o
LOAD ./Core/Src/rx/drivers/crsf.o
LOAD ./Core/Src/rx/rx.o
LOAD ./Core/Src/sensors/BMP280.o
LOAD ./Core/Src/sensors/RangeFinder.o
LOAD ./Core/Src/sensors/SensorsCalibration.o
LOAD ./Core/Src/sensors/acceleration.o
LOAD ./Core/Src/sensors/adc.o
LOAD ./Core/Src/sensors/gps.o
LOAD ./Core/Src/sensors/gyro.o
LOAD ./Core/Src/sensors/opFlow.o
LOAD ./Core/Src/telemetry/crsf.o
LOAD ./Core/Startup/startup_stm32f722retx.o
LOAD ./Drivers/STM32F7xx_HAL_Driver/Src/stm32f7xx_hal.o
LOAD ./Drivers/STM32F7xx_HAL_Driver/Src/stm32f7xx_hal_adc.o
LOAD ./Drivers/STM32F7xx_HAL_Driver/Src/stm32f7xx_hal_adc_ex.o
LOAD ./Drivers/STM32F7xx_HAL_Driver/Src/stm32f7xx_hal_cortex.o
LOAD ./Drivers/STM32F7xx_HAL_Driver/Src/stm32f7xx_hal_dma.o
LOAD ./Drivers/STM32F7xx_HAL_Driver/Src/stm32f7xx_hal_dma_ex.o
LOAD ./Drivers/STM32F7xx_HAL_Driver/Src/stm32f7xx_hal_exti.o
LOAD ./Drivers/STM32F7xx_HAL_Driver/Src/stm32f7xx_hal_flash.o
LOAD ./Drivers/STM32F7xx_HAL_Driver/Src/stm32f7xx_hal_flash_ex.o
LOAD ./Drivers/STM32F7xx_HAL_Driver/Src/stm32f7xx_hal_gpio.o
LOAD ./Drivers/STM32F7xx_HAL_Driver/Src/stm32f7xx_hal_i2c.o
LOAD ./Drivers/STM32F7xx_HAL_Driver/Src/stm32f7xx_hal_i2c_ex.o
LOAD ./Drivers/STM32F7xx_HAL_Driver/Src/stm32f7xx_hal_pwr.o
LOAD ./Drivers/STM32F7xx_HAL_Driver/Src/stm32f7xx_hal_pwr_ex.o
LOAD ./Drivers/STM32F7xx_HAL_Driver/Src/stm32f7xx_hal_rcc.o
LOAD ./Drivers/STM32F7xx_HAL_Driver/Src/stm32f7xx_hal_rcc_ex.o
LOAD ./Drivers/STM32F7xx_HAL_Driver/Src/stm32f7xx_hal_spi.o
LOAD ./Drivers/STM32F7xx_HAL_Driver/Src/stm32f7xx_hal_spi_ex.o
LOAD ./Drivers/STM32F7xx_HAL_Driver/Src/stm32f7xx_hal_tim.o
LOAD ./Drivers/STM32F7xx_HAL_Driver/Src/stm32f7xx_hal_tim_ex.o
LOAD ./Drivers/STM32F7xx_HAL_Driver/Src/stm32f7xx_hal_uart.o
LOAD ./Drivers/STM32F7xx_HAL_Driver/Src/stm32f7xx_hal_uart_ex.o
START GROUP
LOAD C:/ST/STM32CubeIDE_1.15.0/STM32CubeIDE/plugins/com.st.stm32cube.ide.mcu.externaltools.gnu-tools-for-stm32.12.3.rel1.win32_1.0.200.202406191623/tools/bin/../lib/gcc/arm-none-eabi/12.3.1/../../../../arm-none-eabi/lib/thumb/v7e-m+fp/hard\libc_nano.a
LOAD C:/ST/STM32CubeIDE_1.15.0/STM32CubeIDE/plugins/com.st.stm32cube.ide.mcu.externaltools.gnu-tools-for-stm32.12.3.rel1.win32_1.0.200.202406191623/tools/bin/../lib/gcc/arm-none-eabi/12.3.1/../../../../arm-none-eabi/lib/thumb/v7e-m+fp/hard\libm.a
END GROUP
START GROUP
LOAD C:/ST/STM32CubeIDE_1.15.0/STM32CubeIDE/plugins/com.st.stm32cube.ide.mcu.externaltools.gnu-tools-for-stm32.12.3.rel1.win32_1.0.200.202406191623/tools/bin/../lib/gcc/arm-none-eabi/12.3.1/thumb/v7e-m+fp/hard\libgcc.a
LOAD C:/ST/STM32CubeIDE_1.15.0/STM32CubeIDE/plugins/com.st.stm32cube.ide.mcu.externaltools.gnu-tools-for-stm32.12.3.rel1.win32_1.0.200.202406191623/tools/bin/../lib/gcc/arm-none-eabi/12.3.1/../../../../arm-none-eabi/lib/thumb/v7e-m+fp/hard\libc_nano.a
END GROUP
START GROUP
LOAD C:/ST/STM32CubeIDE_1.15.0/STM32CubeIDE/plugins/com.st.stm32cube.ide.mcu.externaltools.gnu-tools-for-stm32.12.3.rel1.win32_1.0.200.202406191623/tools/bin/../lib/gcc/arm-none-eabi/12.3.1/thumb/v7e-m+fp/hard\libgcc.a
LOAD C:/ST/STM32CubeIDE_1.15.0/STM32CubeIDE/plugins/com.st.stm32cube.ide.mcu.externaltools.gnu-tools-for-stm32.12.3.rel1.win32_1.0.200.202406191623/tools/bin/../lib/gcc/arm-none-eabi/12.3.1/../../../../arm-none-eabi/lib/thumb/v7e-m+fp/hard\libc_nano.a
LOAD C:/ST/STM32CubeIDE_1.15.0/STM32CubeIDE/plugins/com.st.stm32cube.ide.mcu.externaltools.gnu-tools-for-stm32.12.3.rel1.win32_1.0.200.202406191623/tools/bin/../lib/gcc/arm-none-eabi/12.3.1/../../../../arm-none-eabi/lib/thumb/v7e-m+fp/hard\libnosys.a
END GROUP
START GROUP
LOAD C:/ST/STM32CubeIDE_1.15.0/STM32CubeIDE/plugins/com.st.stm32cube.ide.mcu.externaltools.gnu-tools-for-stm32.12.3.rel1.win32_1.0.200.202406191623/tools/bin/../lib/gcc/arm-none-eabi/12.3.1/thumb/v7e-m+fp/hard\libgcc.a
LOAD C:/ST/STM32CubeIDE_1.15.0/STM32CubeIDE/plugins/com.st.stm32cube.ide.mcu.externaltools.gnu-tools-for-stm32.12.3.rel1.win32_1.0.200.202406191623/tools/bin/../lib/gcc/arm-none-eabi/12.3.1/../../../../arm-none-eabi/lib/thumb/v7e-m+fp/hard\libc_nano.a
LOAD C:/ST/STM32CubeIDE_1.15.0/STM32CubeIDE/plugins/com.st.stm32cube.ide.mcu.externaltools.gnu-tools-for-stm32.12.3.rel1.win32_1.0.200.202406191623/tools/bin/../lib/gcc/arm-none-eabi/12.3.1/../../../../arm-none-eabi/lib/thumb/v7e-m+fp/hard\libnosys.a
END GROUP
LOAD C:/ST/STM32CubeIDE_1.15.0/STM32CubeIDE/plugins/com.st.stm32cube.ide.mcu.externaltools.gnu-tools-for-stm32.12.3.rel1.win32_1.0.200.202406191623/tools/bin/../lib/gcc/arm-none-eabi/12.3.1/thumb/v7e-m+fp/hard/crtend.o
LOAD C:/ST/STM32CubeIDE_1.15.0/STM32CubeIDE/plugins/com.st.stm32cube.ide.mcu.externaltools.gnu-tools-for-stm32.12.3.rel1.win32_1.0.200.202406191623/tools/bin/../lib/gcc/arm-none-eabi/12.3.1/thumb/v7e-m+fp/hard/crtn.o
                0x20040000                        _estack = (ORIGIN (RAM) + LENGTH (RAM))
                0x00000200                        _Min_Heap_Size = 0x200
                0x00000400                        _Min_Stack_Size = 0x400

.isr_vector     0x08000000      0x1e0
                0x08000000                        . = ALIGN (0x4)
 *(.isr_vector)
 .isr_vector    0x08000000      0x1e0 ./Core/Startup/startup_stm32f722retx.o
                0x08000000                g_pfnVectors
                0x080001e0                        . = ALIGN (0x4)

.text           0x080001e0    0x13b64
                0x080001e0                        . = ALIGN (0x4)
 *(.text)
 .text          0x080001e0       0x40 C:/ST/STM32CubeIDE_1.15.0/STM32CubeIDE/plugins/com.st.stm32cube.ide.mcu.externaltools.gnu-tools-for-stm32.12.3.rel1.win32_1.0.200.202406191623/tools/bin/../lib/gcc/arm-none-eabi/12.3.1/thumb/v7e-m+fp/hard/crtbegin.o
 .text          0x08000220       0xa0 C:/ST/STM32CubeIDE_1.15.0/STM32CubeIDE/plugins/com.st.stm32cube.ide.mcu.externaltools.gnu-tools-for-stm32.12.3.rel1.win32_1.0.200.202406191623/tools/bin/../lib/gcc/arm-none-eabi/12.3.1/../../../../arm-none-eabi/lib/thumb/v7e-m+fp/hard\libc_nano.a(libc_a-memchr.o)
                0x08000220                memchr
 .text          0x080002c0       0x10 C:/ST/STM32CubeIDE_1.15.0/STM32CubeIDE/plugins/com.st.stm32cube.ide.mcu.externaltools.gnu-tools-for-stm32.12.3.rel1.win32_1.0.200.202406191623/tools/bin/../lib/gcc/arm-none-eabi/12.3.1/../../../../arm-none-eabi/lib/thumb/v7e-m+fp/hard\libc_nano.a(libc_a-strlen.o)
                0x080002c0                strlen
 .text          0x080002d0      0x378 C:/ST/STM32CubeIDE_1.15.0/STM32CubeIDE/plugins/com.st.stm32cube.ide.mcu.externaltools.gnu-tools-for-stm32.12.3.rel1.win32_1.0.200.202406191623/tools/bin/../lib/gcc/arm-none-eabi/12.3.1/thumb/v7e-m+fp/hard\libgcc.a(_arm_addsubdf3.o)
                0x080002d0                __aeabi_drsub
                0x080002d8                __aeabi_dsub
                0x080002d8                __subdf3
                0x080002dc                __aeabi_dadd
                0x080002dc                __adddf3
                0x08000554                __floatunsidf
                0x08000554                __aeabi_ui2d
                0x08000574                __floatsidf
                0x08000574                __aeabi_i2d
                0x08000598                __aeabi_f2d
                0x08000598                __extendsfdf2
                0x080005dc                __floatundidf
                0x080005dc                __aeabi_ul2d
                0x080005ec                __floatdidf
                0x080005ec                __aeabi_l2d
 .text          0x08000648      0x424 C:/ST/STM32CubeIDE_1.15.0/STM32CubeIDE/plugins/com.st.stm32cube.ide.mcu.externaltools.gnu-tools-for-stm32.12.3.rel1.win32_1.0.200.202406191623/tools/bin/../lib/gcc/arm-none-eabi/12.3.1/thumb/v7e-m+fp/hard\libgcc.a(_arm_muldivdf3.o)
                0x08000648                __aeabi_dmul
                0x08000648                __muldf3
                0x0800089c                __divdf3
                0x0800089c                __aeabi_ddiv
 .text          0x08000a6c      0x110 C:/ST/STM32CubeIDE_1.15.0/STM32CubeIDE/plugins/com.st.stm32cube.ide.mcu.externaltools.gnu-tools-for-stm32.12.3.rel1.win32_1.0.200.202406191623/tools/bin/../lib/gcc/arm-none-eabi/12.3.1/thumb/v7e-m+fp/hard\libgcc.a(_arm_cmpdf2.o)
                0x08000a6c                __gtdf2
                0x08000a6c                __gedf2
                0x08000a74                __ltdf2
                0x08000a74                __ledf2
                0x08000a7c                __nedf2
                0x08000a7c                __eqdf2
                0x08000a7c                __cmpdf2
                0x08000af8                __aeabi_cdrcmple
                0x08000b08                __aeabi_cdcmpeq
                0x08000b08                __aeabi_cdcmple
                0x08000b18                __aeabi_dcmpeq
                0x08000b2c                __aeabi_dcmplt
                0x08000b40                __aeabi_dcmple
                0x08000b54                __aeabi_dcmpge
                0x08000b68                __aeabi_dcmpgt
 .text          0x08000b7c       0x2c C:/ST/STM32CubeIDE_1.15.0/STM32CubeIDE/plugins/com.st.stm32cube.ide.mcu.externaltools.gnu-tools-for-stm32.12.3.rel1.win32_1.0.200.202406191623/tools/bin/../lib/gcc/arm-none-eabi/12.3.1/thumb/v7e-m+fp/hard\libgcc.a(_arm_unorddf2.o)
                0x08000b7c                __unorddf2
                0x08000b7c                __aeabi_dcmpun
 .text          0x08000ba8       0x50 C:/ST/STM32CubeIDE_1.15.0/STM32CubeIDE/plugins/com.st.stm32cube.ide.mcu.externaltools.gnu-tools-for-stm32.12.3.rel1.win32_1.0.200.202406191623/tools/bin/../lib/gcc/arm-none-eabi/12.3.1/thumb/v7e-m+fp/hard\libgcc.a(_arm_fixdfsi.o)
                0x08000ba8                __aeabi_d2iz
                0x08000ba8                __fixdfsi
 .text          0x08000bf8       0x40 C:/ST/STM32CubeIDE_1.15.0/STM32CubeIDE/plugins/com.st.stm32cube.ide.mcu.externaltools.gnu-tools-for-stm32.12.3.rel1.win32_1.0.200.202406191623/tools/bin/../lib/gcc/arm-none-eabi/12.3.1/thumb/v7e-m+fp/hard\libgcc.a(_arm_fixunsdfsi.o)
                0x08000bf8                __aeabi_d2uiz
                0x08000bf8                __fixunsdfsi
 .text          0x08000c38       0xa0 C:/ST/STM32CubeIDE_1.15.0/STM32CubeIDE/plugins/com.st.stm32cube.ide.mcu.externaltools.gnu-tools-for-stm32.12.3.rel1.win32_1.0.200.202406191623/tools/bin/../lib/gcc/arm-none-eabi/12.3.1/thumb/v7e-m+fp/hard\libgcc.a(_arm_truncdfsf2.o)
                0x08000c38                __truncdfsf2
                0x08000c38                __aeabi_d2f
 .text          0x08000cd8       0xa0 C:/ST/STM32CubeIDE_1.15.0/STM32CubeIDE/plugins/com.st.stm32cube.ide.mcu.externaltools.gnu-tools-for-stm32.12.3.rel1.win32_1.0.200.202406191623/tools/bin/../lib/gcc/arm-none-eabi/12.3.1/thumb/v7e-m+fp/hard\libgcc.a(_aeabi_ldivmod.o)
                0x08000cd8                __aeabi_ldivmod
 .text          0x08000d78       0x30 C:/ST/STM32CubeIDE_1.15.0/STM32CubeIDE/plugins/com.st.stm32cube.ide.mcu.externaltools.gnu-tools-for-stm32.12.3.rel1.win32_1.0.200.202406191623/tools/bin/../lib/gcc/arm-none-eabi/12.3.1/thumb/v7e-m+fp/hard\libgcc.a(_aeabi_uldivmod.o)
                0x08000d78                __aeabi_uldivmod
 .text          0x08000da8      0x2bc C:/ST/STM32CubeIDE_1.15.0/STM32CubeIDE/plugins/com.st.stm32cube.ide.mcu.externaltools.gnu-tools-for-stm32.12.3.rel1.win32_1.0.200.202406191623/tools/bin/../lib/gcc/arm-none-eabi/12.3.1/thumb/v7e-m+fp/hard\libgcc.a(_udivmoddi4.o)
                0x08000da8                __udivmoddi4
 .text          0x08001064        0x4 C:/ST/STM32CubeIDE_1.15.0/STM32CubeIDE/plugins/com.st.stm32cube.ide.mcu.externaltools.gnu-tools-for-stm32.12.3.rel1.win32_1.0.200.202406191623/tools/bin/../lib/gcc/arm-none-eabi/12.3.1/thumb/v7e-m+fp/hard\libgcc.a(_dvmd_tls.o)
                0x08001064                __aeabi_idiv0
                0x08001064                __aeabi_ldiv0
 *(.text*)
 .text.pt1FilterGain
                0x08001068       0x50 ./Core/Src/CommonMath/filters.o
                0x08001068                pt1FilterGain
 .text.pt1FilterInit
                0x080010b8       0x26 ./Core/Src/CommonMath/filters.o
                0x080010b8                pt1FilterInit
 .text.pt1FilterApply
                0x080010de       0x4a ./Core/Src/CommonMath/filters.o
                0x080010de                pt1FilterApply
 .text.pt2FilterGain
                0x08001128       0x38 ./Core/Src/CommonMath/filters.o
                0x08001128                pt2FilterGain
 .text.pt2FilterInit
                0x08001160       0x2e ./Core/Src/CommonMath/filters.o
                0x08001160                pt2FilterInit
 .text.pt2FilterApply
                0x0800118e       0x74 ./Core/Src/CommonMath/filters.o
                0x0800118e                pt2FilterApply
 *fill*         0x08001202        0x2 
 .text.pt3FilterGain
                0x08001204       0x38 ./Core/Src/CommonMath/filters.o
                0x08001204                pt3FilterGain
 .text.pt3FilterInit
                0x0800123c       0x36 ./Core/Src/CommonMath/filters.o
                0x0800123c                pt3FilterInit
 .text.pt3FilterApply
                0x08001272       0x9e ./Core/Src/CommonMath/filters.o
                0x08001272                pt3FilterApply
 .text.ComplementaryFilterInit
                0x08001310       0x1e ./Core/Src/CommonMath/filters.o
                0x08001310                ComplementaryFilterInit
 .text.laggedMovingAverageInit
                0x0800132e       0x46 ./Core/Src/CommonMath/filters.o
                0x0800132e                laggedMovingAverageInit
 .text.laggedMovingAverageUpdate
                0x08001374       0xae ./Core/Src/CommonMath/filters.o
                0x08001374                laggedMovingAverageUpdate
 *fill*         0x08001422        0x2 
 .text.sin_approx
                0x08001424      0x158 ./Core/Src/CommonMath/maths.o
                0x08001424                sin_approx
 .text.cos_approx
                0x0800157c       0x30 ./Core/Src/CommonMath/maths.o
                0x0800157c                cos_approx
 .text.atan2_approx
                0x080015ac      0x194 ./Core/Src/CommonMath/maths.o
                0x080015ac                atan2_approx
 .text.acos_approx
                0x08001740       0xa8 ./Core/Src/CommonMath/maths.o
                0x08001740                acos_approx
 .text.mod      0x080017e8       0x40 ./Core/Src/CommonMath/maths.o
                0x080017e8                mod
 .text.isWithinTolerance
                0x08001828       0x8c ./Core/Src/CommonMath/maths.o
                0x08001828                isWithinTolerance
 .text.vector2Dot
                0x080018b4       0x3c ./Core/Src/CommonMath/vector.o
                0x080018b4                vector2Dot
 .text.vector2Cross
                0x080018f0       0x3c ./Core/Src/CommonMath/vector.o
                0x080018f0                vector2Cross
 .text.vector2NormSq
                0x0800192c       0x1e ./Core/Src/CommonMath/vector.o
                0x0800192c                vector2NormSq
 .text.vector2Norm
                0x0800194a       0x28 ./Core/Src/CommonMath/vector.o
                0x0800194a                vector2Norm
 .text.vector3Scale
                0x08001972       0x56 ./Core/Src/CommonMath/vector.o
                0x08001972                vector3Scale
 .text.vector3Dot
                0x080019c8       0x50 ./Core/Src/CommonMath/vector.o
                0x080019c8                vector3Dot
 .text.vector3NormSq
                0x08001a18       0x1e ./Core/Src/CommonMath/vector.o
                0x08001a18                vector3NormSq
 .text.matrixVectorMul
                0x08001a36       0xcc ./Core/Src/CommonMath/vector.o
                0x08001a36                matrixVectorMul
 *fill*         0x08001b02        0x2 
 .text.ICM42688_SPI_CS_LOW
                0x08001b04       0x18 ./Core/Src/ICM42688P.o
                0x08001b04                ICM42688_SPI_CS_LOW
 .text.ICM42688_SPI_CS_HIGH
                0x08001b1c       0x18 ./Core/Src/ICM42688P.o
                0x08001b1c                ICM42688_SPI_CS_HIGH
 .text.ICM42688_SPI_Transfer
                0x08001b34       0x2c ./Core/Src/ICM42688P.o
                0x08001b34                ICM42688_SPI_Transfer
 .text.ICM42688_SPI_Read
                0x08001b60       0x52 ./Core/Src/ICM42688P.o
                0x08001b60                ICM42688_SPI_Read
 .text.ICM42688_SPI_Write
                0x08001bb2       0x30 ./Core/Src/ICM42688P.o
                0x08001bb2                ICM42688_SPI_Write
 .text.ICM42688_WHO_AM_I_Test
                0x08001be2       0x26 ./Core/Src/ICM42688P.o
                0x08001be2                ICM42688_WHO_AM_I_Test
 .text.Set_ACCEL_Para
                0x08001c08       0x6c ./Core/Src/ICM42688P.o
                0x08001c08                Set_ACCEL_Para
 .text.Set_GYRO_Para
                0x08001c74       0xb4 ./Core/Src/ICM42688P.o
                0x08001c74                Set_GYRO_Para
 .text.ICM42688_Init
                0x08001d28      0x2f8 ./Core/Src/ICM42688P.o
                0x08001d28                ICM42688_Init
 .text.ICM42688_ReadAccelGyroData
                0x08002020       0xd8 ./Core/Src/ICM42688P.o
                0x08002020                ICM42688_ReadAccelGyroData
 .text.ICM42688_ReadAccData
                0x080020f8       0xdc ./Core/Src/ICM42688P.o
                0x080020f8                ICM42688_ReadAccData
 .text.ICM42688_ReadGyroData
                0x080021d4       0xdc ./Core/Src/ICM42688P.o
                0x080021d4                ICM42688_ReadGyroData
 .text.Accel_Angle_Convert
                0x080022b0      0x144 ./Core/Src/ICM42688P.o
                0x080022b0                Accel_Angle_Convert
 .text.Gyro_Angle_Convert
                0x080023f4      0x130 ./Core/Src/ICM42688P.o
                0x080023f4                Gyro_Angle_Convert
 .text.ICM42688_GetVelocity
                0x08002524      0x2a0 ./Core/Src/ICM42688P.o
                0x08002524                ICM42688_GetVelocity
 .text.constrainf
                0x080027c4       0x52 ./Core/Src/PID.o
 *fill*         0x08002816        0x2 
 .text.PID_Init
                0x08002818      0x1a8 ./Core/Src/PID.o
                0x08002818                PID_Init
 .text.PID_Equation
                0x080029c0      0x2e8 ./Core/Src/PID.o
                0x080029c0                PID_Equation
 .text.Cascade_PID
                0x08002ca8       0x6e ./Core/Src/PID.o
                0x08002ca8                Cascade_PID
 .text.Calculate_Setpoint
                0x08002d16       0x48 ./Core/Src/PID.o
                0x08002d16                Calculate_Setpoint
 *fill*         0x08002d5e        0x2 
 .text.TIM6_GetTick
                0x08002d60       0x1c ./Core/Src/Timers.o
                0x08002d60                TIM6_GetTick
 .text.GetMicroseconds
                0x08002d7c       0x36 ./Core/Src/Timers.o
                0x08002d7c                GetMicroseconds
 .text.Delay_ms
                0x08002db2       0x56 ./Core/Src/Timers.o
                0x08002db2                Delay_ms
 .text.MX_ADC1_Init
                0x08002e08       0xa4 ./Core/Src/adc.o
                0x08002e08                MX_ADC1_Init
 .text.HAL_ADC_MspInit
                0x08002eac       0x90 ./Core/Src/adc.o
                0x08002eac                HAL_ADC_MspInit
 .text.MX_DMA_Init
                0x08002f3c       0xc4 ./Core/Src/dma.o
                0x08002f3c                MX_DMA_Init
 .text.MX_GPIO_Init
                0x08003000      0x158 ./Core/Src/gpio.o
                0x08003000                MX_GPIO_Init
 .text.MX_I2C1_Init
                0x08003158       0x80 ./Core/Src/i2c.o
                0x08003158                MX_I2C1_Init
 .text.HAL_I2C_MspInit
                0x080031d8       0xc0 ./Core/Src/i2c.o
                0x080031d8                HAL_I2C_MspInit
 .text.HAL_UARTEx_RxEventCallback
                0x08003298      0x104 ./Core/Src/main.o
                0x08003298                HAL_UARTEx_RxEventCallback
 .text.HAL_UART_ErrorCallback
                0x0800339c       0xb8 ./Core/Src/main.o
                0x0800339c                HAL_UART_ErrorCallback
 .text.HAL_ADC_ConvCpltCallback
                0x08003454       0x44 ./Core/Src/main.o
                0x08003454                HAL_ADC_ConvCpltCallback
 .text.HAL_TIM_PeriodElapsedCallback
                0x08003498       0x14 ./Core/Src/main.o
                0x08003498                HAL_TIM_PeriodElapsedCallback
 .text.HAL_GPIO_EXTI_Callback
                0x080034ac      0x30c ./Core/Src/main.o
                0x080034ac                HAL_GPIO_EXTI_Callback
 .text.PROCCESS_PID
                0x080037b8      0x644 ./Core/Src/main.o
                0x080037b8                PROCCESS_PID
 .text.main     0x08003dfc      0x21c ./Core/Src/main.o
                0x08003dfc                main
 .text.SystemClock_Config
                0x08004018       0xd8 ./Core/Src/main.o
                0x08004018                SystemClock_Config
 .text.MPU_Config
                0x080040f0       0x58 ./Core/Src/main.o
 .text.Error_Handler
                0x08004148        0xc ./Core/Src/main.o
                0x08004148                Error_Handler
 .text.MX_SPI1_Init
                0x08004154       0x7c ./Core/Src/spi.o
                0x08004154                MX_SPI1_Init
 .text.HAL_SPI_MspInit
                0x080041d0       0x88 ./Core/Src/spi.o
                0x080041d0                HAL_SPI_MspInit
 .text.HAL_MspInit
                0x08004258       0x48 ./Core/Src/stm32f7xx_hal_msp.o
                0x08004258                HAL_MspInit
 .text.NMI_Handler
                0x080042a0        0x8 ./Core/Src/stm32f7xx_it.o
                0x080042a0                NMI_Handler
 .text.HardFault_Handler
                0x080042a8        0x8 ./Core/Src/stm32f7xx_it.o
                0x080042a8                HardFault_Handler
 .text.MemManage_Handler
                0x080042b0        0x8 ./Core/Src/stm32f7xx_it.o
                0x080042b0                MemManage_Handler
 .text.BusFault_Handler
                0x080042b8        0x8 ./Core/Src/stm32f7xx_it.o
                0x080042b8                BusFault_Handler
 .text.UsageFault_Handler
                0x080042c0        0x8 ./Core/Src/stm32f7xx_it.o
                0x080042c0                UsageFault_Handler
 .text.SVC_Handler
                0x080042c8        0xe ./Core/Src/stm32f7xx_it.o
                0x080042c8                SVC_Handler
 .text.DebugMon_Handler
                0x080042d6        0xe ./Core/Src/stm32f7xx_it.o
                0x080042d6                DebugMon_Handler
 .text.PendSV_Handler
                0x080042e4        0xe ./Core/Src/stm32f7xx_it.o
                0x080042e4                PendSV_Handler
 .text.SysTick_Handler
                0x080042f2        0xc ./Core/Src/stm32f7xx_it.o
                0x080042f2                SysTick_Handler
 .text.EXTI0_IRQHandler
                0x080042fe        0xe ./Core/Src/stm32f7xx_it.o
                0x080042fe                EXTI0_IRQHandler
 .text.EXTI4_IRQHandler
                0x0800430c        0xe ./Core/Src/stm32f7xx_it.o
                0x0800430c                EXTI4_IRQHandler
 *fill*         0x0800431a        0x2 
 .text.DMA1_Stream0_IRQHandler
                0x0800431c       0x14 ./Core/Src/stm32f7xx_it.o
                0x0800431c                DMA1_Stream0_IRQHandler
 .text.DMA1_Stream2_IRQHandler
                0x08004330       0x14 ./Core/Src/stm32f7xx_it.o
                0x08004330                DMA1_Stream2_IRQHandler
 .text.DMA1_Stream5_IRQHandler
                0x08004344       0x14 ./Core/Src/stm32f7xx_it.o
                0x08004344                DMA1_Stream5_IRQHandler
 .text.DMA1_Stream6_IRQHandler
                0x08004358       0x14 ./Core/Src/stm32f7xx_it.o
                0x08004358                DMA1_Stream6_IRQHandler
 .text.ADC_IRQHandler
                0x0800436c       0x14 ./Core/Src/stm32f7xx_it.o
                0x0800436c                ADC_IRQHandler
 .text.USART1_IRQHandler
                0x08004380       0x14 ./Core/Src/stm32f7xx_it.o
                0x08004380                USART1_IRQHandler
 .text.USART2_IRQHandler
                0x08004394       0x14 ./Core/Src/stm32f7xx_it.o
                0x08004394                USART2_IRQHandler
 .text.DMA1_Stream7_IRQHandler
                0x080043a8       0x14 ./Core/Src/stm32f7xx_it.o
                0x080043a8                DMA1_Stream7_IRQHandler
 .text.UART4_IRQHandler
                0x080043bc       0x14 ./Core/Src/stm32f7xx_it.o
                0x080043bc                UART4_IRQHandler
 .text.UART5_IRQHandler
                0x080043d0       0x14 ./Core/Src/stm32f7xx_it.o
                0x080043d0                UART5_IRQHandler
 .text.TIM7_IRQHandler
                0x080043e4       0x14 ./Core/Src/stm32f7xx_it.o
                0x080043e4                TIM7_IRQHandler
 .text.DMA2_Stream1_IRQHandler
                0x080043f8       0x14 ./Core/Src/stm32f7xx_it.o
                0x080043f8                DMA2_Stream1_IRQHandler
 .text.DMA2_Stream2_IRQHandler
                0x0800440c       0x14 ./Core/Src/stm32f7xx_it.o
                0x0800440c                DMA2_Stream2_IRQHandler
 .text.DMA2_Stream5_IRQHandler
                0x08004420       0x14 ./Core/Src/stm32f7xx_it.o
                0x08004420                DMA2_Stream5_IRQHandler
 .text._getpid  0x08004434       0x10 ./Core/Src/syscalls.o
                0x08004434                _getpid
 .text._kill    0x08004444       0x20 ./Core/Src/syscalls.o
                0x08004444                _kill
 .text._exit    0x08004464       0x16 ./Core/Src/syscalls.o
                0x08004464                _exit
 .text._read    0x0800447a       0x3a ./Core/Src/syscalls.o
                0x0800447a                _read
 .text._write   0x080044b4       0x38 ./Core/Src/syscalls.o
                0x080044b4                _write
 .text._close   0x080044ec       0x18 ./Core/Src/syscalls.o
                0x080044ec                _close
 .text._fstat   0x08004504       0x20 ./Core/Src/syscalls.o
                0x08004504                _fstat
 .text._isatty  0x08004524       0x16 ./Core/Src/syscalls.o
                0x08004524                _isatty
 .text._lseek   0x0800453a       0x1a ./Core/Src/syscalls.o
                0x0800453a                _lseek
 .text._sbrk    0x08004554       0x6c ./Core/Src/sysmem.o
                0x08004554                _sbrk
 .text.SystemInit
                0x080045c0       0x24 ./Core/Src/system_stm32f7xx.o
                0x080045c0                SystemInit
 .text.MX_TIM1_Init
                0x080045e4      0x134 ./Core/Src/tim.o
                0x080045e4                MX_TIM1_Init
 .text.MX_TIM3_Init
                0x08004718       0xc8 ./Core/Src/tim.o
                0x08004718                MX_TIM3_Init
 .text.MX_TIM6_Init
                0x080047e0       0x6c ./Core/Src/tim.o
                0x080047e0                MX_TIM6_Init
 .text.MX_TIM7_Init
                0x0800484c       0x6c ./Core/Src/tim.o
                0x0800484c                MX_TIM7_Init
 .text.HAL_TIM_PWM_MspInit
                0x080048b8      0x264 ./Core/Src/tim.o
                0x080048b8                HAL_TIM_PWM_MspInit
 .text.HAL_TIM_Base_MspInit
                0x08004b1c       0x74 ./Core/Src/tim.o
                0x08004b1c                HAL_TIM_Base_MspInit
 .text.HAL_TIM_MspPostInit
                0x08004b90       0xc0 ./Core/Src/tim.o
                0x08004b90                HAL_TIM_MspPostInit
 .text.MX_UART4_Init
                0x08004c50       0x60 ./Core/Src/usart.o
                0x08004c50                MX_UART4_Init
 .text.MX_UART5_Init
                0x08004cb0       0x60 ./Core/Src/usart.o
                0x08004cb0                MX_UART5_Init
 .text.MX_USART1_UART_Init
                0x08004d10       0x74 ./Core/Src/usart.o
                0x08004d10                MX_USART1_UART_Init
 .text.MX_USART2_UART_Init
                0x08004d84       0x60 ./Core/Src/usart.o
                0x08004d84                MX_USART2_UART_Init
 .text.HAL_UART_MspInit
                0x08004de4      0x498 ./Core/Src/usart.o
                0x08004de4                HAL_UART_MspInit
 .text.Disable_Uart1_Half_Callback
                0x0800527c       0x24 ./Core/Src/usart.o
                0x0800527c                Disable_Uart1_Half_Callback
 .text.Disable_Uart5_Half_Callback
                0x080052a0       0x24 ./Core/Src/usart.o
                0x080052a0                Disable_Uart5_Half_Callback
 .text.mtf02_init
                0x080052c4       0x28 ./Core/Src/drivers/MTF02.o
                0x080052c4                mtf02_init
 .text.mtf02_check_sum
                0x080052ec       0x4c ./Core/Src/drivers/MTF02.o
 .text.parse_mtf02_data
                0x08005338       0xde ./Core/Src/drivers/MTF02.o
                0x08005338                parse_mtf02_data
 .text.QMC_init
                0x08005416       0xc6 ./Core/Src/drivers/QMC5883L.o
                0x08005416                QMC_init
 .text.QMC_read
                0x080054dc      0x174 ./Core/Src/drivers/QMC5883L.o
                0x080054dc                QMC_read
 .text.TFmini_Plus_Process_Data
                0x08005650       0x94 ./Core/Src/drivers/TFmini_Plus.o
                0x08005650                TFmini_Plus_Process_Data
 .text.dshot_init
                0x080056e4       0x22 ./Core/Src/drivers/dShot.o
                0x080056e4                dshot_init
 .text.dshot_write
                0x08005706       0x1e ./Core/Src/drivers/dShot.o
                0x08005706                dshot_write
 .text.dshot_choose_type
                0x08005724       0x38 ./Core/Src/drivers/dShot.o
 .text.dshot_set_timer
                0x0800575c       0xfc ./Core/Src/drivers/dShot.o
 .text.dshot_dma_tc_callback
                0x08005858       0x88 ./Core/Src/drivers/dShot.o
 .text.dshot_put_tc_callback_function
                0x080058e0       0x3c ./Core/Src/drivers/dShot.o
 .text.dshot_start_pwm
                0x0800591c       0x30 ./Core/Src/drivers/dShot.o
 .text.dshot_prepare_packet
                0x0800594c       0x6a ./Core/Src/drivers/dShot.o
 .text.dshot_prepare_dmabuffer
                0x080059b6       0x60 ./Core/Src/drivers/dShot.o
 *fill*         0x08005a16        0x2 
 .text.dshot_prepare_dmabuffer_all
                0x08005a18       0x58 ./Core/Src/drivers/dShot.o
 .text.dshot_dma_start
                0x08005a70       0x70 ./Core/Src/drivers/dShot.o
 .text.dshot_enable_dma_request
                0x08005ae0       0x58 ./Core/Src/drivers/dShot.o
 .text.dshot_check_threshold
                0x08005b38       0x88 ./Core/Src/drivers/dShot.o
                0x08005b38                dshot_check_threshold
 .text.GetSector
                0x08005bc0       0xf4 ./Core/Src/flash/Flash_Sector_F4.o
 .text.Flash_Write_Data
                0x08005cb4       0xbc ./Core/Src/flash/Flash_Sector_F4.o
                0x08005cb4                Flash_Write_Data
 .text.Flash_Read_Data
                0x08005d70       0x44 ./Core/Src/flash/Flash_Sector_F4.o
                0x08005d70                Flash_Read_Data
 .text.Alt_Init
                0x08005db4       0xa8 ./Core/Src/flight/Altitude.o
                0x08005db4                Alt_Init
 .text.baroCalibrate
                0x08005e5c       0x94 ./Core/Src/flight/Altitude.o
                0x08005e5c                baroCalibrate
 .text.isBaroReady
                0x08005ef0       0x18 ./Core/Src/flight/Altitude.o
                0x08005ef0                isBaroReady
 .text.calculateHeightFromGround
                0x08005f08       0xc4 ./Core/Src/flight/Altitude.o
 .text.haveRFDist
                0x08005fcc        0xe ./Core/Src/flight/Altitude.o
                0x08005fcc                haveRFDist
 *fill*         0x08005fda        0x2 
 .text.calculateEstimatedAltitude
                0x08005fdc      0x144 ./Core/Src/flight/Altitude.o
                0x08005fdc                calculateEstimatedAltitude
 .text.getAltitudeCm
                0x08006120       0x1c ./Core/Src/flight/Altitude.o
                0x08006120                getAltitudeCm
 *fill*         0x0800613c        0x4 
 .text.Altitude_Rate_Data_Fusion
                0x08006140      0x1e8 ./Core/Src/flight/Altitude.o
                0x08006140                Altitude_Rate_Data_Fusion
 .text.getAltitudeDerivative
                0x08006328       0x1c ./Core/Src/flight/Altitude.o
                0x08006328                getAltitudeDerivative
 .text.altitudeSetpointReset
                0x08006344       0x40 ./Core/Src/flight/Altitude.o
                0x08006344                altitudeSetpointReset
 .text.altitudeSetpointGenerate
                0x08006384       0x78 ./Core/Src/flight/Altitude.o
                0x08006384                altitudeSetpointGenerate
 .text.altitudePidCalculate
                0x080063fc      0x1fc ./Core/Src/flight/Altitude.o
                0x080063fc                altitudePidCalculate
 .text.altitudeControl
                0x080065f8       0x4c ./Core/Src/flight/Altitude.o
                0x080065f8                altitudeControl
 .text.ArmingHandle
                0x08006644       0x7c ./Core/Src/flight/Flight_System.o
                0x08006644                ArmingHandle
 .text.System_Mode_Handle
                0x080066c0       0xb0 ./Core/Src/flight/Flight_System.o
                0x080066c0                System_Mode_Handle
 .text.imuQuaternionComputeProducts
                0x08006770       0xf2 ./Core/Src/flight/imu.o
 *fill*         0x08006862        0x2 
 .text.imuComputeRotationMatrix
                0x08006864      0x12c ./Core/Src/flight/imu.o
                0x08006864                imuComputeRotationMatrix
 .text.invSqrt  0x08006990       0x2c ./Core/Src/flight/imu.o
 .text.mag_init
                0x080069bc       0x74 ./Core/Src/flight/imu.o
 .text.imu_init
                0x08006a30       0x24 ./Core/Src/flight/imu.o
                0x08006a30                imu_init
 .text.imuMahonyAHRSupdate
                0x08006a54      0x558 ./Core/Src/flight/imu.o
                0x08006a54                imuMahonyAHRSupdate
 .text.imuIsAccelerometerHealthy
                0x08006fac       0x50 ./Core/Src/flight/imu.o
                0x08006fac                imuIsAccelerometerHealthy
 .text.imuCalcMagErr
                0x08006ffc      0x110 ./Core/Src/flight/imu.o
 .text.imuUpdateEulerAngles
                0x0800710c       0xd8 ./Core/Src/flight/imu.o
                0x0800710c                imuUpdateEulerAngles
 .text.imuAttitude
                0x080071e4       0xf4 ./Core/Src/flight/imu.o
                0x080071e4                imuAttitude
 .text.init     0x080072d8       0x3c ./Core/Src/flight/init.o
                0x080072d8                init
 .text.geo_init
                0x08007314       0x5c ./Core/Src/flight/position.o
                0x08007314                geo_init
 .text.Packet_Type_Arrange
                0x08007370       0x80 ./Core/Src/rx/drivers/crsf.o
                0x08007370                Packet_Type_Arrange
 .text.Parse_ELRS_Channels
                0x080073f0       0xcc ./Core/Src/rx/drivers/crsf.o
                0x080073f0                Parse_ELRS_Channels
 *fill*         0x080074bc        0x4 
 .text.map_channels
                0x080074c0      0x16c ./Core/Src/rx/drivers/crsf.o
                0x080074c0                map_channels
 .text.rxInit   0x0800762c       0x1c ./Core/Src/rx/rx.o
                0x0800762c                rxInit
 .text.processRX
                0x08007648       0x1c ./Core/Src/rx/rx.o
                0x08007648                processRX
 .text.bmp280_init_default_params
                0x08007664       0x38 ./Core/Src/sensors/BMP280.o
                0x08007664                bmp280_init_default_params
 .text.read_register16
                0x0800769c       0x5c ./Core/Src/sensors/BMP280.o
 .text.read_data
                0x080076f8       0x50 ./Core/Src/sensors/BMP280.o
 .text.read_calibration_data
                0x08007748      0x104 ./Core/Src/sensors/BMP280.o
 .text.read_hum_calibration_data
                0x0800784c       0xc0 ./Core/Src/sensors/BMP280.o
 .text.write_register8
                0x0800790c       0x4a ./Core/Src/sensors/BMP280.o
 .text.BMP280_Init
                0x08007956      0x172 ./Core/Src/sensors/BMP280.o
                0x08007956                BMP280_Init
 .text.compensate_temperature
                0x08007ac8       0x72 ./Core/Src/sensors/BMP280.o
 .text.compensate_pressure
                0x08007b3a      0x57c ./Core/Src/sensors/BMP280.o
 .text.compensate_humidity
                0x080080b6       0xbe ./Core/Src/sensors/BMP280.o
 .text.bmp280_read_fixed
                0x08008174       0xca ./Core/Src/sensors/BMP280.o
                0x08008174                bmp280_read_fixed
 *fill*         0x0800823e        0x2 
 .text.bmp280_read_float
                0x08008240       0x98 ./Core/Src/sensors/BMP280.o
                0x08008240                bmp280_read_float
 .text.pressureToAltitude
                0x080082d8       0x94 ./Core/Src/sensors/BMP280.o
                0x080082d8                pressureToAltitude
 .text.Process_BMP280
                0x0800836c       0xbc ./Core/Src/sensors/BMP280.o
                0x0800836c                Process_BMP280
 .text.rangeFinderFilterInit
                0x08008428       0x34 ./Core/Src/sensors/RangeFinder.o
                0x08008428                rangeFinderFilterInit
 .text.RF_DataProcess
                0x0800845c       0x60 ./Core/Src/sensors/RangeFinder.o
                0x0800845c                RF_DataProcess
 .text.accCalibration
                0x080084bc      0x134 ./Core/Src/sensors/SensorsCalibration.o
                0x080084bc                accCalibration
 .text.gyroCalibration
                0x080085f0      0x130 ./Core/Src/sensors/SensorsCalibration.o
                0x080085f0                gyroCalibration
 .text.magCalibration
                0x08008720      0x270 ./Core/Src/sensors/SensorsCalibration.o
                0x08008720                magCalibration
 .text.saveCalibrationOffsets
                0x08008990       0x1c ./Core/Src/sensors/SensorsCalibration.o
                0x08008990                saveCalibrationOffsets
 .text.loadCalibrationOffsets
                0x080089ac       0x80 ./Core/Src/sensors/SensorsCalibration.o
                0x080089ac                loadCalibrationOffsets
 .text.getBatteryVoltage
                0x08008a2c       0x40 ./Core/Src/sensors/adc.o
                0x08008a2c                getBatteryVoltage
 .text.GetBatteryType
                0x08008a6c       0x9c ./Core/Src/sensors/adc.o
                0x08008a6c                GetBatteryType
 .text.gps_init
                0x08008b08       0xa2 ./Core/Src/sensors/gps.o
                0x08008b08                gps_init
 .text.GNSS_ParseBuffer
                0x08008baa       0xce ./Core/Src/sensors/gps.o
                0x08008baa                GNSS_ParseBuffer
 .text.GNSS_GetPVTData
                0x08008c78       0x34 ./Core/Src/sensors/gps.o
                0x08008c78                GNSS_GetPVTData
 .text.GNSS_ParseUniqID
                0x08008cac       0x44 ./Core/Src/sensors/gps.o
                0x08008cac                GNSS_ParseUniqID
 .text.GNSS_SetMode
                0x08008cf0      0x13c ./Core/Src/sensors/gps.o
                0x08008cf0                GNSS_SetMode
 *fill*         0x08008e2c        0x4 
 .text.GNSS_ParsePVTData
                0x08008e30      0x320 ./Core/Src/sensors/gps.o
                0x08008e30                GNSS_ParsePVTData
 .text.GNSS_ParseNavigatorData
                0x08009150       0x6c ./Core/Src/sensors/gps.o
                0x08009150                GNSS_ParseNavigatorData
 .text.GNSS_ParsePOSLLHData
                0x080091bc      0x178 ./Core/Src/sensors/gps.o
                0x080091bc                GNSS_ParsePOSLLHData
 .text.GNSS_LoadConfig
                0x08009334       0x90 ./Core/Src/sensors/gps.o
                0x08009334                GNSS_LoadConfig
 .text.gyroSlewLimiter
                0x080093c4       0xa4 ./Core/Src/sensors/gyro.o
                0x080093c4                gyroSlewLimiter
 .text.opFlow_init
                0x08009468       0xc4 ./Core/Src/sensors/opFlow.o
                0x08009468                opFlow_init
 .text.opFlow_Data_Process
                0x0800952c      0x184 ./Core/Src/sensors/opFlow.o
                0x0800952c                opFlow_Data_Process
 .text.Reset_Handler
                0x080096b0       0x50 ./Core/Startup/startup_stm32f722retx.o
                0x080096b0                Reset_Handler
 .text.Default_Handler
                0x08009700        0x2 ./Core/Startup/startup_stm32f722retx.o
                0x08009700                RTC_Alarm_IRQHandler
                0x08009700                EXTI2_IRQHandler
                0x08009700                TIM8_CC_IRQHandler
                0x08009700                UART8_IRQHandler
                0x08009700                SPI4_IRQHandler
                0x08009700                TIM1_CC_IRQHandler
                0x08009700                PVD_IRQHandler
                0x08009700                TAMP_STAMP_IRQHandler
                0x08009700                EXTI3_IRQHandler
                0x08009700                TIM8_TRG_COM_TIM14_IRQHandler
                0x08009700                TIM1_UP_TIM10_IRQHandler
                0x08009700                TIM8_UP_TIM13_IRQHandler
                0x08009700                I2C3_ER_IRQHandler
                0x08009700                I2C2_EV_IRQHandler
                0x08009700                CAN1_RX0_IRQHandler
                0x08009700                FPU_IRQHandler
                0x08009700                OTG_HS_WKUP_IRQHandler
                0x08009700                SPI1_IRQHandler
                0x08009700                TIM6_DAC_IRQHandler
                0x08009700                TIM1_BRK_TIM9_IRQHandler
                0x08009700                DMA2_Stream3_IRQHandler
                0x08009700                SAI2_IRQHandler
                0x08009700                USART6_IRQHandler
                0x08009700                USART3_IRQHandler
                0x08009700                CAN1_RX1_IRQHandler
                0x08009700                DMA2_Stream0_IRQHandler
                0x08009700                TIM4_IRQHandler
                0x08009700                QUADSPI_IRQHandler
                0x08009700                I2C1_EV_IRQHandler
                0x08009700                DMA1_Stream1_IRQHandler
                0x08009700                TIM3_IRQHandler
                0x08009700                RCC_IRQHandler
                0x08009700                TIM8_BRK_TIM12_IRQHandler
                0x08009700                Default_Handler
                0x08009700                EXTI15_10_IRQHandler
                0x08009700                SPI5_IRQHandler
                0x08009700                SDMMC1_IRQHandler
                0x08009700                TIM5_IRQHandler
                0x08009700                DMA2_Stream7_IRQHandler
                0x08009700                I2C3_EV_IRQHandler
                0x08009700                EXTI9_5_IRQHandler
                0x08009700                RTC_WKUP_IRQHandler
                0x08009700                SPI2_IRQHandler
                0x08009700                OTG_HS_EP1_IN_IRQHandler
                0x08009700                CAN1_TX_IRQHandler
                0x08009700                RNG_IRQHandler
                0x08009700                OTG_HS_EP1_OUT_IRQHandler
                0x08009700                WWDG_IRQHandler
                0x08009700                TIM2_IRQHandler
                0x08009700                OTG_FS_WKUP_IRQHandler
                0x08009700                TIM1_TRG_COM_TIM11_IRQHandler
                0x08009700                OTG_HS_IRQHandler
                0x08009700                EXTI1_IRQHandler
                0x08009700                SDMMC2_IRQHandler
                0x08009700                UART7_IRQHandler
                0x08009700                I2C2_ER_IRQHandler
                0x08009700                CAN1_SCE_IRQHandler
                0x08009700                FLASH_IRQHandler
                0x08009700                DMA2_Stream4_IRQHandler
                0x08009700                OTG_FS_IRQHandler
                0x08009700                SPI3_IRQHandler
                0x08009700                DMA1_Stream4_IRQHandler
                0x08009700                I2C1_ER_IRQHandler
                0x08009700                FMC_IRQHandler
                0x08009700                LPTIM1_IRQHandler
                0x08009700                DMA2_Stream6_IRQHandler
                0x08009700                SAI1_IRQHandler
                0x08009700                DMA1_Stream3_IRQHandler
 .text.HAL_Init
                0x08009702       0x1a ./Drivers/STM32F7xx_HAL_Driver/Src/stm32f7xx_hal.o
                0x08009702                HAL_Init
 .text.HAL_InitTick
                0x0800971c       0x60 ./Drivers/STM32F7xx_HAL_Driver/Src/stm32f7xx_hal.o
                0x0800971c                HAL_InitTick
 .text.HAL_IncTick
                0x0800977c       0x28 ./Drivers/STM32F7xx_HAL_Driver/Src/stm32f7xx_hal.o
                0x0800977c                HAL_IncTick
 .text.HAL_GetTick
                0x080097a4       0x18 ./Drivers/STM32F7xx_HAL_Driver/Src/stm32f7xx_hal.o
                0x080097a4                HAL_GetTick
 .text.HAL_ADC_Init
                0x080097bc       0x88 ./Drivers/STM32F7xx_HAL_Driver/Src/stm32f7xx_hal_adc.o
                0x080097bc                HAL_ADC_Init
 .text.HAL_ADC_Start_IT
                0x08009844      0x1b0 ./Drivers/STM32F7xx_HAL_Driver/Src/stm32f7xx_hal_adc.o
                0x08009844                HAL_ADC_Start_IT
 .text.HAL_ADC_IRQHandler
                0x080099f4      0x220 ./Drivers/STM32F7xx_HAL_Driver/Src/stm32f7xx_hal_adc.o
                0x080099f4                HAL_ADC_IRQHandler
 .text.HAL_ADC_GetValue
                0x08009c14       0x1a ./Drivers/STM32F7xx_HAL_Driver/Src/stm32f7xx_hal_adc.o
                0x08009c14                HAL_ADC_GetValue
 .text.HAL_ADC_LevelOutOfWindowCallback
                0x08009c2e       0x14 ./Drivers/STM32F7xx_HAL_Driver/Src/stm32f7xx_hal_adc.o
                0x08009c2e                HAL_ADC_LevelOutOfWindowCallback
 .text.HAL_ADC_ErrorCallback
                0x08009c42       0x14 ./Drivers/STM32F7xx_HAL_Driver/Src/stm32f7xx_hal_adc.o
                0x08009c42                HAL_ADC_ErrorCallback
 *fill*         0x08009c56        0x2 
 .text.HAL_ADC_ConfigChannel
                0x08009c58      0x2ac ./Drivers/STM32F7xx_HAL_Driver/Src/stm32f7xx_hal_adc.o
                0x08009c58                HAL_ADC_ConfigChannel
 .text.ADC_Init
                0x08009f04      0x1f4 ./Drivers/STM32F7xx_HAL_Driver/Src/stm32f7xx_hal_adc.o
 .text.HAL_ADCEx_InjectedConvCpltCallback
                0x0800a0f8       0x14 ./Drivers/STM32F7xx_HAL_Driver/Src/stm32f7xx_hal_adc_ex.o
                0x0800a0f8                HAL_ADCEx_InjectedConvCpltCallback
 .text.__NVIC_SetPriorityGrouping
                0x0800a10c       0x48 ./Drivers/STM32F7xx_HAL_Driver/Src/stm32f7xx_hal_cortex.o
 .text.__NVIC_GetPriorityGrouping
                0x0800a154       0x1c ./Drivers/STM32F7xx_HAL_Driver/Src/stm32f7xx_hal_cortex.o
 .text.__NVIC_EnableIRQ
                0x0800a170       0x3c ./Drivers/STM32F7xx_HAL_Driver/Src/stm32f7xx_hal_cortex.o
 .text.__NVIC_SetPriority
                0x0800a1ac       0x54 ./Drivers/STM32F7xx_HAL_Driver/Src/stm32f7xx_hal_cortex.o
 .text.NVIC_EncodePriority
                0x0800a200       0x66 ./Drivers/STM32F7xx_HAL_Driver/Src/stm32f7xx_hal_cortex.o
 *fill*         0x0800a266        0x2 
 .text.SysTick_Config
                0x0800a268       0x44 ./Drivers/STM32F7xx_HAL_Driver/Src/stm32f7xx_hal_cortex.o
 .text.HAL_NVIC_SetPriorityGrouping
                0x0800a2ac       0x16 ./Drivers/STM32F7xx_HAL_Driver/Src/stm32f7xx_hal_cortex.o
                0x0800a2ac                HAL_NVIC_SetPriorityGrouping
 .text.HAL_NVIC_SetPriority
                0x0800a2c2       0x38 ./Drivers/STM32F7xx_HAL_Driver/Src/stm32f7xx_hal_cortex.o
                0x0800a2c2                HAL_NVIC_SetPriority
 .text.HAL_NVIC_EnableIRQ
                0x0800a2fa       0x1c ./Drivers/STM32F7xx_HAL_Driver/Src/stm32f7xx_hal_cortex.o
                0x0800a2fa                HAL_NVIC_EnableIRQ
 .text.HAL_SYSTICK_Config
                0x0800a316       0x18 ./Drivers/STM32F7xx_HAL_Driver/Src/stm32f7xx_hal_cortex.o
                0x0800a316                HAL_SYSTICK_Config
 *fill*         0x0800a32e        0x2 
 .text.HAL_MPU_Disable
                0x0800a330       0x30 ./Drivers/STM32F7xx_HAL_Driver/Src/stm32f7xx_hal_cortex.o
                0x0800a330                HAL_MPU_Disable
 .text.HAL_MPU_Enable
                0x0800a360       0x40 ./Drivers/STM32F7xx_HAL_Driver/Src/stm32f7xx_hal_cortex.o
                0x0800a360                HAL_MPU_Enable
 .text.HAL_MPU_ConfigRegion
                0x0800a3a0       0x80 ./Drivers/STM32F7xx_HAL_Driver/Src/stm32f7xx_hal_cortex.o
                0x0800a3a0                HAL_MPU_ConfigRegion
 .text.HAL_DMA_Init
                0x0800a420      0x15c ./Drivers/STM32F7xx_HAL_Driver/Src/stm32f7xx_hal_dma.o
                0x0800a420                HAL_DMA_Init
 .text.HAL_DMA_Start_IT
                0x0800a57c       0xc0 ./Drivers/STM32F7xx_HAL_Driver/Src/stm32f7xx_hal_dma.o
                0x0800a57c                HAL_DMA_Start_IT
 .text.HAL_DMA_Abort
                0x0800a63c       0xe0 ./Drivers/STM32F7xx_HAL_Driver/Src/stm32f7xx_hal_dma.o
                0x0800a63c                HAL_DMA_Abort
 .text.HAL_DMA_Abort_IT
                0x0800a71c       0x44 ./Drivers/STM32F7xx_HAL_Driver/Src/stm32f7xx_hal_dma.o
                0x0800a71c                HAL_DMA_Abort_IT
 .text.HAL_DMA_IRQHandler
                0x0800a760      0x314 ./Drivers/STM32F7xx_HAL_Driver/Src/stm32f7xx_hal_dma.o
                0x0800a760                HAL_DMA_IRQHandler
 .text.DMA_SetConfig
                0x0800aa74       0x5c ./Drivers/STM32F7xx_HAL_Driver/Src/stm32f7xx_hal_dma.o
 .text.DMA_CalcBaseAndBitshift
                0x0800aad0       0x6c ./Drivers/STM32F7xx_HAL_Driver/Src/stm32f7xx_hal_dma.o
 .text.DMA_CheckFifoParam
                0x0800ab3c       0xf8 ./Drivers/STM32F7xx_HAL_Driver/Src/stm32f7xx_hal_dma.o
 .text.HAL_FLASH_Program
                0x0800ac34       0xb8 ./Drivers/STM32F7xx_HAL_Driver/Src/stm32f7xx_hal_flash.o
                0x0800ac34                HAL_FLASH_Program
 .text.HAL_FLASH_Unlock
                0x0800acec       0x44 ./Drivers/STM32F7xx_HAL_Driver/Src/stm32f7xx_hal_flash.o
                0x0800acec                HAL_FLASH_Unlock
 .text.HAL_FLASH_Lock
                0x0800ad30       0x20 ./Drivers/STM32F7xx_HAL_Driver/Src/stm32f7xx_hal_flash.o
                0x0800ad30                HAL_FLASH_Lock
 .text.HAL_FLASH_GetError
                0x0800ad50       0x18 ./Drivers/STM32F7xx_HAL_Driver/Src/stm32f7xx_hal_flash.o
                0x0800ad50                HAL_FLASH_GetError
 .text.FLASH_WaitForLastOperation
                0x0800ad68       0x80 ./Drivers/STM32F7xx_HAL_Driver/Src/stm32f7xx_hal_flash.o
                0x0800ad68                FLASH_WaitForLastOperation
 .text.FLASH_Program_DoubleWord
                0x0800ade8       0x6c ./Drivers/STM32F7xx_HAL_Driver/Src/stm32f7xx_hal_flash.o
 .text.FLASH_Program_Word
                0x0800ae54       0x4c ./Drivers/STM32F7xx_HAL_Driver/Src/stm32f7xx_hal_flash.o
 .text.FLASH_Program_HalfWord
                0x0800aea0       0x4c ./Drivers/STM32F7xx_HAL_Driver/Src/stm32f7xx_hal_flash.o
 .text.FLASH_Program_Byte
                0x0800aeec       0x48 ./Drivers/STM32F7xx_HAL_Driver/Src/stm32f7xx_hal_flash.o
 .text.FLASH_SetErrorCode
                0x0800af34       0xb0 ./Drivers/STM32F7xx_HAL_Driver/Src/stm32f7xx_hal_flash.o
 .text.HAL_FLASHEx_Erase
                0x0800afe4       0xd8 ./Drivers/STM32F7xx_HAL_Driver/Src/stm32f7xx_hal_flash_ex.o
                0x0800afe4                HAL_FLASHEx_Erase
 .text.FLASH_MassErase
                0x0800b0bc       0x4c ./Drivers/STM32F7xx_HAL_Driver/Src/stm32f7xx_hal_flash_ex.o
 .text.FLASH_Erase_Sector
                0x0800b108       0x98 ./Drivers/STM32F7xx_HAL_Driver/Src/stm32f7xx_hal_flash_ex.o
                0x0800b108                FLASH_Erase_Sector
 .text.HAL_GPIO_Init
                0x0800b1a0      0x338 ./Drivers/STM32F7xx_HAL_Driver/Src/stm32f7xx_hal_gpio.o
                0x0800b1a0                HAL_GPIO_Init
 .text.HAL_GPIO_WritePin
                0x0800b4d8       0x32 ./Drivers/STM32F7xx_HAL_Driver/Src/stm32f7xx_hal_gpio.o
                0x0800b4d8                HAL_GPIO_WritePin
 .text.HAL_GPIO_TogglePin
                0x0800b50a       0x34 ./Drivers/STM32F7xx_HAL_Driver/Src/stm32f7xx_hal_gpio.o
                0x0800b50a                HAL_GPIO_TogglePin
 *fill*         0x0800b53e        0x2 
 .text.HAL_GPIO_EXTI_IRQHandler
                0x0800b540       0x30 ./Drivers/STM32F7xx_HAL_Driver/Src/stm32f7xx_hal_gpio.o
                0x0800b540                HAL_GPIO_EXTI_IRQHandler
 .text.HAL_I2C_Init
                0x0800b570      0x138 ./Drivers/STM32F7xx_HAL_Driver/Src/stm32f7xx_hal_i2c.o
                0x0800b570                HAL_I2C_Init
 .text.HAL_I2C_Mem_Write
                0x0800b6a8      0x228 ./Drivers/STM32F7xx_HAL_Driver/Src/stm32f7xx_hal_i2c.o
                0x0800b6a8                HAL_I2C_Mem_Write
 .text.HAL_I2C_Mem_Read
                0x0800b8d0      0x234 ./Drivers/STM32F7xx_HAL_Driver/Src/stm32f7xx_hal_i2c.o
                0x0800b8d0                HAL_I2C_Mem_Read
 .text.I2C_RequestMemoryWrite
                0x0800bb04       0xa8 ./Drivers/STM32F7xx_HAL_Driver/Src/stm32f7xx_hal_i2c.o
 .text.I2C_RequestMemoryRead
                0x0800bbac       0xa8 ./Drivers/STM32F7xx_HAL_Driver/Src/stm32f7xx_hal_i2c.o
 .text.I2C_Flush_TXDR
                0x0800bc54       0x48 ./Drivers/STM32F7xx_HAL_Driver/Src/stm32f7xx_hal_i2c.o
 .text.I2C_WaitOnFlagUntilTimeout
                0x0800bc9c       0xb2 ./Drivers/STM32F7xx_HAL_Driver/Src/stm32f7xx_hal_i2c.o
 .text.I2C_WaitOnTXISFlagUntilTimeout
                0x0800bd4e       0x8e ./Drivers/STM32F7xx_HAL_Driver/Src/stm32f7xx_hal_i2c.o
 .text.I2C_WaitOnSTOPFlagUntilTimeout
                0x0800bddc       0x86 ./Drivers/STM32F7xx_HAL_Driver/Src/stm32f7xx_hal_i2c.o
 *fill*         0x0800be62        0x2 
 .text.I2C_IsErrorOccurred
                0x0800be64      0x1c0 ./Drivers/STM32F7xx_HAL_Driver/Src/stm32f7xx_hal_i2c.o
 .text.I2C_TransferConfig
                0x0800c024       0x64 ./Drivers/STM32F7xx_HAL_Driver/Src/stm32f7xx_hal_i2c.o
 .text.HAL_I2CEx_ConfigAnalogFilter
                0x0800c088       0x96 ./Drivers/STM32F7xx_HAL_Driver/Src/stm32f7xx_hal_i2c_ex.o
                0x0800c088                HAL_I2CEx_ConfigAnalogFilter
 .text.HAL_I2CEx_ConfigDigitalFilter
                0x0800c11e       0x98 ./Drivers/STM32F7xx_HAL_Driver/Src/stm32f7xx_hal_i2c_ex.o
                0x0800c11e                HAL_I2CEx_ConfigDigitalFilter
 *fill*         0x0800c1b6        0x2 
 .text.HAL_PWREx_EnableOverDrive
                0x0800c1b8       0xa0 ./Drivers/STM32F7xx_HAL_Driver/Src/stm32f7xx_hal_pwr_ex.o
                0x0800c1b8                HAL_PWREx_EnableOverDrive
 .text.HAL_RCC_OscConfig
                0x0800c258      0x548 ./Drivers/STM32F7xx_HAL_Driver/Src/stm32f7xx_hal_rcc.o
                0x0800c258                HAL_RCC_OscConfig
 .text.HAL_RCC_ClockConfig
                0x0800c7a0      0x1d8 ./Drivers/STM32F7xx_HAL_Driver/Src/stm32f7xx_hal_rcc.o
                0x0800c7a0                HAL_RCC_ClockConfig
 .text.HAL_RCC_GetSysClockFreq
                0x0800c978      0x20c ./Drivers/STM32F7xx_HAL_Driver/Src/stm32f7xx_hal_rcc.o
                0x0800c978                HAL_RCC_GetSysClockFreq
 .text.HAL_RCC_GetHCLKFreq
                0x0800cb84       0x18 ./Drivers/STM32F7xx_HAL_Driver/Src/stm32f7xx_hal_rcc.o
                0x0800cb84                HAL_RCC_GetHCLKFreq
 .text.HAL_RCC_GetPCLK1Freq
                0x0800cb9c       0x28 ./Drivers/STM32F7xx_HAL_Driver/Src/stm32f7xx_hal_rcc.o
                0x0800cb9c                HAL_RCC_GetPCLK1Freq
 .text.HAL_RCC_GetPCLK2Freq
                0x0800cbc4       0x28 ./Drivers/STM32F7xx_HAL_Driver/Src/stm32f7xx_hal_rcc.o
                0x0800cbc4                HAL_RCC_GetPCLK2Freq
 .text.HAL_RCCEx_PeriphCLKConfig
                0x0800cbec      0x694 ./Drivers/STM32F7xx_HAL_Driver/Src/stm32f7xx_hal_rcc_ex.o
                0x0800cbec                HAL_RCCEx_PeriphCLKConfig
 .text.HAL_SPI_Init
                0x0800d280      0x156 ./Drivers/STM32F7xx_HAL_Driver/Src/stm32f7xx_hal_spi.o
                0x0800d280                HAL_SPI_Init
 .text.HAL_SPI_TransmitReceive
                0x0800d3d6      0x444 ./Drivers/STM32F7xx_HAL_Driver/Src/stm32f7xx_hal_spi.o
                0x0800d3d6                HAL_SPI_TransmitReceive
 *fill*         0x0800d81a        0x2 
 .text.SPI_WaitFlagStateUntilTimeout
                0x0800d81c      0x110 ./Drivers/STM32F7xx_HAL_Driver/Src/stm32f7xx_hal_spi.o
 .text.SPI_WaitFifoStateUntilTimeout
                0x0800d92c      0x12c ./Drivers/STM32F7xx_HAL_Driver/Src/stm32f7xx_hal_spi.o
 .text.SPI_EndRxTxTransaction
                0x0800da58       0xd4 ./Drivers/STM32F7xx_HAL_Driver/Src/stm32f7xx_hal_spi.o
 .text.HAL_TIM_Base_Init
                0x0800db2c       0xae ./Drivers/STM32F7xx_HAL_Driver/Src/stm32f7xx_hal_tim.o
                0x0800db2c                HAL_TIM_Base_Init
 *fill*         0x0800dbda        0x2 
 .text.HAL_TIM_Base_Start
                0x0800dbdc       0xe0 ./Drivers/STM32F7xx_HAL_Driver/Src/stm32f7xx_hal_tim.o
                0x0800dbdc                HAL_TIM_Base_Start
 .text.HAL_TIM_Base_Start_IT
                0x0800dcbc       0xf0 ./Drivers/STM32F7xx_HAL_Driver/Src/stm32f7xx_hal_tim.o
                0x0800dcbc                HAL_TIM_Base_Start_IT
 .text.HAL_TIM_PWM_Init
                0x0800ddac       0xae ./Drivers/STM32F7xx_HAL_Driver/Src/stm32f7xx_hal_tim.o
                0x0800ddac                HAL_TIM_PWM_Init
 *fill*         0x0800de5a        0x2 
 .text.HAL_TIM_PWM_Start
                0x0800de5c      0x1f4 ./Drivers/STM32F7xx_HAL_Driver/Src/stm32f7xx_hal_tim.o
                0x0800de5c                HAL_TIM_PWM_Start
 .text.HAL_TIM_IRQHandler
                0x0800e050      0x20e ./Drivers/STM32F7xx_HAL_Driver/Src/stm32f7xx_hal_tim.o
                0x0800e050                HAL_TIM_IRQHandler
 *fill*         0x0800e25e        0x2 
 .text.HAL_TIM_PWM_ConfigChannel
                0x0800e260      0x228 ./Drivers/STM32F7xx_HAL_Driver/Src/stm32f7xx_hal_tim.o
                0x0800e260                HAL_TIM_PWM_ConfigChannel
 .text.HAL_TIM_OC_DelayElapsedCallback
                0x0800e488       0x14 ./Drivers/STM32F7xx_HAL_Driver/Src/stm32f7xx_hal_tim.o
                0x0800e488                HAL_TIM_OC_DelayElapsedCallback
 .text.HAL_TIM_IC_CaptureCallback
                0x0800e49c       0x14 ./Drivers/STM32F7xx_HAL_Driver/Src/stm32f7xx_hal_tim.o
                0x0800e49c                HAL_TIM_IC_CaptureCallback
 .text.HAL_TIM_PWM_PulseFinishedCallback
                0x0800e4b0       0x14 ./Drivers/STM32F7xx_HAL_Driver/Src/stm32f7xx_hal_tim.o
                0x0800e4b0                HAL_TIM_PWM_PulseFinishedCallback
 .text.HAL_TIM_TriggerCallback
                0x0800e4c4       0x14 ./Drivers/STM32F7xx_HAL_Driver/Src/stm32f7xx_hal_tim.o
                0x0800e4c4                HAL_TIM_TriggerCallback
 .text.TIM_Base_SetConfig
                0x0800e4d8      0x158 ./Drivers/STM32F7xx_HAL_Driver/Src/stm32f7xx_hal_tim.o
                0x0800e4d8                TIM_Base_SetConfig
 .text.TIM_OC1_SetConfig
                0x0800e630       0xe4 ./Drivers/STM32F7xx_HAL_Driver/Src/stm32f7xx_hal_tim.o
 .text.TIM_OC2_SetConfig
                0x0800e714       0xf0 ./Drivers/STM32F7xx_HAL_Driver/Src/stm32f7xx_hal_tim.o
                0x0800e714                TIM_OC2_SetConfig
 .text.TIM_OC3_SetConfig
                0x0800e804       0xec ./Drivers/STM32F7xx_HAL_Driver/Src/stm32f7xx_hal_tim.o
 .text.TIM_OC4_SetConfig
                0x0800e8f0       0xb0 ./Drivers/STM32F7xx_HAL_Driver/Src/stm32f7xx_hal_tim.o
 .text.TIM_OC5_SetConfig
                0x0800e9a0       0xa4 ./Drivers/STM32F7xx_HAL_Driver/Src/stm32f7xx_hal_tim.o
 .text.TIM_OC6_SetConfig
                0x0800ea44       0xa8 ./Drivers/STM32F7xx_HAL_Driver/Src/stm32f7xx_hal_tim.o
 .text.TIM_CCxChannelCmd
                0x0800eaec       0x4a ./Drivers/STM32F7xx_HAL_Driver/Src/stm32f7xx_hal_tim.o
                0x0800eaec                TIM_CCxChannelCmd
 *fill*         0x0800eb36        0x2 
 .text.HAL_TIMEx_MasterConfigSynchronization
                0x0800eb38      0x11c ./Drivers/STM32F7xx_HAL_Driver/Src/stm32f7xx_hal_tim_ex.o
                0x0800eb38                HAL_TIMEx_MasterConfigSynchronization
 .text.HAL_TIMEx_ConfigBreakDeadTime
                0x0800ec54       0xfc ./Drivers/STM32F7xx_HAL_Driver/Src/stm32f7xx_hal_tim_ex.o
                0x0800ec54                HAL_TIMEx_ConfigBreakDeadTime
 .text.HAL_TIMEx_CommutCallback
                0x0800ed50       0x14 ./Drivers/STM32F7xx_HAL_Driver/Src/stm32f7xx_hal_tim_ex.o
                0x0800ed50                HAL_TIMEx_CommutCallback
 .text.HAL_TIMEx_BreakCallback
                0x0800ed64       0x14 ./Drivers/STM32F7xx_HAL_Driver/Src/stm32f7xx_hal_tim_ex.o
                0x0800ed64                HAL_TIMEx_BreakCallback
 .text.HAL_TIMEx_Break2Callback
                0x0800ed78       0x14 ./Drivers/STM32F7xx_HAL_Driver/Src/stm32f7xx_hal_tim_ex.o
                0x0800ed78                HAL_TIMEx_Break2Callback
 .text.HAL_UART_Init
                0x0800ed8c       0x9c ./Drivers/STM32F7xx_HAL_Driver/Src/stm32f7xx_hal_uart.o
                0x0800ed8c                HAL_UART_Init
 .text.HAL_UART_Transmit
                0x0800ee28      0x112 ./Drivers/STM32F7xx_HAL_Driver/Src/stm32f7xx_hal_uart.o
                0x0800ee28                HAL_UART_Transmit
 *fill*         0x0800ef3a        0x2 
 .text.HAL_UART_Transmit_IT
                0x0800ef3c       0xbc ./Drivers/STM32F7xx_HAL_Driver/Src/stm32f7xx_hal_uart.o
                0x0800ef3c                HAL_UART_Transmit_IT
 .text.HAL_UART_IRQHandler
                0x0800eff8      0x5a4 ./Drivers/STM32F7xx_HAL_Driver/Src/stm32f7xx_hal_uart.o
                0x0800eff8                HAL_UART_IRQHandler
 .text.HAL_UART_TxCpltCallback
                0x0800f59c       0x14 ./Drivers/STM32F7xx_HAL_Driver/Src/stm32f7xx_hal_uart.o
                0x0800f59c                HAL_UART_TxCpltCallback
 .text.HAL_UART_RxCpltCallback
                0x0800f5b0       0x14 ./Drivers/STM32F7xx_HAL_Driver/Src/stm32f7xx_hal_uart.o
                0x0800f5b0                HAL_UART_RxCpltCallback
 .text.HAL_UART_RxHalfCpltCallback
                0x0800f5c4       0x14 ./Drivers/STM32F7xx_HAL_Driver/Src/stm32f7xx_hal_uart.o
                0x0800f5c4                HAL_UART_RxHalfCpltCallback
 .text.UART_SetConfig
                0x0800f5d8      0x4c8 ./Drivers/STM32F7xx_HAL_Driver/Src/stm32f7xx_hal_uart.o
                0x0800f5d8                UART_SetConfig
 .text.UART_AdvFeatureConfig
                0x0800faa0      0x144 ./Drivers/STM32F7xx_HAL_Driver/Src/stm32f7xx_hal_uart.o
                0x0800faa0                UART_AdvFeatureConfig
 .text.UART_CheckIdleState
                0x0800fbe4       0xae ./Drivers/STM32F7xx_HAL_Driver/Src/stm32f7xx_hal_uart.o
                0x0800fbe4                UART_CheckIdleState
 .text.UART_WaitOnFlagUntilTimeout
                0x0800fc92       0xda ./Drivers/STM32F7xx_HAL_Driver/Src/stm32f7xx_hal_uart.o
                0x0800fc92                UART_WaitOnFlagUntilTimeout
 .text.UART_Start_Receive_DMA
                0x0800fd6c      0x140 ./Drivers/STM32F7xx_HAL_Driver/Src/stm32f7xx_hal_uart.o
                0x0800fd6c                UART_Start_Receive_DMA
 .text.UART_EndTxTransfer
                0x0800feac       0x4c ./Drivers/STM32F7xx_HAL_Driver/Src/stm32f7xx_hal_uart.o
 .text.UART_EndRxTransfer
                0x0800fef8       0xc8 ./Drivers/STM32F7xx_HAL_Driver/Src/stm32f7xx_hal_uart.o
 .text.UART_DMAReceiveCplt
                0x0800ffc0      0x128 ./Drivers/STM32F7xx_HAL_Driver/Src/stm32f7xx_hal_uart.o
 .text.UART_DMARxHalfCplt
                0x080100e8       0x3e ./Drivers/STM32F7xx_HAL_Driver/Src/stm32f7xx_hal_uart.o
 .text.UART_DMAError
                0x08010126       0x7e ./Drivers/STM32F7xx_HAL_Driver/Src/stm32f7xx_hal_uart.o
 .text.UART_DMAAbortOnError
                0x080101a4       0x2c ./Drivers/STM32F7xx_HAL_Driver/Src/stm32f7xx_hal_uart.o
 .text.UART_TxISR_8BIT
                0x080101d0       0xb6 ./Drivers/STM32F7xx_HAL_Driver/Src/stm32f7xx_hal_uart.o
 .text.UART_TxISR_16BIT
                0x08010286       0xc0 ./Drivers/STM32F7xx_HAL_Driver/Src/stm32f7xx_hal_uart.o
 .text.UART_EndTransmit_IT
                0x08010346       0x54 ./Drivers/STM32F7xx_HAL_Driver/Src/stm32f7xx_hal_uart.o
 .text.HAL_UARTEx_ReceiveToIdle_DMA
                0x0801039a       0xa8 ./Drivers/STM32F7xx_HAL_Driver/Src/stm32f7xx_hal_uart_ex.o
                0x0801039a                HAL_UARTEx_ReceiveToIdle_DMA
 .text.__cvt    0x08010442       0xca C:/ST/STM32CubeIDE_1.15.0/STM32CubeIDE/plugins/com.st.stm32cube.ide.mcu.externaltools.gnu-tools-for-stm32.12.3.rel1.win32_1.0.200.202406191623/tools/bin/../lib/gcc/arm-none-eabi/12.3.1/../../../../arm-none-eabi/lib/thumb/v7e-m+fp/hard\libc_nano.a(libc_a-nano-vfprintf_float.o)
                0x08010442                __cvt
 .text.__exponent
                0x0801050c       0x74 C:/ST/STM32CubeIDE_1.15.0/STM32CubeIDE/plugins/com.st.stm32cube.ide.mcu.externaltools.gnu-tools-for-stm32.12.3.rel1.win32_1.0.200.202406191623/tools/bin/../lib/gcc/arm-none-eabi/12.3.1/../../../../arm-none-eabi/lib/thumb/v7e-m+fp/hard\libc_nano.a(libc_a-nano-vfprintf_float.o)
                0x0801050c                __exponent
 .text._printf_float
                0x08010580      0x454 C:/ST/STM32CubeIDE_1.15.0/STM32CubeIDE/plugins/com.st.stm32cube.ide.mcu.externaltools.gnu-tools-for-stm32.12.3.rel1.win32_1.0.200.202406191623/tools/bin/../lib/gcc/arm-none-eabi/12.3.1/../../../../arm-none-eabi/lib/thumb/v7e-m+fp/hard\libc_nano.a(libc_a-nano-vfprintf_float.o)
                0x08010580                _printf_float
 .text._printf_common
                0x080109d4       0xda C:/ST/STM32CubeIDE_1.15.0/STM32CubeIDE/plugins/com.st.stm32cube.ide.mcu.externaltools.gnu-tools-for-stm32.12.3.rel1.win32_1.0.200.202406191623/tools/bin/../lib/gcc/arm-none-eabi/12.3.1/../../../../arm-none-eabi/lib/thumb/v7e-m+fp/hard\libc_nano.a(libc_a-nano-vfprintf_i.o)
                0x080109d4                _printf_common
 *fill*         0x08010aae        0x2 
 .text._printf_i
                0x08010ab0      0x240 C:/ST/STM32CubeIDE_1.15.0/STM32CubeIDE/plugins/com.st.stm32cube.ide.mcu.externaltools.gnu-tools-for-stm32.12.3.rel1.win32_1.0.200.202406191623/tools/bin/../lib/gcc/arm-none-eabi/12.3.1/../../../../arm-none-eabi/lib/thumb/v7e-m+fp/hard\libc_nano.a(libc_a-nano-vfprintf_i.o)
                0x08010ab0                _printf_i
 .text.std      0x08010cf0       0x6c C:/ST/STM32CubeIDE_1.15.0/STM32CubeIDE/plugins/com.st.stm32cube.ide.mcu.externaltools.gnu-tools-for-stm32.12.3.rel1.win32_1.0.200.202406191623/tools/bin/../lib/gcc/arm-none-eabi/12.3.1/../../../../arm-none-eabi/lib/thumb/v7e-m+fp/hard\libc_nano.a(libc_a-findfp.o)
 .text.stdio_exit_handler
                0x08010d5c       0x18 C:/ST/STM32CubeIDE_1.15.0/STM32CubeIDE/plugins/com.st.stm32cube.ide.mcu.externaltools.gnu-tools-for-stm32.12.3.rel1.win32_1.0.200.202406191623/tools/bin/../lib/gcc/arm-none-eabi/12.3.1/../../../../arm-none-eabi/lib/thumb/v7e-m+fp/hard\libc_nano.a(libc_a-findfp.o)
 .text.cleanup_stdio
                0x08010d74       0x40 C:/ST/STM32CubeIDE_1.15.0/STM32CubeIDE/plugins/com.st.stm32cube.ide.mcu.externaltools.gnu-tools-for-stm32.12.3.rel1.win32_1.0.200.202406191623/tools/bin/../lib/gcc/arm-none-eabi/12.3.1/../../../../arm-none-eabi/lib/thumb/v7e-m+fp/hard\libc_nano.a(libc_a-findfp.o)
 .text.global_stdio_init.part.0
                0x08010db4       0x3c C:/ST/STM32CubeIDE_1.15.0/STM32CubeIDE/plugins/com.st.stm32cube.ide.mcu.externaltools.gnu-tools-for-stm32.12.3.rel1.win32_1.0.200.202406191623/tools/bin/../lib/gcc/arm-none-eabi/12.3.1/../../../../arm-none-eabi/lib/thumb/v7e-m+fp/hard\libc_nano.a(libc_a-findfp.o)
 .text.__sfp_lock_acquire
                0x08010df0        0xc C:/ST/STM32CubeIDE_1.15.0/STM32CubeIDE/plugins/com.st.stm32cube.ide.mcu.externaltools.gnu-tools-for-stm32.12.3.rel1.win32_1.0.200.202406191623/tools/bin/../lib/gcc/arm-none-eabi/12.3.1/../../../../arm-none-eabi/lib/thumb/v7e-m+fp/hard\libc_nano.a(libc_a-findfp.o)
                0x08010df0                __sfp_lock_acquire
 .text.__sfp_lock_release
                0x08010dfc        0xc C:/ST/STM32CubeIDE_1.15.0/STM32CubeIDE/plugins/com.st.stm32cube.ide.mcu.externaltools.gnu-tools-for-stm32.12.3.rel1.win32_1.0.200.202406191623/tools/bin/../lib/gcc/arm-none-eabi/12.3.1/../../../../arm-none-eabi/lib/thumb/v7e-m+fp/hard\libc_nano.a(libc_a-findfp.o)
                0x08010dfc                __sfp_lock_release
 .text.__sinit  0x08010e08       0x30 C:/ST/STM32CubeIDE_1.15.0/STM32CubeIDE/plugins/com.st.stm32cube.ide.mcu.externaltools.gnu-tools-for-stm32.12.3.rel1.win32_1.0.200.202406191623/tools/bin/../lib/gcc/arm-none-eabi/12.3.1/../../../../arm-none-eabi/lib/thumb/v7e-m+fp/hard\libc_nano.a(libc_a-findfp.o)
                0x08010e08                __sinit
 .text._fwalk_sglue
                0x08010e38       0x3c C:/ST/STM32CubeIDE_1.15.0/STM32CubeIDE/plugins/com.st.stm32cube.ide.mcu.externaltools.gnu-tools-for-stm32.12.3.rel1.win32_1.0.200.202406191623/tools/bin/../lib/gcc/arm-none-eabi/12.3.1/../../../../arm-none-eabi/lib/thumb/v7e-m+fp/hard\libc_nano.a(libc_a-fwalk.o)
                0x08010e38                _fwalk_sglue
 .text.__sread  0x08010e74       0x22 C:/ST/STM32CubeIDE_1.15.0/STM32CubeIDE/plugins/com.st.stm32cube.ide.mcu.externaltools.gnu-tools-for-stm32.12.3.rel1.win32_1.0.200.202406191623/tools/bin/../lib/gcc/arm-none-eabi/12.3.1/../../../../arm-none-eabi/lib/thumb/v7e-m+fp/hard\libc_nano.a(libc_a-stdio.o)
                0x08010e74                __sread
 .text.__swrite
                0x08010e96       0x38 C:/ST/STM32CubeIDE_1.15.0/STM32CubeIDE/plugins/com.st.stm32cube.ide.mcu.externaltools.gnu-tools-for-stm32.12.3.rel1.win32_1.0.200.202406191623/tools/bin/../lib/gcc/arm-none-eabi/12.3.1/../../../../arm-none-eabi/lib/thumb/v7e-m+fp/hard\libc_nano.a(libc_a-stdio.o)
                0x08010e96                __swrite
 .text.__sseek  0x08010ece       0x24 C:/ST/STM32CubeIDE_1.15.0/STM32CubeIDE/plugins/com.st.stm32cube.ide.mcu.externaltools.gnu-tools-for-stm32.12.3.rel1.win32_1.0.200.202406191623/tools/bin/../lib/gcc/arm-none-eabi/12.3.1/../../../../arm-none-eabi/lib/thumb/v7e-m+fp/hard\libc_nano.a(libc_a-stdio.o)
                0x08010ece                __sseek
 .text.__sclose
                0x08010ef2        0x8 C:/ST/STM32CubeIDE_1.15.0/STM32CubeIDE/plugins/com.st.stm32cube.ide.mcu.externaltools.gnu-tools-for-stm32.12.3.rel1.win32_1.0.200.202406191623/tools/bin/../lib/gcc/arm-none-eabi/12.3.1/../../../../arm-none-eabi/lib/thumb/v7e-m+fp/hard\libc_nano.a(libc_a-stdio.o)
                0x08010ef2                __sclose
 .text.memset   0x08010efa       0x10 C:/ST/STM32CubeIDE_1.15.0/STM32CubeIDE/plugins/com.st.stm32cube.ide.mcu.externaltools.gnu-tools-for-stm32.12.3.rel1.win32_1.0.200.202406191623/tools/bin/../lib/gcc/arm-none-eabi/12.3.1/../../../../arm-none-eabi/lib/thumb/v7e-m+fp/hard\libc_nano.a(libc_a-memset.o)
                0x08010efa                memset
 *fill*         0x08010f0a        0x2 
 .text._localeconv_r
                0x08010f0c        0x8 C:/ST/STM32CubeIDE_1.15.0/STM32CubeIDE/plugins/com.st.stm32cube.ide.mcu.externaltools.gnu-tools-for-stm32.12.3.rel1.win32_1.0.200.202406191623/tools/bin/../lib/gcc/arm-none-eabi/12.3.1/../../../../arm-none-eabi/lib/thumb/v7e-m+fp/hard\libc_nano.a(libc_a-localeconv.o)
                0x08010f0c                _localeconv_r
 .text._close_r
                0x08010f14       0x20 C:/ST/STM32CubeIDE_1.15.0/STM32CubeIDE/plugins/com.st.stm32cube.ide.mcu.externaltools.gnu-tools-for-stm32.12.3.rel1.win32_1.0.200.202406191623/tools/bin/../lib/gcc/arm-none-eabi/12.3.1/../../../../arm-none-eabi/lib/thumb/v7e-m+fp/hard\libc_nano.a(libc_a-closer.o)
                0x08010f14                _close_r
 .text._lseek_r
                0x08010f34       0x24 C:/ST/STM32CubeIDE_1.15.0/STM32CubeIDE/plugins/com.st.stm32cube.ide.mcu.externaltools.gnu-tools-for-stm32.12.3.rel1.win32_1.0.200.202406191623/tools/bin/../lib/gcc/arm-none-eabi/12.3.1/../../../../arm-none-eabi/lib/thumb/v7e-m+fp/hard\libc_nano.a(libc_a-lseekr.o)
                0x08010f34                _lseek_r
 .text._read_r  0x08010f58       0x24 C:/ST/STM32CubeIDE_1.15.0/STM32CubeIDE/plugins/com.st.stm32cube.ide.mcu.externaltools.gnu-tools-for-stm32.12.3.rel1.win32_1.0.200.202406191623/tools/bin/../lib/gcc/arm-none-eabi/12.3.1/../../../../arm-none-eabi/lib/thumb/v7e-m+fp/hard\libc_nano.a(libc_a-readr.o)
                0x08010f58                _read_r
 .text._write_r
                0x08010f7c       0x24 C:/ST/STM32CubeIDE_1.15.0/STM32CubeIDE/plugins/com.st.stm32cube.ide.mcu.externaltools.gnu-tools-for-stm32.12.3.rel1.win32_1.0.200.202406191623/tools/bin/../lib/gcc/arm-none-eabi/12.3.1/../../../../arm-none-eabi/lib/thumb/v7e-m+fp/hard\libc_nano.a(libc_a-writer.o)
                0x08010f7c                _write_r
 .text.__errno  0x08010fa0        0xc C:/ST/STM32CubeIDE_1.15.0/STM32CubeIDE/plugins/com.st.stm32cube.ide.mcu.externaltools.gnu-tools-for-stm32.12.3.rel1.win32_1.0.200.202406191623/tools/bin/../lib/gcc/arm-none-eabi/12.3.1/../../../../arm-none-eabi/lib/thumb/v7e-m+fp/hard\libc_nano.a(libc_a-errno.o)
                0x08010fa0                __errno
 .text.__libc_init_array
                0x08010fac       0x48 C:/ST/STM32CubeIDE_1.15.0/STM32CubeIDE/plugins/com.st.stm32cube.ide.mcu.externaltools.gnu-tools-for-stm32.12.3.rel1.win32_1.0.200.202406191623/tools/bin/../lib/gcc/arm-none-eabi/12.3.1/../../../../arm-none-eabi/lib/thumb/v7e-m+fp/hard\libc_nano.a(libc_a-init.o)
                0x08010fac                __libc_init_array
 .text.__retarget_lock_init_recursive
                0x08010ff4        0x2 C:/ST/STM32CubeIDE_1.15.0/STM32CubeIDE/plugins/com.st.stm32cube.ide.mcu.externaltools.gnu-tools-for-stm32.12.3.rel1.win32_1.0.200.202406191623/tools/bin/../lib/gcc/arm-none-eabi/12.3.1/../../../../arm-none-eabi/lib/thumb/v7e-m+fp/hard\libc_nano.a(libc_a-lock.o)
                0x08010ff4                __retarget_lock_init_recursive
 .text.__retarget_lock_acquire_recursive
                0x08010ff6        0x2 C:/ST/STM32CubeIDE_1.15.0/STM32CubeIDE/plugins/com.st.stm32cube.ide.mcu.externaltools.gnu-tools-for-stm32.12.3.rel1.win32_1.0.200.202406191623/tools/bin/../lib/gcc/arm-none-eabi/12.3.1/../../../../arm-none-eabi/lib/thumb/v7e-m+fp/hard\libc_nano.a(libc_a-lock.o)
                0x08010ff6                __retarget_lock_acquire_recursive
 .text.__retarget_lock_release_recursive
                0x08010ff8        0x2 C:/ST/STM32CubeIDE_1.15.0/STM32CubeIDE/plugins/com.st.stm32cube.ide.mcu.externaltools.gnu-tools-for-stm32.12.3.rel1.win32_1.0.200.202406191623/tools/bin/../lib/gcc/arm-none-eabi/12.3.1/../../../../arm-none-eabi/lib/thumb/v7e-m+fp/hard\libc_nano.a(libc_a-lock.o)
                0x08010ff8                __retarget_lock_release_recursive
 .text.memcpy   0x08010ffa       0x1c C:/ST/STM32CubeIDE_1.15.0/STM32CubeIDE/plugins/com.st.stm32cube.ide.mcu.externaltools.gnu-tools-for-stm32.12.3.rel1.win32_1.0.200.202406191623/tools/bin/../lib/gcc/arm-none-eabi/12.3.1/../../../../arm-none-eabi/lib/thumb/v7e-m+fp/hard\libc_nano.a(libc_a-memcpy-stub.o)
                0x08010ffa                memcpy
 .text.quorem   0x08011016      0x110 C:/ST/STM32CubeIDE_1.15.0/STM32CubeIDE/plugins/com.st.stm32cube.ide.mcu.externaltools.gnu-tools-for-stm32.12.3.rel1.win32_1.0.200.202406191623/tools/bin/../lib/gcc/arm-none-eabi/12.3.1/../../../../arm-none-eabi/lib/thumb/v7e-m+fp/hard\libc_nano.a(libc_a-dtoa.o)
 *fill*         0x08011126        0x2 
 .text._dtoa_r  0x08011128      0xb88 C:/ST/STM32CubeIDE_1.15.0/STM32CubeIDE/plugins/com.st.stm32cube.ide.mcu.externaltools.gnu-tools-for-stm32.12.3.rel1.win32_1.0.200.202406191623/tools/bin/../lib/gcc/arm-none-eabi/12.3.1/../../../../arm-none-eabi/lib/thumb/v7e-m+fp/hard\libc_nano.a(libc_a-dtoa.o)
                0x08011128                _dtoa_r
 .text._free_r  0x08011cb0       0x94 C:/ST/STM32CubeIDE_1.15.0/STM32CubeIDE/plugins/com.st.stm32cube.ide.mcu.externaltools.gnu-tools-for-stm32.12.3.rel1.win32_1.0.200.202406191623/tools/bin/../lib/gcc/arm-none-eabi/12.3.1/../../../../arm-none-eabi/lib/thumb/v7e-m+fp/hard\libc_nano.a(libc_a-freer.o)
                0x08011cb0                _free_r
 .text.malloc   0x08011d44       0x10 C:/ST/STM32CubeIDE_1.15.0/STM32CubeIDE/plugins/com.st.stm32cube.ide.mcu.externaltools.gnu-tools-for-stm32.12.3.rel1.win32_1.0.200.202406191623/tools/bin/../lib/gcc/arm-none-eabi/12.3.1/../../../../arm-none-eabi/lib/thumb/v7e-m+fp/hard\libc_nano.a(libc_a-malloc.o)
                0x08011d44                malloc
 .text.sbrk_aligned
                0x08011d54       0x44 C:/ST/STM32CubeIDE_1.15.0/STM32CubeIDE/plugins/com.st.stm32cube.ide.mcu.externaltools.gnu-tools-for-stm32.12.3.rel1.win32_1.0.200.202406191623/tools/bin/../lib/gcc/arm-none-eabi/12.3.1/../../../../arm-none-eabi/lib/thumb/v7e-m+fp/hard\libc_nano.a(libc_a-mallocr.o)
 .text._malloc_r
                0x08011d98      0x100 C:/ST/STM32CubeIDE_1.15.0/STM32CubeIDE/plugins/com.st.stm32cube.ide.mcu.externaltools.gnu-tools-for-stm32.12.3.rel1.win32_1.0.200.202406191623/tools/bin/../lib/gcc/arm-none-eabi/12.3.1/../../../../arm-none-eabi/lib/thumb/v7e-m+fp/hard\libc_nano.a(libc_a-mallocr.o)
                0x08011d98                _malloc_r
 .text.__malloc_lock
                0x08011e98        0xc C:/ST/STM32CubeIDE_1.15.0/STM32CubeIDE/plugins/com.st.stm32cube.ide.mcu.externaltools.gnu-tools-for-stm32.12.3.rel1.win32_1.0.200.202406191623/tools/bin/../lib/gcc/arm-none-eabi/12.3.1/../../../../arm-none-eabi/lib/thumb/v7e-m+fp/hard\libc_nano.a(libc_a-mlock.o)
                0x08011e98                __malloc_lock
 .text.__malloc_unlock
                0x08011ea4        0xc C:/ST/STM32CubeIDE_1.15.0/STM32CubeIDE/plugins/com.st.stm32cube.ide.mcu.externaltools.gnu-tools-for-stm32.12.3.rel1.win32_1.0.200.202406191623/tools/bin/../lib/gcc/arm-none-eabi/12.3.1/../../../../arm-none-eabi/lib/thumb/v7e-m+fp/hard\libc_nano.a(libc_a-mlock.o)
                0x08011ea4                __malloc_unlock
 .text._Balloc  0x08011eb0       0x80 C:/ST/STM32CubeIDE_1.15.0/STM32CubeIDE/plugins/com.st.stm32cube.ide.mcu.externaltools.gnu-tools-for-stm32.12.3.rel1.win32_1.0.200.202406191623/tools/bin/../lib/gcc/arm-none-eabi/12.3.1/../../../../arm-none-eabi/lib/thumb/v7e-m+fp/hard\libc_nano.a(libc_a-mprec.o)
                0x08011eb0                _Balloc
 .text._Bfree   0x08011f30       0x44 C:/ST/STM32CubeIDE_1.15.0/STM32CubeIDE/plugins/com.st.stm32cube.ide.mcu.externaltools.gnu-tools-for-stm32.12.3.rel1.win32_1.0.200.202406191623/tools/bin/../lib/gcc/arm-none-eabi/12.3.1/../../../../arm-none-eabi/lib/thumb/v7e-m+fp/hard\libc_nano.a(libc_a-mprec.o)
                0x08011f30                _Bfree
 .text.__multadd
                0x08011f74       0x8c C:/ST/STM32CubeIDE_1.15.0/STM32CubeIDE/plugins/com.st.stm32cube.ide.mcu.externaltools.gnu-tools-for-stm32.12.3.rel1.win32_1.0.200.202406191623/tools/bin/../lib/gcc/arm-none-eabi/12.3.1/../../../../arm-none-eabi/lib/thumb/v7e-m+fp/hard\libc_nano.a(libc_a-mprec.o)
                0x08011f74                __multadd
 .text.__hi0bits
                0x08012000       0x3e C:/ST/STM32CubeIDE_1.15.0/STM32CubeIDE/plugins/com.st.stm32cube.ide.mcu.externaltools.gnu-tools-for-stm32.12.3.rel1.win32_1.0.200.202406191623/tools/bin/../lib/gcc/arm-none-eabi/12.3.1/../../../../arm-none-eabi/lib/thumb/v7e-m+fp/hard\libc_nano.a(libc_a-mprec.o)
                0x08012000                __hi0bits
 .text.__lo0bits
                0x0801203e       0x5a C:/ST/STM32CubeIDE_1.15.0/STM32CubeIDE/plugins/com.st.stm32cube.ide.mcu.externaltools.gnu-tools-for-stm32.12.3.rel1.win32_1.0.200.202406191623/tools/bin/../lib/gcc/arm-none-eabi/12.3.1/../../../../arm-none-eabi/lib/thumb/v7e-m+fp/hard\libc_nano.a(libc_a-mprec.o)
                0x0801203e                __lo0bits
 .text.__i2b    0x08012098       0x2c C:/ST/STM32CubeIDE_1.15.0/STM32CubeIDE/plugins/com.st.stm32cube.ide.mcu.externaltools.gnu-tools-for-stm32.12.3.rel1.win32_1.0.200.202406191623/tools/bin/../lib/gcc/arm-none-eabi/12.3.1/../../../../arm-none-eabi/lib/thumb/v7e-m+fp/hard\libc_nano.a(libc_a-mprec.o)
                0x08012098                __i2b
 .text.__multiply
                0x080120c4      0x154 C:/ST/STM32CubeIDE_1.15.0/STM32CubeIDE/plugins/com.st.stm32cube.ide.mcu.externaltools.gnu-tools-for-stm32.12.3.rel1.win32_1.0.200.202406191623/tools/bin/../lib/gcc/arm-none-eabi/12.3.1/../../../../arm-none-eabi/lib/thumb/v7e-m+fp/hard\libc_nano.a(libc_a-mprec.o)
                0x080120c4                __multiply
 .text.__pow5mult
                0x08012218       0xb4 C:/ST/STM32CubeIDE_1.15.0/STM32CubeIDE/plugins/com.st.stm32cube.ide.mcu.externaltools.gnu-tools-for-stm32.12.3.rel1.win32_1.0.200.202406191623/tools/bin/../lib/gcc/arm-none-eabi/12.3.1/../../../../arm-none-eabi/lib/thumb/v7e-m+fp/hard\libc_nano.a(libc_a-mprec.o)
                0x08012218                __pow5mult
 .text.__lshift
                0x080122cc       0xd8 C:/ST/STM32CubeIDE_1.15.0/STM32CubeIDE/plugins/com.st.stm32cube.ide.mcu.externaltools.gnu-tools-for-stm32.12.3.rel1.win32_1.0.200.202406191623/tools/bin/../lib/gcc/arm-none-eabi/12.3.1/../../../../arm-none-eabi/lib/thumb/v7e-m+fp/hard\libc_nano.a(libc_a-mprec.o)
                0x080122cc                __lshift
 .text.__mcmp   0x080123a4       0x36 C:/ST/STM32CubeIDE_1.15.0/STM32CubeIDE/plugins/com.st.stm32cube.ide.mcu.externaltools.gnu-tools-for-stm32.12.3.rel1.win32_1.0.200.202406191623/tools/bin/../lib/gcc/arm-none-eabi/12.3.1/../../../../arm-none-eabi/lib/thumb/v7e-m+fp/hard\libc_nano.a(libc_a-mprec.o)
                0x080123a4                __mcmp
 *fill*         0x080123da        0x2 
 .text.__mdiff  0x080123dc      0x128 C:/ST/STM32CubeIDE_1.15.0/STM32CubeIDE/plugins/com.st.stm32cube.ide.mcu.externaltools.gnu-tools-for-stm32.12.3.rel1.win32_1.0.200.202406191623/tools/bin/../lib/gcc/arm-none-eabi/12.3.1/../../../../arm-none-eabi/lib/thumb/v7e-m+fp/hard\libc_nano.a(libc_a-mprec.o)
                0x080123dc                __mdiff
 .text.__d2b    0x08012504       0xb0 C:/ST/STM32CubeIDE_1.15.0/STM32CubeIDE/plugins/com.st.stm32cube.ide.mcu.externaltools.gnu-tools-for-stm32.12.3.rel1.win32_1.0.200.202406191623/tools/bin/../lib/gcc/arm-none-eabi/12.3.1/../../../../arm-none-eabi/lib/thumb/v7e-m+fp/hard\libc_nano.a(libc_a-mprec.o)
                0x08012504                __d2b
 .text.__sflush_r
                0x080125b4      0x108 C:/ST/STM32CubeIDE_1.15.0/STM32CubeIDE/plugins/com.st.stm32cube.ide.mcu.externaltools.gnu-tools-for-stm32.12.3.rel1.win32_1.0.200.202406191623/tools/bin/../lib/gcc/arm-none-eabi/12.3.1/../../../../arm-none-eabi/lib/thumb/v7e-m+fp/hard\libc_nano.a(libc_a-fflush.o)
                0x080125b4                __sflush_r
 .text._fflush_r
                0x080126bc       0x50 C:/ST/STM32CubeIDE_1.15.0/STM32CubeIDE/plugins/com.st.stm32cube.ide.mcu.externaltools.gnu-tools-for-stm32.12.3.rel1.win32_1.0.200.202406191623/tools/bin/../lib/gcc/arm-none-eabi/12.3.1/../../../../arm-none-eabi/lib/thumb/v7e-m+fp/hard\libc_nano.a(libc_a-fflush.o)
                0x080126bc                _fflush_r
 .text._sbrk_r  0x0801270c       0x20 C:/ST/STM32CubeIDE_1.15.0/STM32CubeIDE/plugins/com.st.stm32cube.ide.mcu.externaltools.gnu-tools-for-stm32.12.3.rel1.win32_1.0.200.202406191623/tools/bin/../lib/gcc/arm-none-eabi/12.3.1/../../../../arm-none-eabi/lib/thumb/v7e-m+fp/hard\libc_nano.a(libc_a-sbrkr.o)
                0x0801270c                _sbrk_r
 .text.__assert_func
                0x0801272c       0x3c C:/ST/STM32CubeIDE_1.15.0/STM32CubeIDE/plugins/com.st.stm32cube.ide.mcu.externaltools.gnu-tools-for-stm32.12.3.rel1.win32_1.0.200.202406191623/tools/bin/../lib/gcc/arm-none-eabi/12.3.1/../../../../arm-none-eabi/lib/thumb/v7e-m+fp/hard\libc_nano.a(libc_a-assert.o)
                0x0801272c                __assert_func
 .text._calloc_r
                0x08012768       0x28 C:/ST/STM32CubeIDE_1.15.0/STM32CubeIDE/plugins/com.st.stm32cube.ide.mcu.externaltools.gnu-tools-for-stm32.12.3.rel1.win32_1.0.200.202406191623/tools/bin/../lib/gcc/arm-none-eabi/12.3.1/../../../../arm-none-eabi/lib/thumb/v7e-m+fp/hard\libc_nano.a(libc_a-callocr.o)
                0x08012768                _calloc_r
 .text.__ascii_mbtowc
                0x08012790       0x24 C:/ST/STM32CubeIDE_1.15.0/STM32CubeIDE/plugins/com.st.stm32cube.ide.mcu.externaltools.gnu-tools-for-stm32.12.3.rel1.win32_1.0.200.202406191623/tools/bin/../lib/gcc/arm-none-eabi/12.3.1/../../../../arm-none-eabi/lib/thumb/v7e-m+fp/hard\libc_nano.a(libc_a-mbtowc_r.o)
                0x08012790                __ascii_mbtowc
 .text.__ascii_wctomb
                0x080127b4       0x1a C:/ST/STM32CubeIDE_1.15.0/STM32CubeIDE/plugins/com.st.stm32cube.ide.mcu.externaltools.gnu-tools-for-stm32.12.3.rel1.win32_1.0.200.202406191623/tools/bin/../lib/gcc/arm-none-eabi/12.3.1/../../../../arm-none-eabi/lib/thumb/v7e-m+fp/hard\libc_nano.a(libc_a-wctomb_r.o)
                0x080127b4                __ascii_wctomb
 *fill*         0x080127ce        0x2 
 .text.fprintf  0x080127d0       0x24 C:/ST/STM32CubeIDE_1.15.0/STM32CubeIDE/plugins/com.st.stm32cube.ide.mcu.externaltools.gnu-tools-for-stm32.12.3.rel1.win32_1.0.200.202406191623/tools/bin/../lib/gcc/arm-none-eabi/12.3.1/../../../../arm-none-eabi/lib/thumb/v7e-m+fp/hard\libc_nano.a(libc_a-fprintf.o)
                0x080127d0                fiprintf
                0x080127d0                fprintf
 .text.abort    0x080127f4        0xe C:/ST/STM32CubeIDE_1.15.0/STM32CubeIDE/plugins/com.st.stm32cube.ide.mcu.externaltools.gnu-tools-for-stm32.12.3.rel1.win32_1.0.200.202406191623/tools/bin/../lib/gcc/arm-none-eabi/12.3.1/../../../../arm-none-eabi/lib/thumb/v7e-m+fp/hard\libc_nano.a(libc_a-abort.o)
                0x080127f4                abort
 .text.__sfputc_r
                0x08012802       0x2e C:/ST/STM32CubeIDE_1.15.0/STM32CubeIDE/plugins/com.st.stm32cube.ide.mcu.externaltools.gnu-tools-for-stm32.12.3.rel1.win32_1.0.200.202406191623/tools/bin/../lib/gcc/arm-none-eabi/12.3.1/../../../../arm-none-eabi/lib/thumb/v7e-m+fp/hard\libc_nano.a(libc_a-nano-vfprintf.o)
 .text.__sfputs_r
                0x08012830       0x24 C:/ST/STM32CubeIDE_1.15.0/STM32CubeIDE/plugins/com.st.stm32cube.ide.mcu.externaltools.gnu-tools-for-stm32.12.3.rel1.win32_1.0.200.202406191623/tools/bin/../lib/gcc/arm-none-eabi/12.3.1/../../../../arm-none-eabi/lib/thumb/v7e-m+fp/hard\libc_nano.a(libc_a-nano-vfprintf.o)
                0x08012830                __sfputs_r
 .text._vfprintf_r
                0x08012854      0x230 C:/ST/STM32CubeIDE_1.15.0/STM32CubeIDE/plugins/com.st.stm32cube.ide.mcu.externaltools.gnu-tools-for-stm32.12.3.rel1.win32_1.0.200.202406191623/tools/bin/../lib/gcc/arm-none-eabi/12.3.1/../../../../arm-none-eabi/lib/thumb/v7e-m+fp/hard\libc_nano.a(libc_a-nano-vfprintf.o)
                0x08012854                _vfprintf_r
                0x08012854                _vfiprintf_r
 .text.__swbuf_r
                0x08012a84       0x7c C:/ST/STM32CubeIDE_1.15.0/STM32CubeIDE/plugins/com.st.stm32cube.ide.mcu.externaltools.gnu-tools-for-stm32.12.3.rel1.win32_1.0.200.202406191623/tools/bin/../lib/gcc/arm-none-eabi/12.3.1/../../../../arm-none-eabi/lib/thumb/v7e-m+fp/hard\libc_nano.a(libc_a-wbuf.o)
                0x08012a84                __swbuf_r
 .text.__swsetup_r
                0x08012b00       0xac C:/ST/STM32CubeIDE_1.15.0/STM32CubeIDE/plugins/com.st.stm32cube.ide.mcu.externaltools.gnu-tools-for-stm32.12.3.rel1.win32_1.0.200.202406191623/tools/bin/../lib/gcc/arm-none-eabi/12.3.1/../../../../arm-none-eabi/lib/thumb/v7e-m+fp/hard\libc_nano.a(libc_a-wsetup.o)
                0x08012b00                __swsetup_r
 .text._raise_r
                0x08012bac       0x50 C:/ST/STM32CubeIDE_1.15.0/STM32CubeIDE/plugins/com.st.stm32cube.ide.mcu.externaltools.gnu-tools-for-stm32.12.3.rel1.win32_1.0.200.202406191623/tools/bin/../lib/gcc/arm-none-eabi/12.3.1/../../../../arm-none-eabi/lib/thumb/v7e-m+fp/hard\libc_nano.a(libc_a-signal.o)
                0x08012bac                _raise_r
 .text.raise    0x08012bfc       0x10 C:/ST/STM32CubeIDE_1.15.0/STM32CubeIDE/plugins/com.st.stm32cube.ide.mcu.externaltools.gnu-tools-for-stm32.12.3.rel1.win32_1.0.200.202406191623/tools/bin/../lib/gcc/arm-none-eabi/12.3.1/../../../../arm-none-eabi/lib/thumb/v7e-m+fp/hard\libc_nano.a(libc_a-signal.o)
                0x08012bfc                raise
 .text._kill_r  0x08012c0c       0x24 C:/ST/STM32CubeIDE_1.15.0/STM32CubeIDE/plugins/com.st.stm32cube.ide.mcu.externaltools.gnu-tools-for-stm32.12.3.rel1.win32_1.0.200.202406191623/tools/bin/../lib/gcc/arm-none-eabi/12.3.1/../../../../arm-none-eabi/lib/thumb/v7e-m+fp/hard\libc_nano.a(libc_a-signalr.o)
                0x08012c0c                _kill_r
 .text._getpid_r
                0x08012c30        0x4 C:/ST/STM32CubeIDE_1.15.0/STM32CubeIDE/plugins/com.st.stm32cube.ide.mcu.externaltools.gnu-tools-for-stm32.12.3.rel1.win32_1.0.200.202406191623/tools/bin/../lib/gcc/arm-none-eabi/12.3.1/../../../../arm-none-eabi/lib/thumb/v7e-m+fp/hard\libc_nano.a(libc_a-signalr.o)
                0x08012c30                _getpid_r
 .text.__swhatbuf_r
                0x08012c34       0x4c C:/ST/STM32CubeIDE_1.15.0/STM32CubeIDE/plugins/com.st.stm32cube.ide.mcu.externaltools.gnu-tools-for-stm32.12.3.rel1.win32_1.0.200.202406191623/tools/bin/../lib/gcc/arm-none-eabi/12.3.1/../../../../arm-none-eabi/lib/thumb/v7e-m+fp/hard\libc_nano.a(libc_a-makebuf.o)
                0x08012c34                __swhatbuf_r
 .text.__smakebuf_r
                0x08012c80       0x78 C:/ST/STM32CubeIDE_1.15.0/STM32CubeIDE/plugins/com.st.stm32cube.ide.mcu.externaltools.gnu-tools-for-stm32.12.3.rel1.win32_1.0.200.202406191623/tools/bin/../lib/gcc/arm-none-eabi/12.3.1/../../../../arm-none-eabi/lib/thumb/v7e-m+fp/hard\libc_nano.a(libc_a-makebuf.o)
                0x08012c80                __smakebuf_r
 .text._fstat_r
                0x08012cf8       0x24 C:/ST/STM32CubeIDE_1.15.0/STM32CubeIDE/plugins/com.st.stm32cube.ide.mcu.externaltools.gnu-tools-for-stm32.12.3.rel1.win32_1.0.200.202406191623/tools/bin/../lib/gcc/arm-none-eabi/12.3.1/../../../../arm-none-eabi/lib/thumb/v7e-m+fp/hard\libc_nano.a(libc_a-fstatr.o)
                0x08012cf8                _fstat_r
 .text._isatty_r
                0x08012d1c       0x20 C:/ST/STM32CubeIDE_1.15.0/STM32CubeIDE/plugins/com.st.stm32cube.ide.mcu.externaltools.gnu-tools-for-stm32.12.3.rel1.win32_1.0.200.202406191623/tools/bin/../lib/gcc/arm-none-eabi/12.3.1/../../../../arm-none-eabi/lib/thumb/v7e-m+fp/hard\libc_nano.a(libc_a-isattyr.o)
                0x08012d1c                _isatty_r
 .text.pow      0x08012d3c       0xe0 C:/ST/STM32CubeIDE_1.15.0/STM32CubeIDE/plugins/com.st.stm32cube.ide.mcu.externaltools.gnu-tools-for-stm32.12.3.rel1.win32_1.0.200.202406191623/tools/bin/../lib/gcc/arm-none-eabi/12.3.1/../../../../arm-none-eabi/lib/thumb/v7e-m+fp/hard\libm.a(libm_a-w_pow.o)
                0x08012d3c                pow
 .text.sqrtf    0x08012e1c       0x3c C:/ST/STM32CubeIDE_1.15.0/STM32CubeIDE/plugins/com.st.stm32cube.ide.mcu.externaltools.gnu-tools-for-stm32.12.3.rel1.win32_1.0.200.202406191623/tools/bin/../lib/gcc/arm-none-eabi/12.3.1/../../../../arm-none-eabi/lib/thumb/v7e-m+fp/hard\libm.a(libm_a-wf_sqrt.o)
                0x08012e1c                sqrtf
 .text.finite   0x08012e58       0x16 C:/ST/STM32CubeIDE_1.15.0/STM32CubeIDE/plugins/com.st.stm32cube.ide.mcu.externaltools.gnu-tools-for-stm32.12.3.rel1.win32_1.0.200.202406191623/tools/bin/../lib/gcc/arm-none-eabi/12.3.1/../../../../arm-none-eabi/lib/thumb/v7e-m+fp/hard\libm.a(libm_a-s_finite.o)