../Core/Src/CommonMath/filters.c:20:7:pt1FilterGain	24	static
../Core/Src/CommonMath/filters.c:27:7:pt1FilterGainFromDelay	24	static
../Core/Src/CommonMath/filters.c:38:6:pt1FilterInit	16	static
../Core/Src/CommonMath/filters.c:44:6:pt1FilterUpdateCutoff	16	static
../Core/Src/CommonMath/filters.c:49:7:pt1FilterApply	16	static
../Core/Src/CommonMath/filters.c:73:7:pt2FilterGain	16	static
../Core/Src/CommonMath/filters.c:83:7:pt2FilterGainFromDelay	24	static
../Core/Src/CommonMath/filters.c:94:6:pt2FilterInit	16	static
../Core/Src/CommonMath/filters.c:101:6:pt2FilterUpdateCutoff	16	static
../Core/Src/CommonMath/filters.c:106:7:pt2FilterApply	16	static
../Core/Src/CommonMath/filters.c:117:7:pt3FilterGain	16	static
../Core/Src/CommonMath/filters.c:127:7:pt3FilterGainFromDelay	24	static
../Core/Src/CommonMath/filters.c:138:6:pt3FilterInit	16	static
../Core/Src/CommonMath/filters.c:146:6:pt3FilterUpdateCutoff	16	static
../Core/Src/CommonMath/filters.c:151:7:pt3FilterApply	16	static
../Core/Src/CommonMath/filters.c:159:6:ComplementaryFilterInit	16	static
../Core/Src/CommonMath/filters.c:164:7:ComplementaryFilter	24	static
../Core/Src/CommonMath/filters.c:173:6:laggedMovingAverageInit	24	static
../Core/Src/CommonMath/filters.c:183:7:laggedMovingAverageUpdate	24	static
