../Core/Src/CommonMath/streambuf.c:14:9:sbufInit	24	static
../Core/Src/CommonMath/streambuf.c:21:6:sbufWriteU8	16	static
../Core/Src/CommonMath/streambuf.c:26:6:sbufWriteU16	16	static
../Core/Src/CommonMath/streambuf.c:32:6:sbufWriteU32	16	static
../Core/Src/CommonMath/streambuf.c:40:6:sbufWriteU16BigEndian	16	static
../Core/Src/CommonMath/streambuf.c:46:6:sbufWriteU32BigEndian	16	static
../Core/Src/CommonMath/streambuf.c:54:6:sbufFill	24	static
../Core/Src/CommonMath/streambuf.c:60:6:sbufWriteData	24	static
../Core/Src/CommonMath/streambuf.c:66:6:sbufWriteDataSafe	24	static
../Core/Src/CommonMath/streambuf.c:77:6:sbufWriteString	16	static
../Core/Src/CommonMath/streambuf.c:82:6:sbufWriteStringWithZeroTerminator	16	static
../Core/Src/CommonMath/streambuf.c:87:9:sbufReadU8	16	static
../Core/Src/CommonMath/streambuf.c:92:8:sbufReadI8	16	static
../Core/Src/CommonMath/streambuf.c:97:10:sbufReadU16	24	static
../Core/Src/CommonMath/streambuf.c:105:10:sbufReadU32	24	static
../Core/Src/CommonMath/streambuf.c:115:6:sbufReadData	24	static
../Core/Src/CommonMath/streambuf.c:120:6:sbufReadU8Safe	24	static
../Core/Src/CommonMath/streambuf.c:132:6:sbufReadI8Safe	16	static
../Core/Src/CommonMath/streambuf.c:137:6:sbufReadU16Safe	24	static
../Core/Src/CommonMath/streambuf.c:149:6:sbufReadI16Safe	16	static
../Core/Src/CommonMath/streambuf.c:154:6:sbufReadU32Safe	24	static
../Core/Src/CommonMath/streambuf.c:166:6:sbufReadI32Safe	16	static
../Core/Src/CommonMath/streambuf.c:171:6:sbufReadDataSafe	24	static
../Core/Src/CommonMath/streambuf.c:182:5:sbufBytesRemaining	16	static
../Core/Src/CommonMath/streambuf.c:187:10:sbufPtr	16	static
../Core/Src/CommonMath/streambuf.c:192:16:sbufConstPtr	16	static
../Core/Src/CommonMath/streambuf.c:200:6:sbufAdvance	16	static
../Core/Src/CommonMath/streambuf.c:206:6:sbufSwitchToReader	16	static
