../Core/Src/ICM42688P.c:77:6:ICM42688_SPI_CS_LOW	8	static
../Core/Src/ICM42688P.c:82:6:ICM42688_SPI_CS_HIGH	8	static
../Core/Src/ICM42688P.c:87:9:ICM42688_SPI_Transfer	32	static
../Core/Src/ICM42688P.c:94:6:ICM42688_SPI_Read	32	static
../Core/Src/ICM42688P.c:105:6:ICM42688_SPI_Write	16	static
../Core/Src/ICM42688P.c:113:6:ICM42688_SPI1_DMA__READ	16	static
../Core/Src/ICM42688P.c:121:9:ICM42688_WHO_AM_I_Test	16	static
../Core/Src/ICM42688P.c:128:9:Data_Ready	16	static
../Core/Src/ICM42688P.c:140:5:Set_ACCEL_Para	32	static
../Core/Src/ICM42688P.c:163:5:Set_GYRO_Para	32	static
../Core/Src/ICM42688P.c:201:6:ICM42688_Init	64	static
../Core/Src/ICM42688P.c:317:6:ICM42688_ReadAccelGyroData	32	static
../Core/Src/ICM42688P.c:336:6:ICM42688_ReadAccData	24	static
../Core/Src/ICM42688P.c:351:6:ICM42688_ReadGyroData	24	static
../Core/Src/ICM42688P.c:373:6:Accel_Angle_Convert	24	static
../Core/Src/ICM42688P.c:397:6:Gyro_Angle_Convert	16	static
../Core/Src/ICM42688P.c:418:6:ACCEL_GYRO_Angle_Convert	24	static
../Core/Src/ICM42688P.c:434:6:Complementary_Angle_Apply	16	static
../Core/Src/ICM42688P.c:455:6:fixRate_to_eulerRated	16	static
../Core/Src/ICM42688P.c:463:6:ICM42688_GetVelocity	24	static
