../Core/Src/main.c:133:6:HAL_UARTEx_RxEventCallback	16	static
../Core/Src/main.c:183:6:HAL_UART_ErrorCallback	16	static
../Core/Src/main.c:214:6:HAL_ADC_ConvCpltCallback	24	static
../Core/Src/main.c:229:6:HAL_TIM_PeriodElapsedCallback	16	static
../Core/Src/main.c:241:6:HAL_GPIO_EXTI_Callback	56	static,ignoring_inline_asm
../Core/Src/main.c:354:6:PROCCESS_PID	24	static
../Core/Src/main.c:493:5:main	8	static,ignoring_inline_asm
../Core/Src/main.c:611:6:SystemClock_Config	88	static
../Core/Src/main.c:665:6:MPU_Config	24	static
../Core/Src/main.c:696:6:Error_Handler	4	static,ignoring_inline_asm
